Gll^Fp, Gll^Fds, Gll^Fms, Gll^Fds, Gll^Fp, Gll^Fmf, Gll^Fmf, Hh, Mm, Mm, Mm, Mm, Mm, Mm, Mm, Hh, Hhd, Hhd, Hhd, Hhd, Hhd, Hhd, Hhd, Hhd, Hhd, Hhd, Hhd, Hhd, Hhd, Hhd, Rd, Hh, Hh, Hh, Mm, Mm, Mm, Mm, Ms^Xm, Ms^Xm, Ms^Xm, Ms^Xm, Ms^Xm, Ms^Xm, Ms^Xm, Ms^Xm, Ms^Xm, Ms^Xm, Ms^Xm, Ms^Xm, Ms^Xm, Ms^Xm, Ms^Xm, Ms^Xm
Gll^Fds, Gll^Fmf, Gll^Fms, Gll^Fp, Gll^Fmf, Gll^Fmf, Hhd, Gll^Fp, Gll^Fp, Mm, Mm, Mm, Mm, Mm, Hhd^Ecf, Hhd, Hhd, Hhd, Hhd, Hhd, Hhd^Vct, Hhd, Hhd^Edt, Hh, Hhd, Hhd, Rd, Rd, Rd, Rd, Hh, Hh, Hh, Hh, Mm, Mm, Ms^Xm, Ms^Xm, Ms^Xm, Ms^Xm, Ms^Xm, Ms^Xm, Ms^Xm, Ms^Xm, Mm, Ms^Xm, Ms^Xm, Ms^Xm, Ms^Xm, Ms^Xm, Ms^Xm, Ms^Xm, Ms^Xm, Ms^Xm
Mm, Gll^Fms, Mm, Gll^Fmf, Gll^Fms, Hhd, Hhd^Vhhr, Gll^Fp, Gll^Fmf, Mm, Mm, Mm, Hh, Mm, Hhd^Edt, Hhd, Cer, Cer, Cer, Hhd, Hhd, Hhd^Edt, Hhd, Hhd, Rd, Rd, Hh^Vhhr, Hh, Hh, Hh, Hh, Hh, Mm, Mm, Mm, Mm, Mm, Mm, Mm, Mm, Mm, Ms^Xm, Mm, Mm, Mm, Mm, Mm, Ms^Xm, Ms^Xm, Ms^Xm, Ms^Xm, Ms^Xm, Ms^Xm, Ms^Xm
Mm, Mm, Mm, Gll^Fmf, Hhd, Hhd, Hhd, Hhd, Hhd^Fms, Mm, Hh, Hh, Hhd^Vct, Hhd^Vct, Hhd^Edt, Hhd^Edt, Cer, 5 Cer^Kov, Cer, Cer, Hhd, Hhd, Hhd, Hhd, Rd, Hh, Hh, Hh, Mm, Mm, Mm, Mm, Mm, Mm, Mm, Mm, Ha, Mm, Mm, Mm, Mm, Wwg^Es, Wwg^Es, Mm, Mm, Mm, Ms^Xm, Ms^Xm, Ms^Xm, Ms^Xm, Ms^Xm, Ms^Xm, Mm, Mm
Mm, Mm, Mm, Mm, Mm, Hhd, Hhd^Fp, Hhd^Fp, Hhd^Fmf, Hhd^Fp, Hh^Fp, Hh, Hhd, Hhd^Edt, Hhd, Cer, Cer, Cer, Hhd, Hhd, Hhd^Edt, Hhd^Vct, Hhd, Rd, Hh, Hh, Hh, Hh, Mm, Mm, Mm, Mm, Mm, Mm, Wwg^Es, Mm, Ha, Ha, Mm, Mm, Mm, Mm, Wwg^Es, Mm, Mm, Mm, Ms^Xm, Ms^Xm, Ms^Xm, Ms^Xm, Mm, Mm, Mm, Mm
Mm, Mm, Mm, Mm, Mm, Hhd^Fp, Mm, Hhd^Fp, Hhd^Fmf, Hhd^Fmf, Hh, Hh, Hh, Hh, Hhd^Vct, Hhd^Edt, Hhd^Edt, Hhd, Hhd^Ecf, Hhd, Hhd^Edt, Hhd^Edt, Hh, Rd, Hh, Hh^Fp, Gll^Fp, Hh^Fp, Hh^Fp, Hh^Fp, Hh^Fp, Mm, Hh^Fp, Mm, Hh^Fp, Wwg^Es, Hh, Ha, Hh^Vea, Mm, Mm, Wwg^Es, Mm, Mm, Mm, Mm, Mm, Wwg^Es, Mm, Ms^Xm, Ms^Xm, Mm, Mm, Mm
Ms^Xm, Mm, Ms^Xm, Mm, Mm, Mm, Mm, Hh^Fmf, Hhd^Fmf, Hhd^Fp, Hh, Hh, Hh, Hh, Hh, Hhd^Edt, Hh, Hh, Hh, Hh, Hh, Hh, Gll^Fp, Gs, Hh, Hh^Fp, Gll^Fp, Hh^Fp, Gll^Fmw, Gll^Fp, Hh^Fp, Hh^Fp, Hh^Fp, Hh^Fp, Hh^Fp, Wwf^Es, Wwg^Es, Hh, Hh, Hh, Wwg^Es, Wwf^Es, Ha, Ha, Mm, Mm, Wwg^Es, Wwg^Es, Mm, Mm, Ms^Xm, Ms^Xm, Mm, Mm
Ms^Xm, Ms^Xm, Ms^Xm, Mm, Mm, Mm, Mm, Mm, Hhd^Fmf, Hhd^Fp, Hh^Vhhr, Hh, Hh, Hh, Hh, Hh, Hh, Hh, Hh^Fp, Hh, Hh^Fp, Hh, Gll^Fmf, Gs, Gs^Fp, Gll^Fp, Gll^Fp, Gll^Fp, Gll^Fmw, Gll^Fmw, Hh^Fp, Hh^Fp, Hh, Hh^Fp, Hh^Fp, Hh^Fp, Hh^Fp, Wwg, Ww, Ww, Ww, Hh, Hh, Hh^Vea, Mm, Mm, Wwg^Es, Mm, Mm, Mm, Mm, Mm, Mm, Mm
Ms^Xm, Ms^Xm, Ms^Xm, Ms^Xm, Ms^Xm, Mm, Mm, Hhd^Fp, Hhd^Fp, Hh^Fp, Hh^Fmf, Hh^Fp, Hh, Hh, Gs^Es, Gs^Es, Hh, Hh, Gll^Fmf, Hh^Fp, Gll^Fp, Hh, Gs^Fms, Gs, Gs, Gll^Fp, Gll^Fp, Gll^Fp, Gll^Fp, Gll^Fp, Gg^Ve, Hh^Fp, Hh^Fp, Hh^Fp, Gll^Fp, Hh^Fp, Wwr, Hh, Ww, Ww, Ww, Ww, Hh, Mm, Wwf^Es, Wwg^Es, Mm, Mm, Mm, Mm, Mm, Mm, Mm, Mm
Mm, Ms^Xm, Ms^Xm, Ms^Xm, Mm, Mm, Mm, Mm, Mm, Mm, Mm, Hh^Fmf, Hh^Fp, Gs^Es, Gg^Es, Gs^Es, Gs, Hh^Fp, Gg^Fp, Gll^Fms, Gll^Fms, Gll^Fp, Gll^Fp, Gll^Fp, Gs, Gll^Fp, Gll^Fp, Gll^Fmw, Gll^Fp, Gll^Efm, Ww^Ewf, Gll^Fp, Gll^Fp, Hh^Fp, Gg^Fp, Gll^Fp, Ww, Ww, Ww, Wo, Wo, Ww, Ww, Wwg, Ha, Ha, Mm, Mm, Mm, Mm, Mm, Mm, Mm, Mm
Mm, Mm, Ms^Xm, Ms^Xm, Mm, Mm^Vhhr, Mm, Mm, Mm, Mm, Hh^Fp, Hh^Fmf, Hh^Fp, Gs, Gg, Gg^Es, Gll^Fp, Gg^Fms, Gll^Fp, Gll^Fms, Gs^Fp, Gll^Fmw, Gg^Fp, Gll^Fmw, Gg^Ve, Gll^Fp, Gll^Fp, Gll^Fp, Gll^Fp, Gll^Fp, Gs^Fms, Gll^Fp, Gll^Fp, Gll^Fp, Ww, Ww, Wo, Wo, Wo, Wo, Ww, Wo, Ww, Hh, Hh, Mm^Vea, Mm, Mm, Mm, Mm, Mm, Mm, Mm, Mm
Mm, Mm, Mm, Ms^Xm, Ms^Xm, Mm, Mm, Mm, Mm, Mm, Hh^Fmf, Hh^Fp, Gs, Gs, Gs, Gs, Gll^Fms, Gll^Fp, Gg^Ve, Gll^Fp, Gll^Fp, Gg^Fp, Gg^Efm, Gg^Fp, Gs, Gll^Fmw, Gll^Fp, Gll^Fp, Gll^Fp, Gll^Fmw, Gll^Fp, Gll^Fp, Gll^Fp, Ww, Ww, Ww, Ww, Ww, Ww, Ww, Hh, Ww, Hh, Wwg, Hh, Hh, Mm, Mm, Mm, Mm, Mm, Mm, Ms^Xm, Mm
Mm, Mm, Mm, Mm, Mm, Mm, Mm, Mm^Vhhr, Mm, Mm, Hh, Hh^Fmf, Hh^Fp, Hh^Fp, Hh^Fp, Gll^Fms, Gll^Fms, Gll^Fp, Gll^Fp, Gll^Fp, Gs^Fp, Gg^Efm, Gg^Fet, Gg^Efm, Gll^Fp, Gs, Gs, Gll^Fp, Gll^Fp, Gll^Fp, Gll^Fp, Gll^Fp, Ww, Ww, Gll^Fmw, Gll^Fp, Gll^Fmw, Ww, Hh^Fp, Wwr, Hh, Hh, Hh, Wwr^Es, Wwf^Es, Mm, Mm, Mm, Mm, Mm, Mm, Mm, Mm, Ms^Xm
Mm, Mm, Mm, Mm, Mm, Mm, Mm, Mm, Mm, Hh^Fp, Hh, Hh^Fp, Mm, Mm, Gll^Fp, Gll^Fp, Gll^Fmw, Gll^Fp, Ww, Gll^Fp, Gll^Fp, Gg^Efm, Gg^Efm, Gg^Efm, Gll^Fp, Gll^Fp, Gs, Gll^Ve, Gll^Fmw, Gll^Fp, Gll^Fp, Gll^Fp, Ww, Ww, Gll^Fp, Gll^Fp, Gll^Fmw, Gll^Fmw, Hh^Fp, Hh^Fp, Hh^Fmw, Hh^Ve, Hh^Fmw, Hh, Mm, Wwg^Es, Mm, Mm, Mm, Mm, Mm, Mm, Ms^Xm, Ms^Xm
Mm, Mm, Mm, Hh, Mm, Mm, Mm, Mm, Hh^Fp, Hh, Mm, Mm, Mm, Mm, Mm, Gll^Fmw, Gll^Fp, Wwrg, Ww, Ww, Gll^Fp, Gll^Fp, Gll^Fp, Gll^Fmw, Gll^Fp, Gll^Fp, Gll^Fmw, Gs, Wwf^Bsb\, Ww, Wwr, Ww, Ww, Gll^Fp, Gll^Fp, Gd^Fp, Gd^Fp, Hh^Fp, Hh^Fmw, Hh^Fmw, Hh^Feth, Hh^Fmw, Hh^Fmw, Hh, Mm, Wwg^Es, Wwg^Es, Mm, Mm, Mm, Mm, Mm, Ms^Xm, Ms^Xm
Hh, Hh, Hh, Mm, Hh, Mm, Hh, Mm, Gs^Es, Hh, Mm, Mm, Mm, Mm, Mm, Gll^Fp, Gll^Fp, Gll^Fp, Gll^Fp, Gll^Fmw, Gll^Fp, Gll^Fmw, Gll^Fp, Gll^Fp, Gll^Fp, Gll^Fp, Ww, Ww, Wwr, Cv^Fp, Cv^Fp, Ww, Gll^Fp, Gll^Fp, Gg^Ve, Gs^Fp, Gll^Fp, Gll^Fp, Hh^Fmw, Hh, Hh, Hh^Fmw, Hh^Fp, Hh, Hh, Mm, Mm, Mm, Mm, Ms^Xm, Ms^Xm, Ms^Xm, Ms^Xm, Ms^Xm
Hh, Hh, Hh, Hh, Hh, Hh, Hh, Hh, Gs^Es, Gs^Es, Hh, Mm, Mm, Mm, Mm, Mm, Mm, Gll^Fmw, Gll^Fp, Gg^Ve, Gll^Fp, Gll^Fp, Gll^Fp, Gll^Fmf, Gll^Fmw, Gll^Fp, Wwr, Cv^Fp, Kv, 3 Kv, Cv^Fp, Wwr, Gll^Fp, Gll^Fp, Gll^Em, Gll^Emf, Gs^Fms, Hh^Fmw, Hh^Fmw, Hh^Fmw, Gs^Fp, Hh^Fmw, Hh^Fmw, Mm, Hh^Fp, Mm, Mm, Mm, Mm, Mm, Ms^Xm, Ms^Xm, Ms^Xm, Ms^Xm
Hh, Hh, Hh^Vhhr, Hh, Hh, Hh, Hh, Gs^Es, Gs^Es, Gs, Hh, Hh, Hh, Mm, Hh^Fp, Hh^Fp, Gll^Fp, Gll^Fp, Gll^Fp, Gll^Fp, Gll^Fp, Gll^Fp, Gll^Fp, Gll^Fmw, Gll^Em, Gll^Fp, Ww, Cv^Fp, Cv^Fp, Wwr, Wwf^Bsb|, Ww, Gll^Fp, Gll^Fp, Gll^Fp, Gll^Fp, Gll^Fp, Hh^Fp, Gll^Fp, Gll^Fp, Gll^Fmw, Gll^Fp, Gll^Fp, Hh^Fp, Hh^Fp, Mm, Hh^Vhhr, Mm, Mm, Mm, Mm, Mm, Mm, Ms^Xm
Hh, Hh, Hh, Hh, Hh, Hh, Mm, Hh, Hh, Gs^Es, Gs, Hh, Gs, Hh^Fp, Gll^Fp, Hh^Fp, Gll^Fmw, Gll^Fmw, Gll^Fp, Gll^Fp, Gll^Fp, Gll^Fp, Gll^Fp, Gll^Fp, Ww, Gll^Fp, Ww, Wwr, Ww, Ww, Gs, Gll^Fmw, Gll^Fp, Gll^Fp, Gll^Fp, Gll^Fp, Gll^Fp, Gll^Fp, Gll^Em, Gll^Fp, Gll^Fp, Gll^Fp, Wwrg, Gll^Fp, Gll^Fmw, Hh^Fmw, Hh, Mm, Mm, Mm, Mm, Mm, Mm, Mm
Hh, Hh, Mm, Mm, Mm, Mm, Mm, Hh, Gs^Es, Gs^Es, Gg^Es, Gs, Gg, Gg, Gll^Fp, Gll^Fp, Gll^Fp, Gll^Fp, Gll^Fp, Gll^Fp, Gll^Fmw, Gll^Fp, Gll^Fp, Ww, Gs^Fms, Ww, Gll^Fp, Gll^Fp, Gll^Fp, Gll^Fmw, Gs, Gs^Ve, Gll^Fp, Gll^Fmf, Ww, Ww, Gs^Fms, Gll^Fp, Gg^Ve, Gll^Emf, Gll^Fmw, Gll^Fp, Ww, Ww, Gll^Fp, Gll^Fmw, Hh^Fmw, Hh, Hh^Fp, Mm, Mm, Mm, Mm, Mm
Hh, Hh, Mm, Mm, Mm, Mm, Hh, Hh, Hh, Gs, Hh, Gg, Gg, Gg, Gg, Gs^Fms, Gll^Fmw, Gg^Ve, Gll^Fp, Gll^Fp, Gll^Fmw, Gll^Fp, Ww, Ww, Gs^Fms, Gll^Fp, Gll^Fp, Gll^Fp, Gll^Fp, Gs, Gll^Fp, Gll^Fp, Gll^Fmf, Gll^Fp, Gll^Fp, Ww^Ewf, Ww, Gll^Fp, Gll^Fp, Gll^Em, Gll^Fmw, Gll^Fp, Hh, Gll^Fp, Gll^Fmw, Gll^Fmw, Hh, Hh, Hh^Fp, Mm, Mm, Mm, Mm, Mm
Mm, Mm, Hh^Dr, Mm, Hh, Mm, Hh, Hh, Mm, Hh, Gs, Gg, Gs, Gg, Gg, Gll^Fp, Gll^Fp, Gll^Fp, Gll^Fp, Gs^Fms, Gll^Fp, Ww, Ww, Gll^Fp, Gs, Gs, Gs, Gll^Fmw, Gs, Gs, Gll^Fp, Gll^Fp, Gs^Fms, Gs^Fms, Gll^Fp, Ww, Gll^Fp, Gll^Fp, Gg^Fp, Gll^Fmw, Gll^Fmw, Hh, Hh, Gll^Fp, Hh, Gll^Fmw, Hh^Fmw, Hh^Fmw, Mm, Mm, Mm, Mm, Mm, Mm
Mm, Mm, Hh^Vhhr, Hh^Es, Hh, Hh, Hh^Edt, Hh, Hh, Hh, Gs, Gs, Gg, Gg, Gg, Gg, Gg, Gll^Fp, Gg^Fp, Gll^Fp, Gll^Fmf, Ww, Ww^Bsb/, Gs, Gs^Fms, Gll^Fp, Gll^Fp, Gs, Gg^Efm, Gg^Efm, Gg^Efm, Gd^Fp, Gd^Fp, Gll^Fmf, Gs^Fms, Gll^Fp, Gll^Fmw, Gll^Fp, Gll^Fmw, Gll^Fp, Hh^Fmw, Hh^Fp, Hh, Hh, Hh, Hh, Hh^Fp, Hh^Fmw, Hh^Vhhr, Mm, Mm, Mm, Mm, Mm
Mm, Hh^Es, Hh^Edt, Hh^Edt, Hh^Es, Hh^Vhhr, Hh^Edt, Hh^Edt, Hh, Hh, Ce, Ce, Ce, Gg, Re, Gg, Gg, Gg, Re, Gg, Re, Re, Gll^Fp, Ww, Ww, Ww, Ww, Gll^Fmf, Gg^Efm, Gg^Fet, Gg^Efm, Gll^Fp, Gs^Fp, Gll^Fmw, Gg^Ve, Gs^Fms, Gll^Fp, Gll^Fp, Gll^Fmw, Hh^Fp, Hh, Hh^Fp, Hh, Hh, Hh, Hh, Hh, Hh^Fp, Hh, Mm, Mm, Mm, Hhd^Fp, Mm
Mm, Mm, Hh, Mm, Mm, Mm, Mm, Hh, Hh^Es, Hh, Hh, 1 Ke, Ce, Re, Gg, Re, Re, Re, Gs, Re, Gs, Gll^Fp, Gg^Ve, Gll^Fp, Gll^Fp, Ww, Wwf, Gll^Fp, Gll^Fp, Gg^Efm, Gll^Fp, Gll^Fp, Gll^Fp, Gll^Em, Gll^Fmf, Gll^Em, Gs, Hh, Hh, Hh, Hh, Hh, Hh, Hh, Hh, Hh, Mm, Hh, Hh, Hh, Hhd, Hhd^Fp, Hhd^Fmw, Hhd^Fp
Mm, Mm, Mm, Hh, Hh, Hh^Dr, Hh^Es, Hh, Hh^Dr, Hh^Es, Hh, Hh, Re, Ce, Ce, Gg, Gs, Gs, Gs, Gs, Gs, Gll^Fp, Gll^Fp, Gll^Fp, Gll^Fp, Gll^Fp, Wwf, Wwr, Gll^Fp, Gll^Fp, Gs^Fms, Gll^Fp, Gs^Fms, Gd^Fp, Gll^Fp, Gll^Fmw, Gs^Fp, Gg, Gg^Es, Gs^Es, Gs^Es, Hhd, Hhd, Hhd, Hh, Hh, Hh, Mm, Mm, Mm, Hhd, Hhd^Fmw, Hhd^Fmw, Hhd^Fp
Mm, Mm, Mm, Hh^Es, Hh, Hh^Vhhr, Hh^Edt, Hh^Es, Hh, Hh, Hh, Re, Gs, 2 Ke, Ce, Gg, Hh, Gs, Hh, Hh, Hh, Gll^Fp, Gll^Fp, Gll^Fp, Gll^Fp, Ww, Ww, Gll^Fp, Gll^Fp, Gg^Ve, Gll^Fp, Gll^Fp, Gll^Fp, Gll^Fmw, Gll^Fp, Gg^Fp, Gll^Fp, Gg, Gg, Gg^Es, Hhd, Hhd, Hhd, Hhd^Vct, Hhd^Edt, Hhd^Ecf, Hh, Mm, Mm, Hhd, Hhd, Hhd^Fp, Hhd, Hhd
Mm, Mm, Mm, Mm, Mm, Hh^Edt, Hh, Hh, Gg, Gg, Gg, Re, Gs, Ce, Gs, Gs, Hh, Hh, Hh, Hh, Hh, Gll^Fp, Hh, Gll^Fp, Ww, Ww, Gll^Fmw, Gll^Fp, Gll^Fp, Gll^Fp, Gll^Fp, Gll^Fp, Hh^Fp, Gll^Fp, Gd^Fp, Gll^Fp, Gg, Gg, Gg^Es, Gs^Es, Cer, Hhd, Cer, Hhd^Edt, Hhd^Vct, Hhd, Hhd, Mm, Hhd, Hhd, Rd, Hhd^Vhhr, Hhd, Hh
Mm, Mm, Mm, Mm, Gll^Fp, Mm, Hh, Hh, Gg, Gg, Re, Re, Gs, Gs, Hh, Hh, Hh, Hh^Fmw, Hh^Vhhr, Hh^Edt, Hh, Hh, Ww^Es, Ww, Ww, Ww, Gs, Gll^Fp, Gll^Fp, Hh^Fp, Hh^Fp, Hh^Fp, Hh, Hh^Fp, Hh^Fp, Gll^Fp, Gs^Es, Gs^Es, Hhd, Cer, 4 Cer^Kov, Cer, Cer, Rd^Edb, Hhd^Edt, Hhd^Vct, Hhd, Mm, Rd, Rd, Hhd, Hhd, Hhd, Mm
Mm, Mm, Mm, Mm, Gll^Fmw, Gll^Fp, Gll^Fmw, Hh, Gg, Gg, Re, Hh, Hh, Hh, Hh, Hh, Mm, Hh^Edt, Hh^Fmw, Hh^Fp, Hh, Wwr, Ww, Ww, Gs^Es, Gs, Gs^Es, Gs^Es, Hh, Gll^Fp, Hh^Fp, Hh^Fp, Hh, Hh^Fp, Hh^Fp, Hh, Hh, Hh, Hhd, Cer, Cer, Cer, Rd^Edb, Rd^Edb, Rd^Edb, Hhd, Hhd, Hhd, Rd^Edb, Hhd, Mm, Mm, Mm, Mm
Mm, Mm, Mm, Gll^Fp, Gll^Fmw, Gll^Fmw, Gll^Fmw, Gg, Gg, Re, Hh^Vhhr, Hh^Edt, Hh, Hh^Fp, Hh^Fmw, Hh, Hh^Edt, Mm, Hh^Fp, Hh, Wwf^Es, Ww, Ww, Gs, Hh, Gs^Es, Hh, Gs^Es, Hh, Hh, Hh, Hh, Mm, Mm, Mm, Hh, Hh, Hh, Hhd^Edt, Hhd, Hhd, Hhd^Edt, Hhd^Edt, Hhd^Vct, Rd, Hhd, Hhd, Rd^Edb, Hhd, Mm, Hhd, Mm, Mm, Mm
Mm, Mm, Mm, Gll^Fp, Gll^Fp, Gll^Fp, Gll^Fmw, Gg, Gg, Re, Gs, Hh, Hh, Hh^Fmw, Hh^Edt, Hh^Vhhr, Hh^Fmw, Hh, Hh, Wwr, Wwf^Es, Wwf^Es, Hh, Hh, Hh, Hh, Hh, Hh, Mm, Hh, Mm, Mm, Mm, Mm, Mm, Mm, Mm, Hhd, Hhd, Hhd, Hhd^Vct, Hhd^Edt, Hhd^Ecf, Hhd, Rd, Hhd, Rd^Edb, Rd, Hhd, Hhd, Hhd, Hhd, Hhd, Hhd
Mm, Mm, Mm, Mm, Gll^Fp, Gll^Fmw, Gll^Fp, Gll^Fmw, Re, Re, Gs, Hh, Gs, Hh, Mm, Hh^Fp, Hh^Fp, Hh, Ww, Ww, Wwr, Hh, Hh^Vhhr, Hh, Mm, Mm, Mm, Mm, Mm, Mm, Mm, Mm, Mm^Vhhr, Mm, Mm, Mm, Mm, Mm, Mm, Hhd, Hhd, Hhd, Hhd, Hhd, Hhd, Rd^Edb, Rd^Edb, Hhd^Edb, Rd, Hhd, Hhd, Hhd, Hhd, Hhd
Mm, Mm, Mm, Gll^Fp, Gll^Fp, Gll^Fmw, Gll^Fp, Re, Gg, Gg, Gs, Gs, Gs, Hh, Mm, Mm, Mm, Hh, Ww, Ww^Es, Hh, Hh, Hh, Hh, Mm, Mm, Mm, Mm, Ms^Xm, Mm, Mm, Mm, Ms^Xm, Ms^Xm, Mm, Mm, Mm, Mm, Mm, Hhd, Hhd, Hhd, Mm, Mm, Hhd, Hhd, Hhd, Rd, Hhd, Rd, Rd^Edb, Hhd, Hhd, Hhd
Mm, Mm, Hh, Gll^Fp, Gll^Fp, Gll^Fp, Gll^Fp, Re, Gg, Gs, Gs, Gs, Hh, Hh, Mm, Mm, Hh, Hh, Ww, Ww^Es, Hh, Hh, Hh, Mm, Mm, Mm, Mm, Mm, Ms^Xm, Ms^Xm, Ms^Xm, Ms^Xm, Ms^Xm, Ms^Xm, Ms^Xm, Ms^Xm, Ms^Xm, Mm, Mm, Mm, Mm, Mm, Mm, Mm, Mm, Hhd, Hhd, Hhd, Hhd, Hhd, Rd, Hhd, Hhd, Hhd
