Gs^Fms, Gs^Fds, Gs^Fds, Gs^Fds, Gs^Fds, Gs^Fds, Gs^Fds, Gs^Fds, Gs, Ww, Gs^Fds, Gs^Fds, Gs^Fds, Gs^Fds, Hh, Hh, Hh, Hh, Hh, Hh, Hh, Hh, Rr, Rr, Hh, Gs^Fds, Hh, Gs^Fds, Gs^Fds, Gs^Fds, Gs^Fms, Gs^Fds
Gs^Fds, Gs^Fds, Gs^Fds, Gs^Fds, Gs^Fds, Gs^Fds, Gs^Fds, Gs^Fds, Gs^Fds, Ww, Ww, Gs^Fds, Gs^Fds, Gs^Fds, Gs^Fds, Hh, Hh^Fms, Hh, Gs^Fds, Hh, Rr, Rr, Gs^Fds, Gs, Gs^Fds, Hh, Hh^Fms, Gs^Fds, Ce, Gs^Fds, Gs^Fds, Gs^Fds
Gs^Fds, Gs^Fds, Ce, Ce, Ce, Gs, Gs^Fds, Gs^Fds, Gs^Fds, Gs^Fds, Ww, Gs^Fds, Ds, Gs^Fds, Gs^Fds, Gg^Ve, Gs^Fds, Gs^Fds, Hh, Gs^Fds, Rr, Gs^Fds, Gs^Fds, Gs^Fds, Gs^Fds, Hh, Ce, Ce, 6 Ke, Ce, Gs^Fds, Gs^Fds
Gs^Fds, Gs^Fms, Ce, 5 Ke, Ce, Gs^Fds, Gs^Fms, Gs^Fds, Gs^Fds, Gs^Fds, Gs^Fds, Ww, Ww, Ds, Gs^Fds, Gs^Fds, Gs^Fds, Hh, Rr, Rr, Gs^Fds, Gs^Fds, Ss, Gs^Fds, Gs^Fds, Gs^Fds, Gs^Fds, Ce, Ce, Ce, Gs^Fds, Gs^Fds
Gs^Fds, Gs^Fds, Gs^Fds, Ce, Gs, Ce, Gs^Fds, Gs^Fds, Gg^Fet, Gs^Fds, Gs^Fds, Gs^Fds, Gs^Fds, Ww, Gs^Fds, Gs^Fds, Rr, Rr, Gs^Fds, Gs^Fds, Gs^Fds, Gs^Fds, Ss, Gs^Fds, Gs^Fds, Ww^Es, Gs^Fdw, Gs^Fds, Ce, Gs^Fds, Gs^Fds, Gs^Fds
Gs^Fds, Gs^Fds, Gs^Fds, Ce, Gs^Fms, Gs^Fds, Gs^Fds, Gs^Fds, Gs^Fds, Gs^Fms, Gs^Fds, Gs^Fmw, Gs^Fds, Ww, Ww, Gs^Fms, Rr, Gs^Fds, Gs^Fds, Gs^Fds, Ss, Ww, Ww, Gs^Fds, Gs^Fds, Ww, Gs^Fds, Gs^Fds, Gs^Fds, Gs^Fds, Gs^Fds, Gs^Fds
Gs^Fds, Gs^Fds, Gs^Fds, Gs^Fds, Gs^Fds, Gs^Fds, Gs^Fds, Gs^Fds, Gs^Fds, Gs^Fms, Gs^Fds, Gs^Fds, Gs, Gs^Fds, Rr, Ww^Bsb/, Ww, Gs^Fds, Ss, Gs^Fds, Ww, Ss, Ds, Gs^Fms, Gs^Fds, Gs^Fds, Gs^Fds, Gs^Fds, Gs^Fds, Gg^Fet, Gs^Fds, Gs^Fds
Gs^Fds, Gs^Fds, Gs^Fds, Re, Re, Gs^Fds, Gs^Fms, Gs, Gs^Fds, Gs^Fds, Gs^Fds, Gs^Fds, Gs^Fds, Rr, Gs^Fds, Gs^Fds, Gs^Fds, Ww, Ww, Ww, Ss, Ww, Ww, Ss, Gs^Fds, Gs^Fms, Gs^Fds, Gg^Ve, Gs^Fds, Gs^Fds, Ss, Ss
Gs^Fds, Gs^Fmw, Gs^Fds, Gs^Fds, Re, Gs^Fds, Gg^Ve, Gs^Fds, Gs^Fds, Gs^Fds, Gs^Fds, Gs^Fds, Gs^Fds, Rr, Gs^Fds, Gg^Ve, Gs^Fds, Gs^Fds, Gs^Fds, Gs^Fds, Gs^Fds, Gs^Fds, Ww, Gs^Fds, Ww, Ss, Ss, Gs^Fds, Gs^Fds, Ss, Ss, Ss
Gs^Fds, Gs^Fds, Gs^Fds, Gs^Fds, Gs^Fms, Gs^Fds, Gs^Fds, Gs^Fds, Gs^Fds, Gs^Fds, Gs, Gs^Es, Gs^Fds, Rr, Rr, Gs^Fds, Gs^Fds, Gs^Fds, Gs^Fds, Ww, Ww, Ww, Ds, Ww, Ww, Ss, Gs^Fds, Gs^Fds, Gs^Fds, Ss, Ss, Ss
Hh, Gs^Fds, Hh, Gg, Gs^Fds, Gs^Fds, Gs, Gg, Gs^Fms, Gs^Fds, Gs^Fds, Gs^Fms, Gs^Fds, Gs^Fds, Gs^Fds, Rr, Gs^Fds, Gs^Fds, Gs^Fds, Gs^Em, Ww, Gs^Fds, Gs^Fms, Ds, Ww, Gs^Fds, Gs^Fds, Gs^Em, Gg^Ve, Gs^Fds, Gs^Fds, Ss
Hh, Hh, Gs^Fds, Gg, Gg, Gs^Fds, Re^Gvs, Gs, Gg^Ve, Gs^Fds, Gs^Fds, Gs^Fds, Gs^Fds, Gs^Fds, Gd^Fet, Rr, Gd^Fet, Gs^Fds, Gs^Fds, Gs^Fds, Gs^Fds, Ww, Ss, Ww^Vm, Ww, Ss, Ww, Gs^Fds, Gs^Fmw, Gs^Fds, Gs^Fds, Gs^Fms
Hh, Hh^Fms, Gs^Fds, Gs^Fds, Gs^Fds, Re^Gvs, Re^Gvs, Gs^Fds, Gs^Fds, Gs^Fds, Gs^Fds, Gs^Fds, Gd^Fdf, Gd^Fdf, Gd^Fdf, Rr, Gd^Fdf, Gd^Fdf, Gd^Fdf, Gs^Fms, Gs^Fds, Ww, Ss, Ww, Ds, Ds, Ww, Ss, Ss, Gs^Fds, Gs^Fds, Gs^Fms
Hh, Hh, Hh^Fms, Gg^Fet, Gs^Fds, Re^Gvs, Re^Gvs, Re^Gvs, Gs^Fds, Gs^Fds, Gs^Fds, Gd^Fet, Gd^Fdf, Gd^Ve, Rp, Rp, Rp, Gd^Ve, Gd^Fdf, Gd^Fet, Gs^Fds, Gs^Fds, Gs^Fds, Ww, Ww, Gs^Fds, Ds, Ww, Ss, Ss, Gs^Fds, Gs^Fds
Gs^Fds, Hh, Gs^Fds, Gs^Fds, Gg^Ve, Gs^Fds, Re^Gvs, Re^Gvs, Gs, Gs^Fds, Gs^Fds, Gd^Fdf, Gd^Ve, Rp, Cv, Cv, Cv, Rp, Gd^Ve, Gd^Fdf, Gs^Fds, Gs^Fds, Gs^Fds, Ss, Ww, Ww^Ewf, Ww, Ww, Ww, Gs^Fds, Gs^Fds, Gs^Fds
Gs^Fds, Gs^Fds, Gs^Fds, Gs^Fds, Gg, Re^Gvs, Gs^Fds, Gs^Fds, Gs^Fds, Gs^Fds, Gs^Fds, Gd^Fdf, Gd^Fdf, Gd^Fdf, Cv, 3 Kv, Cv, Gd^Fdf, Gd^Fdf, Gd^Fdf, Gs^Fds, Gs^Fds, Gs^Fds, Ss, Ww, Ww^Vm, Gs^Fds, Gs^Fds, Ww, Ss, Ss, Ss
Gs^Fds, Gs^Fds, Gs^Fds, Gs^Fds, Gs^Fds, Gg, Gs^Fds, Gg^Ve, Gs^Fds, Gs^Fds, Gs^Fds, Gd^Fet, Gd^Fdf, Rp, Rp, Cv, Rp, Rp, Gd^Fdf, Gd^Fet, Gs^Fds, Gs^Fds, Ss, Ww, Ss, Gs^Fds, Gs^Em, Gs^Fds, Ww, Ww, Ss, Ss
Gs^Fms, Gs^Fdw, Gs^Fds, Gs^Fms, Gs^Fds, Gs^Fdw, Gs^Fds, Gs^Fds, Gs^Fds, Gs^Fms, Gs^Fds, Gs^Fds, Gs^Fds, Gd^Fdf, Gll^Fdf, Rp, Gd^Fdf, Gd^Fdf, Gs^Fds, Gs^Fmw, Ds, Ss, Ss, Gs^Fds, Gs^Fds, Gs^Fds, Ww, Gs^Fds, Ww, Ss, Ss, Gs^Fds
Gs^Fds, Gs^Fds, Gs^Fds, Gs^Fds, Gs^Fds, Gs^Fms, Gs^Fds, Gs^Fds, Gs^Fds, Gs^Efm, Gs^Fds, Gs^Fds, Gs^Fds, Gd^Fet, Gs^Fds, Rr, Gs^Fds, Gd^Fet, Gs^Fds, Gs^Fms, Ds, Ss, Ss, Ss, Ww, Gs^Fds, Ww, Ww, Ds, Ds, Gs^Fds, Gs^Fds
Gs^Fds, Gs^Fds, Gs^Fds, Gs^Fds, Gs^Fds, Gs, Gs^Fds, Gs^Fds, Gs^Fds, Gs^Fds, Gs^Fds, Gs^Fds, Gs^Fds, Gs^Fds, Gs^Fds, Rr, Gs^Fds, Gs^Fds, Gs^Fds, Gs, Gs^Fds, Gs^Fds, Ww, Ww, Gs^Fds, Ww, Ss, Ww, Gs^Fms, Gs^Fds, Gs^Fds, Gs^Fms
Gs^Fds, Gs^Fdw, Gs^Fds, Gg^Ve, Gs, Gs, Wwf, Ww, Ww, Ww, Ww, Ww, Ww, Gs^Fds, Rr, Rr, Ww, Gs^Fds, Ww, Ww, Ww, Gs^Fds, Ww, Re, Re, Ss, Gs^Fds, Gg, Gs^Fds, Gs^Fds, Gs^Fds, Gs^Fds
Gs^Fds, Gs^Fds, Gs^Fds, Gs^Fms, Ds, Ww, Gs^Fds, Gs^Fds, Gs^Fds, Gs^Fms, Gs^Fds, Ds, Gs^Fds, Ww, Ww^Bsb|, Ww, Gs^Fds, Ww, Gs^Fds, Gs^Fds, Gs^Fds, Ww, Gs^Fds, Gs^Fds, Gs^Fds, Gs^Fds, Gg, Gg^Ve, Gs^Fds, Gs^Fds, Gs^Fds, Gs^Fds
Gs^Fds, Gs^Fds, Gs^Fds, Ds, Ww, Ww, Gs^Fds, Gs^Fds, Gg^Ve, Gs^Fds, Gs^Fds, Gs^Fds, Gs^Fds, Gs^Fds, Rr, Gs^Fds, Gs^Fds, Gs^Fds, Gs, Gg^Ve, Gs^Fms, Gs^Fds, Gs^Fds, Gs^Fds, Cvr, Gs^Fds, Gs^Fds, Gs, Gg, Gs^Fds, Gs^Fds, Gs^Fds
Ww, Ww, Ww, Ww, Gs^Fds, Gs^Fds, Gs^Fms, Gs^Fds, Gs^Fds, Gs^Fds, Gs^Fds, Gs^Fds, Rr, Rr, Gs^Fds, Rr, Rr, Rr, Rr, Rr, Rr, Gs^Fds, Rr, Cvr, 4 Kvr, Cvr, Gg, Gs^Fds, Gs^Fds, Gs^Fds, Gs^Fds, Gs^Fds
Gs^Fds, Gs^Fds, Gs^Fds, Gs^Fds, Gs^Fds, Gs^Fds, Gs^Fds, Gs^Fmw, Gs^Fds, Gs^Fds, Gs^Fms, Gs^Fds, Rr, Gs^Fds, Gs^Fds, Gs^Fds, Gs^Fds, Gs^Fds, Gs^Fds, Gs^Fds, Gs^Fds, Rr, Re, Cvr, Cvr, Gg, Gs^Fds, Gs^Fds, Gs^Fds, Gs^Fds, Gs^Fds, Gs^Fmw
Gs^Fds, Gs^Fds, Gs^Fds, Gs^Fds, Gs^Fds, Gs^Fms, Gs^Fds, Gs^Fds, Gs^Fms, Gs^Fds, Rr, Rr, Gs^Fds, Gs^Fds, Gs^Fds, Gs^Fds, Gs^Fms, Hh^Fms, Gs^Fds, Gs^Fds, Gs^Fmw, Re^Gvs, Re^Gvs, Re, Gs^Es, Gg, Gg, Gs^Fds, Gs^Fds, Gs^Fds, Gs^Fms, Gs^Fds
Gs^Fds, Gs^Fds, Gs^Fms, Gg^Fet, Gs^Fds, Gs^Fds, Gs^Fds, Gs^Fms, Gs^Fms, Rr, Gs^Fds, Gs^Fds, Gs, Gs^Fds, Gs^Fds, Gs^Fds, Hh, Hh, Hh, Gs^Fds, Gg, Re^Gvs, Re^Gvs, Gs, Gg^Fet, Gg, Gs^Fds, Gs^Fds, Gs^Fds, Gs^Fds, Gs^Fds, Gs^Fds
Gs^Fds, Gs^Fds, Gs^Fms, Gs^Fds, Gs^Fds, Gs^Fds, Ce, Ce, Ce, Rr, Gs^Fds, Gs^Fds, Gs^Fds, Gs^Fds, Gs^Fds, Hh^Fms, Hh, Hh^Fms, Gs^Fds, Gs^Fds, Gg^Ve, Re^Gvs, Re^Gvs, Re^Gvs, Gg, Gs^Fds, Gs^Fds, Gs^Fms, Gs^Fds, Gs^Fds, Gs^Fds, Gs^Fds
Gs^Fds, Gs, Gs^Fms, Gs^Fdw, Gs^Fds, Gs^Fds, Ce, 1 Ke, 2 Ke, Ce, Gs^Fds, Gs^Fds, Re, Gs^Fds, Re, Gs^Fds, Hh, Gs^Fds, Gs^Fds, Gs^Fds, Gs^Fds, Gs^Fds, Gs^Fds, Re^Gvs, Gs^Fds, Gs^Fds, Gs^Fds, Gg, Gg^Efm, Gs^Ve, Gs^Fds, Gs^Fds
Gs^Fds, Gs^Fds, Gs^Fds, Gs^Fds, Gs^Fds, Gs^Fds, Rr, Ce, Ce, Ce, Gs^Fds, Gs^Fds, Gg^Ve, Re, Gs^Fds, Gs^Fds, Gs^Fds, Gs^Fds, Gs^Fds, Gs^Fds, Gs, Gs^Fms, Gs^Fds, Gs^Fms, Gs^Fds, Gs^Fds, Gs^Fds, Gs^Fds, Gg, Gs^Fds, Gs^Fds, Gs^Fds
Gs^Fds, Gs^Fds, Gs^Fds, Gs, Rr, Rr, Gs^Fdw, Gs^Fds, Gs^Fds, Gs^Fds, Gs^Fds, Gs^Fds, Gs^Fds, Gs^Fds, Gs^Fds, Gs^Fds, Gs^Fds, Gs^Fds, Gs^Fds, Gs^Fds, Gg, Gs^Fds, Gs^Fds, Gs^Fds, Gs^Fds, Hh, Hh, Hh, Hh, Gs^Fds, Hh, Hh
Gs^Fds, Gs^Fds, Gs^Fds, Gs^Fds, Rr, Gs^Fds, Gs^Fds, Gs^Fds, Gs^Fds, Gs^Fds, Gs^Fds, Gs^Fds, Gs^Fms, Gs^Fms, Gs^Fds, Gs^Fdw, Gs^Fds, Gs^Fds, Gs^Fds, Gs, Gs, Gs, Hh, Hh, Gs^Fms, Hh, Hh, Hh, Hh, Hh, Hh, Hh
