Xu, Xu, Xu, Xu, Xu, Xu, Xu, Xu, Xu, Xu, Xu, Xu, Xu, Xu, Xu, Xu, Xu, Xu, Re, Xu, Xu, Xu, Xu, Xu, Xu, Xu, Xu, Xu, Xu, Xu, Xu, Xu, Xu, Xu, Xu, Xu, Xu, Xu, Xu, Xu, Xu, Xu, Xu, Xu
Xu, Xu, Xu, Xu, Xu, Xu, Xu, Xu, Xu, Xu, Xu, Xu, Xu, Xu, Xu, Xu, Xu, Xu, Uu, Xu, Xu, Xu, Xu, Xu, Xu, Xu, Xu, Xu, Xu, Xu, Xu, Xu, Xu, Xu, Xu, Xu, Xu, Xu, Xu, Xu, Xu, Xu, Xu, Xu
Xu, Xu, Xu, Xu, Xu, Xu, Xu, Xu, Xu, Xu, Xu, Xu, Xu, Xu, Xu, Xu, Xu, Xu, Xu, Re, Re, Xu, Xu, Xu, Xu, Xu, Xu, Xu, Xu, Xu, Xu, Xu, Xu, Xu, Xu, Xu, Xu, Xu, Xu, Xu, Xu, Xu, Xu, Xu
Xu, Xu, Xu, Xu, Xu, Xu, Xu, Xu, Xu, Xu, Xu, Xu, Xu, Xu, Xu, Xu, Xu, Xu, Xu, Xu, Re, Uu, Xu, Xu, Xu, Xu, Xu, Xu, Xu, Xu, Xu, Xu, Xu, Xu, Xu, Xu, Xu, Xu, Xu, Xu, Xu, Xu, Xu, Xu
Xu, Xu, Xu, Xu, Xu, Xu, Xu, Xu, Xu, Xu, Xu, Xu, Xu, Xu, Xu, Xu, Xu, Xu, Xu, Xu, Xu, Re, Xu, Xu, Xu, Xu, Xu, Xu, Xu, Xu, Xu, Xu, Xu, Xu, Xu, Xu, Xu, Xu, Xu, Xu, Xu, Xu, Xu, Xu
Xu, Xu, Xu, Xu, Xu, Xu, Xu, Xu, Xu, Xu, Xu, Xu, Xu, Xu, Xu, Xu, Xu, Xu, Xu, Xu, Xu, Uu, Re, Xu, Xu, Xu, Xu, Xu, Xu, Xu, Xu, Xu, Xu, Xu, Xu, Xu, Xu, Xu, Xu, Xu, Xu, Xu, Xu, Xu
Xu, Xu, Xu, Xu, Xu, Xu, Xu, Xu, Xu, Xu, Xu, Xu, Xu, Xu, Xu, Xu, Xu, Xu, Xu, Xu, Xu, Xu, Xu, Re, Uh, Xu, Xu, Xu, Xu, Xu, Xu, Xu, Xu, Xu, Xu, Xu, Xu, Xu, Xu, Xu, Xu, Xu, Xu, Xu
Xu, Xu, Xu, Xu, Xu, Xu, Xu, Xu, Xu, Xu, Xu, Xu, Xu, Xu, Xu, Xu, Xu, Xu, Xu, Xu, Xu, Xu, Xu, Uu, Uh, Xu, Xu, Xu, Xu, Xu, Xu, Xu, Xu, Xu, Xu, Xu, Xu, Xu, Xu, Xu, Xu, Xu, Xu, Xu
Xu, Xu, Xu, Xu, Xu, Xu, Xu, Xu, Xu, Xu, Xu, Xu, Xu, Xu, Xu, Xu, Xu, Xu, Xu, Xu, Xu, Xu, Uu, Re, Xu, Xu, Xu, Xu, Xu, Xu, Xu, Xu, Xu, Xu, Xu, Xu, Xu, Xu, Xu, Xu, Xu, Xu, Xu, Xu
Xu, Xu, Xu, Xu, Xu, Xu, Xu, Xu, Xu, Xu, Xu, Xu, Xu, Xu, Xu, Xu, Xu, Xu, Xu, Xu, Uh, Xu, Re, Re, Xu, Xu, Xu, Xu, Xu, Xu, Xu, Xu, Xu, Xu, Xu, Xu, Xu, Xu, Xu, Xu, Xu, Xu, Xu, Xu
Xu, Xu, Xu, Xu, Xu, Xu, Xu, Xu, Xu, Xu, Xu, Xu, Xu, Xu, Xu, Xu, Xu, Xu, Xu, Uu^Vd, Uu, Re, Uu, Uh, Xu, Xu, Xu, Xu, Xu, Xu, Xu, Xu, Xu, Xu, Xu, Xu, Xu, Xu, Xu, Xu, Xu, Xu, Xu, Xu
Xu, Xu, Xu, Xu, Xu, Xu, Xu, Xu, Xu, Xu, Xu, Xu, Xu, Xu, Xu, Xu, Xu, Xu, Xu, Uh, Uu, Re, Uu, Xu, Uu, Uh, Uu^Vd, Xu, Xu, Xu, Xu, Xu, Xu, Xu, Xu, Xu, Xu, Xu, Xu, Xu, Xu, Xu, Xu, Xu
Xu, Xu, Xu, Xu, Xu, Xu, Xu, Xu, Xu, Xu, Xu, Xu, Xu, Xu, Xu, Xu, Xu, Xu, Xu, Uh, Rr, Rr, Rr, Uu, Xu, Uu, Re, Uu, Xu, Xu, Xu, Xu, Xu, Xu, Xu, Xu, Xu, Xu, Xu, Xu, Xu, Xu, Xu, Xu
Xu, Xu, Xu, Xu, Xu, Xu, Xu, Xu, Xu, Xu, Xu, Xu, Xu, Xu, Xu, Xu, Xu, Xu, Re, Re, Rr, Ko^Vd, Rr, Re, Re, Re, Xu, Xu, Xu, Xu, Wog, Xu, Xu, Xu, Xu, Xu, Xu, Xu, Xu, Xu, Xu, Xu, Xu, Xu
Xu, Xu, Xu, Xu, Xu, Xu, Xu, Xu, Xu, Xu, Xu, Xu, Xu, Xu, Xu, Xu, Xu, Uh, Xu, Uu, Co, Rr, Co, Rr, Uu^Vd, Uh, Xu, Xu, Xu, Wog, Wog, Xu, Xu, Xu, Xu, Xu, Xu, Xu, Xu, Xu, Xu, Xu, Xu, Xu
Xu, Xu, Xu, Xu, Xu, Xu, Xu, Xu, Xu, Xu, Xu, Xu, Xu, Xu, Xu, Xu, Xu, Re, Uu, Uu, Co, 7 Ko, Co, Rr, Rr, Uh, Uh, Xu, Ss, Wog, Xu, Xu, Xu, Xu, Xu, Xu, Xu, Xu, Xu, Xu, Xu, Xu, Xu, Xu
Xu, Xu, Xu, Xu, Xu, Xu, Xu, Xu, Xu, Xu, Ss, Xu, Xu, Xu, Uu^Vd, Uh, Uh, Uu^Vd, Uu, Rr, Rr, Co, Rr, Rr, Uu, Re, Uu, Uu, Ss, Ss, Xu, Xu, Xu, Xu, Xu, Xu, Xu, Xu, Xu, Xu, Xu, Xu, Xu, Xu
Xu, Xu, Xu, Xu, Xu, Xu, Xu, Xu, Uu, Ss, Ss, Ss, Xu, Xu, Uu, Re, Re, Re, Re, Rr, Uu, Rr, Xu, Re, Uu, Uu^Vd, Uh, Uh, Wog, Uh, Xu, Xu, Xu, Xu, Xu, Xu, Xu, Xu, Xu, Xu, Xu, Xu, Xu, Xu
Xu, Xu, Xu, Xu, Xu, Xu, Xu, Xu, Ss, Ss, Xu, Xu, Xu, Uu, Re, Uu, Re, Uu, Ss, Uu^Vd, Wog, Uh, Uh, Re, Ss, Uu, Ss, Wog, Uu, Uh, Xu, Xu, Xu, Xu, Xu, Xu, Xu, Xu, Xu, Xu, Xu, Xu, Xu, Xu
Xu, Xu, Xu, Xu, Uu, Ss, Ss, Xu, Xu, Uu^Pr/, Ss, Re, Re, Re, Wog, Re, Ss, Ss, Ss, Ss, Wog, Wog, Ss, Ss, Uu, Ss, Re, Re, Uh, Xu, Xu, Xu, Xu, Xu, Xu, Xu, Xu, Xu, Xu, Xu, Xu, Xu, Xu, Xu
Xu, Xu, Xu, Xu, Ss, Ss, Uu, Ss, Xu, Rr, Ss, Ss, Wog, Wog, Xu, Ss, Xu, Xu, Xu, Xu, Xu, Xu, Re, Re, Re, Uu, Xu, Uu, Uh, Xu, Xu, Xu, Xu, Xu, Xu, Xu, Xu, Xu, Xu, Xu, Xu, Xu, Xu, Xu
Xu, Xu, Xu, Xu, Xu, Ss, Uu^Pr/, Xu, Rr, Rr, Ss, Uu, Xu, Xu, Xu, Xu, Xu, Xu, Uu, Uu^Vd, Xu, Xu, Uu^Tf, Uu, Re, Xu, Xu, Uh, Xu, Xu, Xu, Xu, Xu, Xu, Xu, Xu, Xu, Xu, Xu, Xu, Xu, Xu, Xu, Xu
Xu, Xu, Xu, Xu, Xu, Xu, Uu, Ss, Ss, Ss, Ss, Xu, Xu, Xu, Xu, Xu, Xu, Uh^Vd, Re, Uh, Re, Uh, Uu^Tf, Re, Uh, Xu, Xu, Re, Uu, Xu, Xu, Xu, Xu, Xu, Xu, Xu, Xu, Xu, Xu, Xu, Xu, Xu, Xu, Xu
Xu, Xu, Xu, Xu, Xu, Ss, Wog, Ss, Re, Uu, Xu, Xu, Xu, Xu, Uh^Vd, Xu, Xu, Uh, Xu, Re, Uu, Re, Re, Re, Uu, Uh, Uu, Re, Xu, Re, Re, Xu, Xu, Xu, Xu, Xu, Xu, Xu, Xu, Xu, Xu, Xu, Xu, Xu
Xu, Xu, Xu, Xu, Xu, Ss, Wog, Re, Re, Xu, Xu, Xu, Uu, Uu, Re, Uh, Xu, Xu, Co, Uu, Re, Re, Uu, Uu, Uu^Tf, Re, Re, Re, Re, Xu, Re, Xu, Xu, Xu, Xu, Xu, Xu, Xu, Xu, Xu, Xu, Xu, Xu, Xu
Xu, Xu, Xu, Xu, Xu, Uu, Uu, Ss, Re, Xu, Xu, Xu, Uh^Vd, Re, Re, Xu, Co, 6 Ko, Co, Uu, Re, Xu, Xu, Xu, Xu, Xu, Xu, Uu^Vd, Uu, Uu, Re, Xu, Xu, Xu, Xu, Xu, Xu, Xu, Xu, Xu, Xu, Xu, Xu, Xu
Xu, Xu, Xu, Xu, Xu, Xu, Uu, Ss, Ss, Ss, Xu, Xu, Xu, Xu, Uu, Re, Re, Re, Uu, Re, Re, Xu, Uu, Uh^Vd, Xu, Xu, Xu, Xu, Uu, Re, Uu, Xu, Uu^Tf, Xu, Xu, Xu, Xu, Xu, Xu, Xu, Xu, Xu, Xu, Xu
Xu, Xu, Xu, Xu, Xu, Xu, Xu, Re, Ss, Re, Re, Xu, Xu, Re, Re, Re, Xu, Uu, Xu, Uu, Xu, Re, Uu^Vd, Uh, Xu, Xu, Xu, Xu, Uh, Re, Re, Uu, Uu, Uh, Xu, Xu, Xu, Xu, Xu, Xu, Xu, Xu, Xu, Xu
Xu, Xu, Xu, Xu, Xu, Xu, Xu, Uu, Uu, Ss, Ss, Xu, Xu, Uh, Re, Uu, Xu, Xu, Xu, Xu, Xu, Xu, Xu, Xu, Xu, Xu, Xu, Xu, Re, Rr^Vd, Rr, Co, 5 Ko, Uh, Uh, Xu, Xu, Xu, Xu, Xu, Xu, Xu, Xu, Xu
Xu, Xu, Xu, Xu, Xu, Xu, Xu, Xu, Xu, Xu, Re^Vd, Ss, Ss, Uu^Vd, Re, Xu, Ss, Xu, Ss, Wog, Wog, Xu, Xu, Xu, Xu, Xu, Xu, Re, Xu, Xu, Rr, Co, Co, Co, Uh, Xu, Xu, Xu, Xu, Xu, Xu, Xu, Xu, Xu
Xu, Xu, Xu, Xu, Xu, Xu, Xu, Xu, Xu, Xu, Uh, Re, Ss, Re, Ss, Ss, Re, Ss, Re, Uu^Vd, Wo, Xu, Xu, Xu, Xu, Xu, Xu, Re^Vd, Re, Xu, Rr, Co, Rr, Uu, Xu, Xu, Xu, Xu, Xu, Xu, Xu, Xu, Xu, Xu
Xu, Xu, Xu, Xu, Xu, Xu, Xu, Xu, Xu, Co, Co, Uu, Rr, Ss, Uu^Tf, Re, Xu, Re, Xu, Wo, Xu, Xu, Xu, Xu, Uu, Xu, Xu, Xu, Xu, Uu, Rr, Rr, Uh, Uu^Vd, Xu, Xu, Xu, Xu, Xu, Xu, Xu, Xu, Xu, Xu
Xu, Xu, Xu, Xu, Xu, Xu, Xu, Xu, Co, 4 Ko, Co, Rr, Rr, Re, Re, Uu, Xu, Xu, Xu, Xu, Xu, Xu, Uh, Uu^Vd, Uu, Xu, Xu, Xu, Re, Rr, Re, Uu, Xu, Xu, Xu, Xu, Xu, Xu, Xu, Xu, Xu, Xu, Xu, Xu
Xu, Xu, Xu, Xu, Xu, Xu, Xu, Xu, Xu, Co, Rr, Co, Rr, Rr^Vd, Uu, Uu^Vd, Xu, Xu, Xu, Xu, Xu, Xu, Re, Re, Xu, Re, Re, Uu, Re, Re, Re, Uu, Xu, Xu, Xu, Xu, Xu, Xu, Xu, Xu, Xu, Xu, Xu, Xu
Xu, Xu, Xu, Xu, Xu, Xu, Xu, Xu, Xu, Xu, Uu^Vd, Rr, Uu, Rr, Rr, Xu, Xu, Xu, Xu, Xu, Xu, Xu, Re, Xu, Xu, Xu, Uh, Uu, Re, Uu, Xu, Re, Uu, Uu, Uh, Xu, Xu, Xu, Xu, Xu, Xu, Xu, Xu, Xu
Xu, Xu, Xu, Xu, Xu, Xu, Xu, Xu, Xu, Xu, Uh, Uh, Uu, Rr, Uu, Uh, Uu, Xu, Xu, Xu, Xu, Uu, Re^Vd, Uu, Xu, Xu, Re, Re, Uu, Xu, Xu, Xu, Uh, Re^Vd, Uh, Xu, Xu, Xu, Xu, Xu, Xu, Xu, Xu, Xu
Xu, Xu, Xu, Xu, Xu, Xu, Xu, Xu, Xu, Xu, Xu, Xu, Xu, Uu^Vd, Uh, Re, Re, Xu, Xu, Xu, Xu, Uu, Uu, Re, Re, Xu, Uu, Re, Uh, Xu, Xu, Xu, Xu, Re, Xu, Xu, Xu, Xu, Xu, Xu, Xu, Xu, Xu, Xu
Xu, Xu, Xu, Xu, Xu, Xu, Xu, Xu, Xu, Xu, Xu, Xu, Xu, Xu, Xu, Uu, Re, Uu, Uh, Xu, Xu, Xu, Xu, Xu, Xu, Uu, Re, Re, Uu, Xu, Xu, Xu, Re, Re, Xu, Xu, Xu, Xu, Xu, Xu, Xu, Xu, Xu, Xu
Xu, Xu, Xu, Xu, Xu, Xu, Xu, Xu, Xu, Xu, Xu, Xu, Xu, Xu, Xu, Uu, Uu^Vd, Re, Re, Uh, Re, Uu, Uu, Xu, Uh, Uu, Uu, Uu, Xu, Re, Re, Uh, Re, Xu, Xu, Xu, Xu, Xu, Xu, Xu, Xu, Xu, Xu, Xu
Xu, Xu, Xu, Xu, Xu, Xu, Xu, Xu, Xu, Xu, Xu, Xu, Xu, Xu, Xu, Xu, Xu, Uu, Xu, Uu, Uu, Re, Re, Re, Re, Re, Uh, Re, Xu, Xu, Uu, Uu^Vd, Uu, Xu, Xu, Xu, Xu, Xu, Xu, Xu, Xu, Xu, Xu, Xu
Xu, Xu, Xu, Xu, Xu, Xu, Xu, Xu, Xu, Xu, Xu, Xu, Xu, Xu, Xu, Xu, Xu, Xu, Xu, Xu, Xu, Xu, Re, Re^Es, Uu, Xu, Xu, Xu, Xu, Xu, Xu, Uu, Xu, Xu, Xu, Xu, Xu, Xu, Xu, Xu, Xu, Xu, Xu, Xu
Xu, Xu, Xu, Xu, Xu, Xu, Xu, Xu, Xu, Xu, Xu, Xu, Xu, Xu, Xu, Xu, Xu, Xu, Xu, Xu, Xu, Xu, Uh, Re, Xu, Re, Xu, Xu, Xu, Xu, Xu, Xu, Xu, Xu, Xu, Xu, Xu, Xu, Xu, Xu, Xu, Xu, Xu, Xu
Xu, Xu, Xu, Xu, Xu, Xu, Xu, Xu, Xu, Xu, Xu, Xu, Xu, Xu, Xu, Xu, Xu, Xu, Xu, Xu, Xu, Xu, Uu, Re, Uu, Re, Xu, Xu, Xu, Xu, Xu, Xu, Xu, Xu, Xu, Xu, Xu, Xu, Xu, Xu, Xu, Xu, Xu, Xu
Xu, Xu, Xu, Xu, Xu, Xu, Xu, Xu, Xu, Xu, Xu, Xu, Xu, Xu, Xu, Xu, Xu, Xu, Xu, Xu, Xu, Uu, Re, Re, Uu^Vd, Xu, Xu, Xu, Xu, Xu, Xu, Xu, Xu, Xu, Xu, Xu, Xu, Xu, Xu, Xu, Xu, Xu, Xu, Xu
Xu, Xu, Xu, Xu, Xu, Xu, Xu, Xu, Xu, Xu, Xu, Xu, Xu, Xu, Xu, Xu, Xu, Xu, Xu, Xu, Xu, Xu, Uu^Vd, Re, Re, Xu, Xu, Xu, Xu, Xu, Xu, Xu, Xu, Xu, Xu, Xu, Xu, Xu, Xu, Xu, Xu, Xu, Xu, Xu
Xu, Xu, Xu, Xu, Xu, Xu, Xu, Xu, Xu, Xu, Xu, Xu, Xu, Xu, Xu, Xu, Xu, Xu, Xu, Xu, Xu, Uh, Uu, Re, Re, Uu, Xu, Xu, Xu, Xu, Xu, Xu, Xu, Xu, Xu, Xu, Xu, Xu, Xu, Xu, Xu, Xu, Xu, Xu
Xu, Xu, Xu, Xu, Xu, Xu, Xu, Xu, Xu, Xu, Xu, Xu, Xu, Xu, Xu, Xu, Xu, Xu, Xu, Xu, Xu, Uh, Co, Co, Co, Uh, Xu, Xu, Xu, Xu, Xu, Xu, Xu, Xu, Xu, Xu, Xu, Xu, Xu, Xu, Xu, Xu, Xu, Xu
Xu, Xu, Xu, Xu, Xu, Xu, Xu, Xu, Xu, Xu, Xu, Xu, Xu, Xu, Xu, Xu, Xu, Xu, Xu, Xu, Xu, Uu, Co, 3 Co, Co, Uh, Xu, Xu, Xu, Xu, Xu, Xu, Xu, Xu, Xu, Xu, Xu, Xu, Xu, Xu, Xu, Xu, Xu, Xu
Xu, Xu, Xu, Xu, Xu, Xu, Xu, Xu, Xu, Xu, Xu, Xu, Xu, Xu, Xu, Xu, Xu, Xu, Xu, Xu, Xu, Uu, Re, Co, Re, Uu, Xu, Xu, Xu, Xu, Xu, Xu, Xu, Xu, Xu, Xu, Xu, Xu, Xu, Xu, Xu, Xu, Xu, Xu
Xu, Xu, Xu, Xu, Xu, Xu, Xu, Xu, Xu, Xu, Xu, Xu, Xu, Xu, Xu, Xu, Xu, Xu, Xu, Xu, Xu, Xu, Uu, Re, Re, Uu^Vd, Xu, Xu, Xu, Xu, Xu, Xu, Xu, Xu, Xu, Xu, Xu, Xu, Xu, Xu, Xu, Xu, Xu, Xu
Xu, Xu, Xu, Xu, Xu, Xu, Xu, Xu, Xu, Xu, Xu, Xu, Xu, Xu, Xu, Xu, Xu, Xu, Xu, Xu, Xu, Xu, Xu, Uu^Vd, Uu, Re, Uu, Xu, Xu, Xu, Xu, Xu, Xu, Xu, Xu, Xu, Xu, Xu, Xu, Xu, Xu, Xu, Xu, Xu
Xu, Xu, Xu, Xu, Xu, Xu, Xu, Xu, Xu, Xu, Xu, Xu, Xu, Xu, Xu, Xu, Xu, Xu, Xu, Xu, Xu, Xu, Xu, Xu, Xu, Re, Re, Uu, Xu, Xu, Xu, Xu, Xu, Xu, Xu, Xu, Xu, Xu, Xu, Xu, Xu, Xu, Xu, Xu
Xu, Xu, Xu, Xu, Xu, Xu, Xu, Xu, Xu, Xu, Xu, Xu, Xu, Xu, Xu, Xu, Xu, Xu, Xu, Xu, Xu, Xu, Xu, Xu, Xu, Xu, Uu, Re, Re, Xu, Xu, Xu, Xu, Xu, Xu, Xu, Xu, Xu, Xu, Xu, Xu, Xu, Xu, Xu
Xu, Xu, Xu, Xu, Xu, Xu, Xu, Xu, Xu, Xu, Xu, Xu, Xu, Xu, Xu, Xu, Xu, Xu, Xu, Xu, Xu, Xu, Xu, Xu, Xu, Xu, Xu, Uu, Re, Xu, Xu, Xu, Xu, Xu, Xu, Xu, Xu, Xu, Xu, Xu, Xu, Xu, Xu, Xu
Xu, Xu, Xu, Xu, Xu, Xu, Xu, Xu, Xu, Xu, Xu, Xu, Xu, Xu, Xu, Xu, Xu, Xu, Xu, Xu, Xu, Xu, Xu, Xu, Xu, Xu, Xu, Uu, Re, Uh, Xu, Xu, Xu, Xu, Xu, Xu, Xu, Xu, Xu, Xu, Xu, Xu, Xu, Xu
Xu, Xu, Xu, Xu, Xu, Xu, Xu, Xu, Xu, Xu, Xu, Xu, Xu, Xu, Xu, Xu, Xu, Xu, Xu, Xu, Xu, Xu, Xu, Xu, Xu, Xu, Xu, Xu, Uu, Re, Xu, Xu, Xu, Xu, Xu, Xu, Xu, Xu, Xu, Xu, Xu, Xu, Xu, Xu
Xu, Xu, Xu, Xu, Xu, Xu, Xu, Xu, Xu, Xu, Xu, Xu, Xu, Xu, Xu, Xu, Xu, Xu, Xu, Xu, Xu, Xu, Xu, Xu, Xu, Xu, Xu, Xu, Re, Uu, Xu, Xu, Xu, Xu, Xu, Xu, Xu, Xu, Xu, Xu, Xu, Xu, Xu, Xu
Xu, Xu, Xu, Xu, Xu, Xu, Xu, Xu, Xu, Xu, Xu, Xu, Xu, Xu, Xu, Xu, Xu, Xu, Xu, Xu, Xu, Xu, Xu, Xu, Xu, Xu, Xu, Xu, 1 Re, Uu, Xu, Xu, Xu, Xu, Xu, Xu, Xu, Xu, Xu, Xu, Xu, Xu, Xu, Xu
Xu, Xu, Xu, Xu, Xu, Xu, Xu, Xu, Xu, Xu, Xu, Xu, Xu, Xu, Xu, Xu, Xu, Xu, Xu, Xu, Xu, Xu, Xu, Xu, Xu, Xu, Xu, Xu, 2 Uu, Xu, Xu, Xu, Xu, Xu, Xu, Xu, Xu, Xu, Xu, Xu, Xu, Xu, Xu, Xu
Xu, Xu, Xu, Xu, Xu, Xu, Xu, Xu, Xu, Xu, Xu, Xu, Xu, Xu, Xu, Xu, Xu, Xu, Xu, Xu, Xu, Xu, Xu, Xu, Xu, Xu, Xu, Xu, Uu, Xu, Xu, Xu, Xu, Xu, Xu, Xu, Xu, Xu, Xu, Xu, Xu, Xu, Xu, Xu
