Xu, Xu, Xu, Xu, Xu, Xu, Xu, Xu, Xu, Xu, Xu, Xu, Xu, Xu, Xu, Xu, Xu, Xu, Uu^Ii, Xu, Xu, Xu, Xu, Xu, Xu, Xu, Xu, Xu, Xu, Xu, Xu, Xu, Xu, Xu, Xu, Xu, Xu, Xu, Xu, Xu, Xu, Xu, Xu, Xu
Xu, Xu, Xu, Xu, Xu, Xu, Xu, Xu, Xu, Xu, Xu, Xu, Xu, Xu, Xu, Xu, Xu, Xu, Uu, Xu, Xu, Xu, Xu, Xu, Xu, Xu, Xu, Xu, Xu, Xu, Xu, Xu, Xu, Xu, Xu, Xu, Xu, Xu, Xu, Xu, Xu, Xu, Xu, Xu
Xu, Xu, Xu, Xu, Xu, Xu, Xu, Xu, Xu, Xu, Xu, Xu, Xu, Xu, Xu, Xu, Xu, Xu, Xu, Uu, Re, Xu, Xu, Xu, Xu, Xu, Xu, Xu, Xu, Xu, Xu, Xu, Xu, Xu, Xu, Xu, Xu, Xu, Xu, Xu, Xu, Xu, Xu, Xu
Xu, Xu, Xu, Xu, Xu, Xu, Xu, Xu, Xu, Xu, Xu, Xu, Xu, Xu, Xu, Xu, Xu, Xu, Xu, Xu, Uh, Re, Xu, Xu, Xu, Xu, Xu, Xu, Xu, Xu, Xu, Xu, Xu, Xu, Xu, Xu, Xu, Xu, Xu, Xu, Xu, Xu, Xu, Xu
Xu, Xu, Xu, Xu, Xu, Xu, Xu, Xu, Xu, Xu, Xu, Xu, Xu, Xu, Xu, Xu, Xu, Xu, Xu, Xu, Xu, Re, Xu, Xu, Xu, Xu, Xu, Xu, Xu, Xu, Xu, Xu, Xu, Xu, Xu, Xu, Xu, Xu, Xu, Xu, Xu, Xu, Xu, Xu
Xu, Xu, Xu, Xu, Xu, Xu, Xu, Xu, Xu, Xu, Xu, Xu, Xu, Xu, Xu, Xu, Xu, Xu, Xu, Xu, Xu, Uu, Re, Xu, Xu, Xu, Xu, Xu, Xu, Xu, Xu, Xu, Xu, Xu, Xu, Xu, Xu, Xu, Xu, Xu, Xu, Xu, Xu, Xu
Xu, Xu, Xu, Xu, Xu, Xu, Xu, Xu, Xu, Xu, Xu, Xu, Xu, Xu, Xu, Xu, Xu, Xu, Xu, Xu, Xu, Xu, Xu, Re^Es, Uh, Xu, Xu, Xu, Xu, Xu, Xu, Xu, Xu, Xu, Xu, Xu, Xu, Xu, Xu, Xu, Xu, Xu, Xu, Xu
Xu, Xu, Xu, Xu, Xu, Xu, Xu, Xu, Xu, Xu, Xu, Xu, Xu, Xu, Xu, Xu, Xu, Xu, Xu, Xu, Xu, Xu, Xu, Re, Uh, Xu, Xu, Xu, Xu, Xu, Xu, Xu, Xu, Xu, Xu, Xu, Xu, Xu, Xu, Xu, Xu, Xu, Xu, Xu
Xu, Xu, Xu, Xu, Xu, Xu, Xu, Xu, Xu, Xu, Xu, Xu, Xu, Xu, Xu, Xu, Xu, Xu, Xu, Xu, Xu, Xu, Uu, Uu, Xu, Xu, Xu, Xu, Xu, Xu, Xu, Xu, Xu, Xu, Xu, Xu, Xu, Xu, Xu, Xu, Xu, Xu, Xu, Xu
Xu, Xu, Xu, Xu, Xu, Xu, Xu, Xu, Xu, Xu, Xu, Xu, Xu, Xu, Xu, Xu, Xu, Xu, Xu, Xu, Uh, Xu, Re, Re, Xu, Xu, Ql, Ql, Xu, Xu, Xu, Xu, Xu, Xu, Xu, Xu, Xu, Xu, Xu, Xu, Xu, Xu, Xu, Xu
Xu, Xu, Xu, Xu, Xu, Xu, Xu, Xu, Xu, Xu, Xu, Xu, Xu, Xu, Xu, Xu, Xu, Xu, Ql, Uh, Rr^Vd, Uu, Re, Uu, Ql, Ql, Ql, Ql, Ql, Xu, Xu, Xu, Xu, Xu, Xu, Xu, Xu, Xu, Xu, Xu, Xu, Xu, Xu, Xu
Xu, Xu, Xu, Xu, Xu, Xu, Xu, Xu, Xu, Xu, Xu, Xu, Xu, Xu, Xu, Xu, Xu, Ql, Ql, Uu, Uu, Uu, Rr, Uu, Uh, Uh, Uh, Ql, Ql, Xu, Xu, Xu, Xu, Xu, Xu, Xu, Xu, Xu, Xu, Xu, Xu, Xu, Xu, Xu
Xu, Xu, Xu, Xu, Xu, Xu, Xu, Xu, Xu, Xu, Xu, Xu, Xu, Xu, Xu, Xu, Xu, Ql, Ql, Uh, Uu, Rr^Es, Uu, Uu, Cud, Cud, Uh, Uh, Ql, Ql, Xu, Xu, Xu, Xu, Xu, Xu, Xu, Xu, Xu, Xu, Xu, Xu, Xu, Xu
Xu, Xu, Xu, Xu, Xu, Xu, Xu, Xu, Xu, Xu, Xu, Xu, Xu, Xu, Xu, Ql, Ql, Ql, Uh, Uh, Rr^Vd, Rr, Rr, Rr, Rr, Uu, Uh, Ql, Ql, Ql, Uh, Xu, Xu, Xu, Xu, Xu, Xu, Xu, Xu, Xu, Xu, Xu, Xu, Xu
Xu, Xu, Xu, Xu, Xu, Xu, Xu, Xu, Xu, Xu, Xu, Xu, Xu, Xu, Xu, Uh, Ql, Ql, Uu, Uu, Uh, Rr, Cud, Rr, Cud, Uu, Uu, Ql, Ql, Uu, Rr^Vd, Xu, Xu, Xu, Xu, Xu, Xu, Xu, Xu, Xu, Xu, Xu, Xu, Xu
Xu, Xu, Xu, Xu, Xu, Xu, Xu, Xu, Xu, Xu, Xu, Xu, Xu, Xu, Rr^Vd, Uh, Ql, Uu, Rr^Vd, Uh, Ql, Uh, Cud, Cud, Cud, Uh, Uh, Ql, Ql, Uh, Xu, Xu, Xu, Xu, Xu, Xu, Xu, Xu, Xu, Xu, Xu, Xu, Xu, Xu
Xu, Xu, Xu, Xu, Xu, Xu, Xu, Xu, Xu, Xu, Xu, Xu, Xu, Uu, Uu, Uu^Es, Ql, Uh, Uh, Uu, Ql, Ql, Ql, 7 Kud^Ii, Ql, Ql, Ql, Ql, Ql, Ql, Xu, Xu, Xu, Xu, Xu, Xu, Xu, Xu, Xu, Xu, Xu, Xu, Xu, Xu
Xu, Xu, Xu, Xu, Xu, Xu, Xu, Xu, Xu, Xu, Xu, Xu, Xu, Ql, Ql, Uh, Ql, Ql, Ql, Ql, Ql, Ql, Ql, Ur, Ql, Ql, Ql, Ql, Ql, Xu, Xu, Xu, Xu, Xu, Xu, Xu, Xu, Xu, Xu, Xu, Xu, Xu, Xu, Xu
Xu, Xu, Xu, Xu, Xu, Xu, Xu, Xu, Xu, Xu, Xu, Xu, Xu, Xu, Ql, Ql, Ql, Ql, Ql, Ql, Ql, Ql, Ql, Ur, Ql, Ql, Ql, Ql, Ql, Xu, Xu, Xu, Xu, Xu, Xu, Xu, Xu, Xu, Xu, Xu, Xu, Xu, Xu, Xu
Xu, Xu, Xu, Xu, Xu, Xu, Xu, Xu, Xu, Xu, Xu, Xu, Xu, Xu, Xu, Ql, Ql, Ql, Ql, Ql, Ql, Ql, Ql, Ur, Ql, Ql, Ql, Ql, Uh, Xu, Xu, Xu, Xu, Xu, Xu, Xu, Xu, Xu, Xu, Xu, Xu, Xu, Xu, Xu
Xu, Xu, Xu, Xu, Xu, Xu, Uu, Xu, Xu, Uu, Re^Es, Uu, Re, Uh, Uh, Xu, Xu, Xu, Xu, Xu, Xu, Ql, Ql, Ur, Ql, Ql, Xu, Uh, Uu^Tf, Xu, Xu, Xu, Xu, Xu, Xu, Xu, Xu, Xu, Xu, Xu, Xu, Xu, Xu, Xu
Xu, Xu, Xu, Xu, Xu, Xu, Rr, Rr, Uh, Uu, Re, Uu, Uu, Re, Re, Xu, Xu, Xu, Uu^Vu, Xu, Xu, Xu, Uh, Ur, Uh, Xu, Xu, Uu, Re, Uu, Xu, Xu, Xu, Xu, Xu, Xu, Xu, Xu, Xu, Xu, Xu, Xu, Xu, Xu
Xu, Xu, Xu, Xu, Xu, Uu, Rr, Uu, Uh, Re, Xu, Xu, Xu, Uh, Re, Uu, Uh, Uu, Uu, Uu, Xu, Xu, Uu, Re^Es, Re^Es, Xu, Rr^Vd, Uh, Re, Xu, Xu, Xu, Xu, Xu, Xu, Xu, Xu, Xu, Xu, Xu, Xu, Xu, Xu, Xu
Xu, Xu, Xu, Uu, Uu, Uh, Uh, Uu, Re, Uu, Uu, Xu, Xu, Uh, Re^Es, Uu^Vu, Re, Uu, Re, Uu, Xu, Xu, Re, Re^Es, Re, Uu, Uu, Re, Xu, Uu^Tf, Uu, Xu, Xu, Xu, Xu, Xu, Xu, Xu, Xu, Xu, Xu, Xu, Xu, Xu
Xu, Xu, Xu, Xu, Uh, Uu, Re, Co, Uh, Uu, Xu, Xu, Uu, Uu, Re, Re, Co, Re, Co, Uu, Re^Es, Uu, Xu, Uu, Uu, Re, Uu, Uh, Uh, Xu, Uu, Xu, Xu, Xu, Xu, Xu, Xu, Xu, Xu, Xu, Xu, Xu, Xu, Xu
Xu, Xu, Xu, Xu, Uh, Uu, Uu, Rr, Rr, Xu, Xu, Xu, Uu^Vu, Re, Uu, Re, Co, 6 Ko, Co, Re^Es, Uu, Xu, Xu, Xu, Xu, Xu, Xu, Re, Re, Uu, Uh, Xu, Xu, Xu, Xu, Xu, Xu, Xu, Xu, Xu, Xu, Xu, Xu, Xu
Xu, Xu, Xu, Xu, Uu, Uu, Uh, Uu, Uu, Uu, Xu, Xu, Xu, Xu, Xu, Uu, Uu, Uh, Uh, Re, Re, Xu, Uu, Uu^Vu, Xu, Xu, Xu, Xu, Uu^Tf, Re^Es, Uu, Xu, Uu^Tf, Xu, Xu, Xu, Xu, Xu, Xu, Xu, Xu, Xu, Xu, Xu
Xu, Xu, Xu, Xu, Uu, Xu, Xu, Uu, Uh, Re, Uu, Xu, Xu, Xu, Uu, Uu, Xu, Uh, Xu, Uh, Xu, Re, Uu, Uh, Xu, Xu, Xu, Xu, Uu, Re^Es, Re, Re, Uu, Uu^Tf, Xu, Xu, Xu, Xu, Xu, Xu, Xu, Xu, Xu, Xu
Xu, Xu, Xu, Xu, Xu, Xu, Xu, Uu^Tf, Uh, Re, Re, Xu, Xu, Xu, Uh, Xu, Xu, Xu, Xu, Xu, Xu, Xu, Xu, Xu, Xu, Xu, Xu, Xu, Uu, Uu, Rr, Co, 5 Ko, Uu, Uh, Xu, Xu, Xu, Xu, Xu, Xu, Xu, Xu, Xu
Xu, Xu, Xu, Xu, Xu, Xu, Xu, Xu, Xu, Uh, Re, Re, Uu^Vu, Uh, Re, Xu, Uu, Xu, Uu, Uh, Uu, Xu, Xu, Xu, Xu, Xu, Xu, Uh, Xu, Xu, Rr, Co, Co, Co, Uh, Xu, Xu, Xu, Xu, Xu, Xu, Xu, Xu, Xu
Xu, Xu, Xu, Xu, Xu, Xu, Xu, Xu, Xu, Xu, Uu, Uu, Uu^Tf, Uu, Re, Uu, Re^Es, Re, Re, Uu^Vu, Uu, Xu, Xu, Xu, Uu, Xu, Xu, Uu, Uu, Xu, Rr, Co, Rr, Uu, Xu, Xu, Xu, Xu, Xu, Xu, Xu, Xu, Xu, Xu
Xu, Xu, Xu, Xu, Xu, Xu, Xu, Xu, Xu, Co, Co, Rr, Uu, Uu, Uu, Re, Xu, Uu, Xu, Uu, Xu, Xu, Xu, Uu^Tf, Uu^Vu, Uu^Tf, Xu, Xu, Xu, Uu, Rr, Rr, Uu, Uu, Xu, Xu, Xu, Xu, Xu, Xu, Xu, Xu, Xu, Xu
Xu, Xu, Xu, Xu, Xu, Xu, Xu, Xu, Co, 4 Ko, Co, Rr, Rr, Rr, Uu^Vu, Uh, Xu, Xu, Xu, Xu, Xu, Xu, Uu, Uu^Tf, Re, Uu, Xu, Xu, Uu, Rr, Uu, Uu, Xu, Xu, Xu, Xu, Xu, Xu, Xu, Xu, Xu, Xu, Xu, Xu
Xu, Xu, Xu, Xu, Xu, Xu, Xu, Xu, Xu, Co, Rr, Co, Rr, Uu, Uh, Uu, Xu, Xu, Xu, Xu, Xu, Xu, Uu, Re, Xu, Uu, Uu^Tf, Re, Uu, Uu, Uu, Uu^Tf, Xu, Xu, Xu, Xu, Xu, Xu, Xu, Xu, Xu, Xu, Xu, Xu
Xu, Xu, Xu, Xu, Xu, Xu, Xu, Xu, Xu, Xu, Uu, Rr, Uu, Rr, Uh, Xu, Xu, Xu, Xu, Xu, Xu, Xu, Re, Xu, Xu, Xu, Uu, Re^Es, Re, Re, Xu, Uu, Re, Uu, Uu, Xu, Xu, Xu, Xu, Xu, Xu, Xu, Xu, Xu
Xu, Xu, Xu, Xu, Xu, Xu, Xu, Xu, Xu, Xu, Uu^Vu, Uu, Uh, Rr, Uu, Uu, Uu, Xu, Xu, Xu, Xu, Uu, Uu^Vu, Re, Xu, Xu, Re, Uu^Tf, Uu^Tf, Xu, Xu, Xu, Re, Uu^Vu, Uu^Tf, Xu, Xu, Xu, Xu, Xu, Xu, Xu, Xu, Xu
Xu, Xu, Xu, Xu, Xu, Xu, Xu, Xu, Xu, Xu, Xu, Xu, Xu, Uu, Uu, Re^Es, Re^Es, Xu, Xu, Xu, Xu, Uu^Tf, Uu, Re, Uu, Xu, Re, Uu, Uu, Xu, Xu, Xu, Xu, Re, Xu, Xu, Xu, Xu, Xu, Xu, Xu, Xu, Xu, Xu
Xu, Xu, Xu, Xu, Xu, Xu, Xu, Xu, Xu, Xu, Xu, Xu, Xu, Xu, Xu, Uh, Re, Uu, Re, Xu, Xu, Xu, Xu, Xu, Xu, Uu, Uu, Re, Uu^Tf, Xu, Xu, Xu, Uu^Tf, Uu, Xu, Xu, Xu, Xu, Xu, Xu, Xu, Xu, Xu, Xu
Xu, Xu, Xu, Xu, Xu, Xu, Xu, Xu, Xu, Xu, Xu, Xu, Xu, Xu, Xu, Uh, Uu, Uu, Re^Es, Uh, Re, Re^Tf, Uu, Xu, Re, Uu^Tf, Re, Uu, Xu, Re, Re, Re, Uu, Xu, Xu, Xu, Xu, Xu, Xu, Xu, Xu, Xu, Xu, Xu
Xu, Xu, Xu, Xu, Xu, Xu, Xu, Xu, Xu, Xu, Xu, Xu, Xu, Xu, Xu, Xu, Xu, Re, Xu, Re, Uu, Uh, Uu, Re, Uh, Uu, Uu, Uu, Xu, Xu, Uu, Uu^Vu, Uu, Xu, Xu, Xu, Xu, Xu, Xu, Xu, Xu, Xu, Xu, Xu
Xu, Xu, Xu, Xu, Xu, Xu, Xu, Xu, Xu, Xu, Xu, Xu, Xu, Xu, Xu, Xu, Xu, Xu, Xu, Xu, Xu, Xu, Re, Uu, Re, Xu, Xu, Xu, Xu, Xu, Xu, Uu, Xu, Xu, Xu, Xu, Xu, Xu, Xu, Xu, Xu, Xu, Xu, Xu
Xu, Xu, Xu, Xu, Xu, Xu, Xu, Xu, Xu, Xu, Xu, Xu, Xu, Xu, Xu, Xu, Xu, Xu, Xu, Xu, Xu, Xu, Re, Xu, Re, Uu, Xu, Xu, Xu, Xu, Xu, Xu, Xu, Xu, Xu, Xu, Xu, Xu, Xu, Xu, Xu, Xu, Xu, Xu
Xu, Xu, Xu, Xu, Xu, Xu, Xu, Xu, Xu, Xu, Xu, Xu, Xu, Xu, Xu, Xu, Xu, Xu, Xu, Xu, Xu, Xu, Uh, Xu, Uh, Uu, Xu, Xu, Xu, Xu, Xu, Xu, Xu, Xu, Xu, Xu, Xu, Xu, Xu, Xu, Xu, Xu, Xu, Xu
Xu, Xu, Xu, Xu, Xu, Xu, Xu, Xu, Xu, Xu, Xu, Xu, Xu, Xu, Xu, Xu, Xu, Xu, Xu, Xu, Xu, Uu, Rr, Re, Re, Xu, Xu, Xu, Xu, Xu, Xu, Xu, Xu, Xu, Xu, Xu, Xu, Xu, Xu, Xu, Xu, Xu, Xu, Xu
Xu, Xu, Xu, Xu, Xu, Xu, Xu, Xu, Xu, Xu, Xu, Xu, Xu, Xu, Xu, Xu, Xu, Xu, Xu, Xu, Xu, Xu, Rr^Vu, Re, Uu^Vu, Xu, Xu, Xu, Xu, Xu, Xu, Xu, Xu, Xu, Xu, Xu, Xu, Xu, Xu, Xu, Xu, Xu, Xu, Xu
Xu, Xu, Xu, Xu, Xu, Xu, Xu, Xu, Xu, Xu, Xu, Xu, Xu, Xu, Xu, Xu, Xu, Xu, Xu, Xu, Xu, Re, Rr, Rr, Uu, Uh, Xu, Xu, Xu, Xu, Xu, Xu, Xu, Xu, Xu, Xu, Xu, Xu, Xu, Xu, Xu, Xu, Xu, Xu
Xu, Xu, Xu, Xu, Xu, Xu, Xu, Xu, Xu, Xu, Xu, Xu, Xu, Xu, Xu, Xu, Xu, Xu, Xu, Xu, Xu, Re, Co, Co, Co, Uh, Xu, Xu, Xu, Xu, Xu, Xu, Xu, Xu, Xu, Xu, Xu, Xu, Xu, Xu, Xu, Xu, Xu, Xu
Xu, Xu, Xu, Xu, Xu, Xu, Xu, Xu, Xu, Xu, Xu, Xu, Xu, Xu, Xu, Xu, Xu, Xu, Xu, Xu, Xu, Uu, Co, 3 Co, Co, Re, Xu, Xu, Xu, Xu, Xu, Xu, Xu, Xu, Xu, Xu, Xu, Xu, Xu, Xu, Xu, Xu, Xu, Xu
Xu, Xu, Xu, Xu, Xu, Xu, Xu, Xu, Xu, Xu, Xu, Xu, Xu, Xu, Xu, Xu, Xu, Xu, Xu, Xu, Xu, Uh, Uu, Co, Rr^Es, Re, Xu, Xu, Xu, Xu, Xu, Xu, Xu, Xu, Xu, Xu, Xu, Xu, Xu, Xu, Xu, Xu, Xu, Xu
Xu, Xu, Xu, Xu, Xu, Xu, Xu, Xu, Xu, Xu, Xu, Xu, Xu, Xu, Xu, Xu, Xu, Xu, Xu, Xu, Xu, Xu, Uh, Uu, Rr, Re^Vu, Xu, Xu, Xu, Xu, Xu, Xu, Xu, Xu, Xu, Xu, Xu, Xu, Xu, Xu, Xu, Xu, Xu, Xu
Xu, Xu, Xu, Xu, Xu, Xu, Xu, Xu, Xu, Xu, Xu, Xu, Xu, Xu, Xu, Xu, Xu, Xu, Xu, Xu, Xu, Xu, Xu, Re^Vu, Rr, Rr, Re, Xu, Xu, Xu, Xu, Xu, Xu, Xu, Xu, Xu, Xu, Xu, Xu, Xu, Xu, Xu, Xu, Xu
Xu, Xu, Xu, Xu, Xu, Xu, Xu, Xu, Xu, Xu, Xu, Xu, Xu, Xu, Xu, Xu, Xu, Xu, Xu, Xu, Xu, Xu, Xu, Xu, Xu, Uu, Uu, Re, Xu, Xu, Xu, Xu, Xu, Xu, Xu, Xu, Xu, Xu, Xu, Xu, Xu, Xu, Xu, Xu
Xu, Xu, Xu, Xu, Xu, Xu, Xu, Xu, Xu, Xu, Xu, Xu, Xu, Xu, Xu, Xu, Xu, Xu, Xu, Xu, Xu, Xu, Xu, Xu, Xu, Xu, Uu, Re, Uu, Xu, Xu, Xu, Xu, Xu, Xu, Xu, Xu, Xu, Xu, Xu, Xu, Xu, Xu, Xu
Xu, Xu, Xu, Xu, Xu, Xu, Xu, Xu, Xu, Xu, Xu, Xu, Xu, Xu, Xu, Xu, Xu, Xu, Xu, Xu, Xu, Xu, Xu, Xu, Xu, Xu, Xu, Re, Uu, Xu, Xu, Xu, Xu, Xu, Xu, Xu, Xu, Xu, Xu, Xu, Xu, Xu, Xu, Xu
Xu, Xu, Xu, Xu, Xu, Xu, Xu, Xu, Xu, Xu, Xu, Xu, Xu, Xu, Xu, Xu, Xu, Xu, Xu, Xu, Xu, Xu, Xu, Xu, Xu, Xu, Xu, Uu, Re, Uu, Xu, Xu, Xu, Xu, Xu, Xu, Xu, Xu, Xu, Xu, Xu, Xu, Xu, Xu
Xu, Xu, Xu, Xu, Xu, Xu, Xu, Xu, Xu, Xu, Xu, Xu, Xu, Xu, Xu, Xu, Xu, Xu, Xu, Xu, Xu, Xu, Xu, Xu, Xu, Xu, Xu, Xu, Re, Re, Xu, Xu, Xu, Xu, Xu, Xu, Xu, Xu, Xu, Xu, Xu, Xu, Xu, Xu
Xu, Xu, Xu, Xu, Xu, Xu, Xu, Xu, Xu, Xu, Xu, Xu, Xu, Xu, Xu, Xu, Xu, Xu, Xu, Xu, Xu, Xu, Xu, Xu, Xu, Xu, Xu, Xu, Re, Uu, Xu, Xu, Xu, Xu, Xu, Xu, Xu, Xu, Xu, Xu, Xu, Xu, Xu, Xu
Xu, Xu, Xu, Xu, Xu, Xu, Xu, Xu, Xu, Xu, Xu, Xu, Xu, Xu, Xu, Xu, Xu, Xu, Xu, Xu, Xu, Xu, Xu, Xu, Xu, Xu, Xu, Xu, 1 Uu, Uu, Xu, Xu, Xu, Xu, Xu, Xu, Xu, Xu, Xu, Xu, Xu, Xu, Xu, Xu
Xu, Xu, Xu, Xu, Xu, Xu, Xu, Xu, Xu, Xu, Xu, Xu, Xu, Xu, Xu, Xu, Xu, Xu, Xu, Xu, Xu, Xu, Xu, Xu, Xu, Xu, Xu, Xu, 2 Uu, Xu, Xu, Xu, Xu, Xu, Xu, Xu, Xu, Xu, Xu, Xu, Xu, Xu, Xu, Xu
Xu, Xu, Xu, Xu, Xu, Xu, Xu, Xu, Xu, Xu, Xu, Xu, Xu, Xu, Xu, Xu, Xu, Xu, Xu, Xu, Xu, Xu, Xu, Xu, Xu, Xu, Xu, Xu, Uu, Xu, Xu, Xu, Xu, Xu, Xu, Xu, Xu, Xu, Xu, Xu, Xu, Xu, Xu, Xu
