Xu, Xu, Xu, Xu, Xu, Xu, Xu, Xu, Xu, Xu, Xu, Xu, Xu, Xu, Xu, Xu, Xu, Xoa, Uh, Uu, Uu, Rr, Uu, Uu, Uu, Xoa, Xu, Xu, Xu, Xu, Xu, Xu, Xu, Xu, Xu, Xu, Xu, Xu, Xu, Xu, Xu, Xu
Xu, Xu, Xu, Xu, Xu, Xu, Xu, Xu, Xu, Xu, Xu, Xu, Xu, Xu, Xu, Xu, Xoa, Xoa, Uu, Uu, Rr, Rr, Rr, Uu, Uh, Xoa, Xoa, Xu, Xu, Xu, Xu, Xu, Xu, Xu, Xu, Xu, Xu, Xu, Xu, Xu, Xu, Xu
Xu, Xu, Xu, Xu, Xu, Xu, Xu, Xu, Xu, Xu, Xu, Xu, Xu, Xu, Xoa, Xoa, Xoa, Uu, Uu, Rr, Cud, Cud, Cud, Rr, Uu, Uu, Xoa, Xoa, Xoa, Xu, Xu, Xu, Xu, Xu, Xu, Xu, Xu, Xu, Xu, Xu, Xu, Xu
Xu, Xu, Xu, Xu, Xu, Xu, Xu, Xu, Xu, Xu, Xu, Xu, Xoa, Xoa, Uu, Uh, Uu, Uu, Rr, Rr, Cud, 3 Kud, Cud, Rr, Rr, Uu, Uu, Uh, Uu, Xoa, Xoa, Xu, Xu, Xu, Xu, Xu, Xu, Xu, Xu, Xu, Xu, Xu
Xu, Xu, Xu, Xu, Xu, Xu, Xu, Xu, Xu, Xu, Xu, Xu, Xoa, Uu, Uu, Uu^Vud, Rr, Uu, Rr, Cud, Rr, Cud, Rr, Cud, Rr, Uu, Rr, Uu^Vud, Uu, Uu, Xoa, Xu, Xu, Xu, Xu, Xu, Xu, Xu, Xu, Xu, Xu, Xu
Xu, Xu, Xu, Xu, Xu, Xu, Xu, Xu, Xu, Xu, Xu, Xu, Xoa, Xoa, Uu, Rr, Cud, Rr, Rr, Rr, Uu, Rr, Uu, Rr, Rr, Rr, Cud, Rr, Uu, Xoa, Xoa, Xu, Xu, Xu, Xu, Xu, Xu, Xu, Xu, Xu, Xu, Xu
Md^Xm, Md^Xm, Md^Xm, Xu, Md^Xm, Xu, Md^Xm, Xu, Mm, Xu, Xoa, Xoa, Xoa, Uh, Uu^Vud, Rr, Rr, Cud, Rr, Uu, Uu, Rr, Uu, Uu, Rr, Cud, Rr, Rr, Uu^Vud, Uu, Xoa, Xoa, Xoa, Xu, Mm, Xu, Mm, Xu, Md^Xm, Xu, Md^Xm, Xu
Md^Xm, Md^Xm, Md^Xm, Md^Xm, Md^Xm, Md^Xm, Mm, Mm, Mm, Mm, Xoa^Efs, Xoa, Cud, Uu, Uu, Uu, Uh, Rr, Uu, Uu^Vud, Uu, Rr, Uu, Uu^Vud, Uu, Rr, Uu, Uh, Uu, Uu, Cud, Xoa, Xoa^Efs, Mm, Hh, Mm, Mm, Mm, Mm, Md^Xm, Md^Xm, Md^Xm
Md^Xm, Md^Xm, Mm, Mm, Mm, Mm, Mm, Mm, Mm, Mm, Hh, Rd, Rd, Cud, Xoa, Xoa, Xoa, Uu, Uu, Uu, Xoa, Rr, Xoa, Uu, Uu, Uu, Xoa, Xoa, Xoa, Cud, Rd, Rd, Hh, Mm, Hh, Hh, Mm, Mm, Md^Xm, Md^Xm, Md^Xm, Md^Xm
Md^Xm, Md^Xm, Mm, Mm, Mm, Mm, Mm, Mm, Hh, Mm, Hh, Rd, Hh, Rd, Xoa^Efs, Xoa, Cud, Cud, Cud, Cud, Xoa^Efs, Rr^Pr|, Xoa^Efs, Cud, Cud, Cud, Cud, Xoa, Xoa^Efs, Rd, Hh, Rd, Rd, Hh, Mm, Mm, Mm, Mm, Mm, Mm, Mm, Md^Xm
Md^Xm, Mm, Mm, Mm, Hh^Vhh, Mm, Mm, Mm, Hh, Hh, Rd, Rd, Hh, Mm, Mm, Hh, Hh, Hh, Hh, Hh, Hh, Rr, Hh, Hh, Hh, Hh, Hh, Hh, Mm, Mm, Mm, Rd, Rd, Hh, Hh, Mm, Hh, Mm, Hh, Mm, Mm, Md^Xm
Md^Xm, Md^Xm, Mm, Mm, Mm, Mm, Mm, Hh, Hh, Rd, Rd, Hh, Mm, Mm, Mm, Mm, Hh, Hh, Mm, Mm, Mm, Rr, Mm, Mm, Hh, Hh, Hh, Mm, Mm, Mm, Hh, Hh, Mm, Rd, Rd, Rd, Rd, Hh, Hh^Vhh, Mm, Mm, Mm
Md^Xm, Mm, Mm, Hh^Fp, Hh^Fp, Mm, Hh^Vhhr, Hh, Rd, Rd, Hh, Hh, Hh, Mm, Mm, Hh, Mm, Mm, Mm, Mm, Mm, Rr, Mm, Mm, Mm, Hh, Mm, Hh, Mm, Mm, Mm, Mm, Mm, Hh, Hh, Hh, Rd, Hh, Mm, Mm, Mm, Mm
Md^Xm, Mm, Gll^Fmw, Hh^Fp, Gll^Fp, Hh, Hh, Rd, Rd, Hh, Hh, Mm, Hh^Vhh, Hh, Hh, Hh, Hh, Hh, Mm, Hh, Hh, Rr, Hh, Hh, Hh, Hh, Mm, Mm, Mm, Mm, Mm, Mm, Mm, Mm, Mm, Hh, Rd, Hh, Hh, Hh^Vhh, Hh, Mm
Mm, Mm, Gs^Fms, Gll^Fp, Gd^Vc, Hh, Hh, Rd, Hh, Hh, Mm, Mm, Mm, Mm, Mm, Mm, Hh, Hh, Hh, Mm, Hh, Rr, Hh, Mm, Hh, Hh, Mm, Mm, Mm, Mm, Mm, Mm, Hh^Vhh, Gd^Fp, Gd^Fp, Rd, Rd, Rd, Hh, Hh, Mm, Mm
Gll^Fp, Mm, Gd^Fet, Gs^Fms, Gll^Fp, Rd, Rd, Rd, Rd, Hh, Mm, Mm, Mm, Mm, Hh, Hh, Rd, Rd, Hh, Mm, Hh, Rr, Hh, Hh, Gll^Fp, Mm, Gll^Fp, Gll^Fp, Gll^Fmw, Mm, Mm, Hh, Rd, Gd^Fp, Gd^Fp, Rd, Rd, Hh, Hh, Mm, Mm, Mm
Gll^Fp, Gs^Fms, Gll^Fmw, Gll^Fp, Cte, Cte, Rd, Hh, Hh, Mm, Mm, Mm, Mm, Mm, Hh, Rd, Gll^Fp, Rd, Rd, Hh^Vhhr, Rd, Rr, Rd, Rd, Rd, Gll^Fp, Gd^Vc, Gll^Fmw, Gll^Fp, Mm, Rd, Rd, Hh, Rd, Rd, Gd^Fp, Rd, Hh, Hh, Hh, Hh^Vhhr, Mm
Gll^Fp, Gll^Fmw, Gll^Fp, Gll^Fp, Hh^Fp, 7 Kte, Cte, Rd, Hh, Hh^Vhhr, Mm, Mm, Hh, Hh, Rd, Gd^Vc, Gll^Fp, Rd, Ww, Rd, Rr, Rr, Hh, Rd, Hh, Rd, Gll^Fp, Gll^Fp, Gll^Fmw, Mm, Rd, Hh, Hh, Rd, Hh, Rd, Rd, Rd, Hh, Hh, Mm, Mm
Mm, Gll^Fp, Mm, Hh^Fp, Mm, Cte, Cte, Rd, Hh, Mm, Mm, Mm, Hh, Rd, Rd, Gll^Fp, Gll^Fp, Wwr, Ww, Rd, Rr, Hh, Hh, Hh, Hh, Hh^Fp, Hh^Fp, Gll^Fp, Gll^Fp, Rd, Hh, Hh, Mm, Hh, Hh, Rd, Rd, Cte, Mm, Mm, Mm, Mm
Mm, Mm, Mm, Mm, Hh, Hh, Rd, Rd, Hh, Mm, Rd, Hh, Rd, Rd, Hh, Gll^Fp, Wwr, Ww, Ww, Rr, Cte, Cte, Mm, Hh^Vhhr, Mm, Mm, Rd, Gll^Fp, Rd, Rd, Hh, Hh^Vhhr, Mm, Hh, Hh^Vhhr, Hh, Cte, Cte, 5 Kte, Cte, Mm, Mm
Mm, Mm, Mm, Mm, Hh^Vhhr, Hh, Hh, Rd, Rd, Hh, Rd, Rd, Hh, Hh, Gll^Fp, Gll^Fp, Ww, Ww, Wwr, Rr, Cte, Mm, Cte, Mm, Mm, Hh, Hh, Rd, Rd, Hh, Hh, Mm, Mm, Mm, Mm, Hh, Hh, Cte, Cte, Cte, Mm, Mm
Mm, Mm, Mm, Mm, Mm, Hh, Mm, Rd, Hh, Rd, Rd, Rd, Hh^Vhhr, Hh^Fp, Wwr, Wwr, Wwr, Gll^Fp, Gll^Fp, Rr, Cte, 6 Kte, Cte, Mm, Mm, Hh, Rd, Rd, Hh, Hh, Mm, Mm, Mm, Mm, Hh, Hh, Mm, Rd, Rd, Hh, Mm, Mm
Mm, Mm, Mm, Mm, Mm, Mm, Mm, Hh, Hh^Fp, Rd, Rd, Hh, Gll^Fp, Gll^Fp, Gll^Fp, Gll^Fp, Gll^Fp, Gll^Fmw, Gll^Fp, Rr, Gll^Fp, Gll^Fp, Gll^Fp, Mm, Hh, Hh, Rd, Hh, Hh, Mm, Mm, Mm, Mm, Mm, Hh, Mm, Mm, Hh, Rd, Hh, Mm, Mm
Mm, Mm, Hh, Mm, Hh, Hh^Vhhr, Hh, Hh, Gll^Fp, Gll^Fp, Rd, Gll^Fp, Hh, Gll^Fp, Gd^Vc, Gll^Fmw, Gll^Fp, Gll^Fp, Rr, Rr, Gll^Fp, Gll^Fp, Gll^Fp, Mm, Hh, Rd, Rd, Gd^Vc, Mm, Mm, Mm, Mm, Mm, Hh^Vhhr, Mm, Mm, Gll^Fp, Gd^Vc, Rd, Mm, Gll^Fp, Mm
Mm, Mm, Hh, Hh, Hh, Hh, Hh^Fp, Hh, Gll^Fmw, Gll^Fmw, Gll^Fp, Rd, Hh, Hh, Rd, Gll^Fp, Rr, Rr, Gll^Fp, Gs^Fms, Gd^Fet, Gs^Fms, Gll^Fp, Hh^Fp, Gll^Fp, Rd, Gd^Fp, Gd^Fp, Mm, Hh, Hh, Mm, Mm, Mm, Mm, Mm, Gll^Fp, Gll^Fp, Gll^Fp, Rd, Gll^Fp, Gll^Fp
Hh, Hh, 4 Ko, Co, Hh, Hh^Fp, Gll^Fp, Gll^Fmw, Gll^Fp, Gll^Fp, Gd^Vc, Rd, Rd, Rd, Rr, Rr, Hh, Hh^Vhhr, Hh, Gs^Fms, Gll^Fp, Gs^Fms, Hh^Fp, Gll^Fp, Gll^Fp, Rd, Rd, Gd^Fp, Hh, Hh, Hh, Mm, Hh, Hh, Gll^Fp, Hh^Fp, Gll^Fp, Gll^Fmw, Gll^Fp, Rd, Gll^Fp, Gll^Fp
Rr, Co, Co, Hh, Hh, Gll^Fp, Rr, Gll^Fp, Rr, Gll^Fp, Rr, Rr, Rr, Rr, Rr, Hh, Rr, Hh, Hh, Gll^Fp, Hh^Fp, Hh, Hh, Hh^Fp, Gll^Fp, Gll^Fmw, Gll^Fp, Rd, Rd, Hhd^Fp, Gll^Fp, Hhd^Fp, Gll^Fp, Gll^Fmw, Gll^Fp, Gll^Fp, Gll^Fp, Gll^Fp, Rd, Rd, Gll^Fmw, Gll^Fp
Hh, Rr, Rr, Hh, Rr, Rr, Gd^Fp, Rr, Gd^Fp, Rr, Ss, Rd, Rd, Rd, Rd, Rr, Gs^Fds, Rr, Rr, Hh, Hh, Gll^Fp, Gll^Ve, Gll^Fp, Gll^Fp, Gll^Fmw, Gll^Fp, Gll^Fp, Gll^Fp, Rd, Rr, Gll^Fp, Rr, Gll^Fp, Rr, Gll^Fp, Rr, Rd, Ce, Ce, Ce, Gll^Fp
Hh, Hh, Mm, Rr, Gd^Fp, Gd^Fp, Ss, Gd^Fp, Ss, Ss, Hh, Hh, Hh, Ss, Ss, Gs^Fds, Hh^Fmw, Gs^Fds, Gs^Fds, Rr, Rr, Rr, Rr, Rr, Rr, Rr, Rr, Rr, Rr, Rr, Gs^Fms, Rr, Hh, Rr, Hh, Rr, Hh, Ce, 1 Ke, 2 Ke, Ce, Gll^Fp
Mm, Mm, Mm, Mm, Mm, Hh^Vhh, Hh, Hh, Ss, Hh, Mm, Mm, Mm, Mm, Mm, Mm, Hh, Gg^Ve, Gg, Ss, Ss, Gs^Fds, Gs^Fms, Gs^Fds, Hh^Fms, Hh^Fds, Gs^Fms, Gs^Ve, Gs^Fds, Gs^Fds, Hh, Hh, Hh, Hh, Mm, Hh, Hh^Fp, Ce, Ce, Ce, Gll^Fp, Rr
Mm, Mm, Mm, Mm, Mm, Hh, Mm, Mm, Mm, Mm, Mm, Mm, Mm, Mm, Gs^Fms, Mm, Gs^Fms, Hh, Gs^Fms, Gs^Fds, Gs^Fds, Gs^Fms, Gs^Fds, Gs^Fds, Gs^Fds, Gs^Fds, Hh, Gs^Fds, Mm, Mm, Mm, Mm, Hh, Mm, Mm, Mm, Mm, Mm, Mm, Gll^Fp, Gll^Fp, Gll^Fp
Mm, Mm, Mm, Mm, Mm, Mm, Mm, Mm, Mm, Mm, Mm, Mm, Mm, Mm, Hh, Hh, Hh, Hh, Hh, Hh, Gg, Gg, Gg, Gg, Gg, Hh, Gg, Gg, Mm, Mm, Mm, Mm, Mm, Mm, Mm, Mm, Mm, Mm, Mm, Mm, Mm, Mm
