Mm, Mm, Mm, Mm, Mm, Mm, Mm, Mm, Hh, Hh, Hh, Hh, Hh, Hh, Hh, Hh, Hh, Hh, Hh, Hh, Hh, Hh, Hh, Ai, Ss, Ai, Ss, Ss, Ss, Ww, Wo, Wo, Ww, Gs^Fds, Gs^Fds, Gs^Fds, Gs^Fds, Gs^Fds, Gs^Fds, Gs^Fds, Gs^Fds, Gll^Fp, Gll^Fp, Gll^Fp, Gs^Fms, Gll^Fp
Mm, Mm, Mm, Mm, Mm, Hh, Mm, Hh, Hh, Hhd, Ce, Hhd, Ce, Hh, Hh, Hh, Hh, Hh, Hh, Hh, Hh, Hh, Hh, Ai, Ss, Ss, Ss, Ss, Ss, Ww, Wo, Wo, Ww, Ww, Gs^Fds, Gs^Fds, Gs^Fds, Gs^Fds, Gs^Fds, Gs^Fds, Gs^Fds, Gs^Fds, Gll^Fp, Gll^Fp, Gll^Fp, Gs^Fms
Mm, Mm, Hh, Hh, Hh, Hh, Hh, Hh, Ce, Ce, 5 Ke, Ce, Ce, Hhd, Gd, Gs, Gs, Gg, Gll^Fp, Hh^Fp, Hh^Fp, Hh^Fp, Gd^Fmf, Ss, Gd^Fmf, Gll^Fp, Gd^Fmf, Ss, Ss, Ww, Ww, Wo, Ww, Gs^Fds, Gg^Ve, Gs^Fds, Gs^Fds, Gs^Fds, Gs^Fds, Gs^Fds, Gg^Ve, Gs^Fms, Gs^Fms, Gll^Fp, Gs^Fms, Gs^Fms
Hh, Mm, Hh, Hh, Hhd, Hhd, Hhd, Hh, Ce, Ce, Ce, Ce, Hhd, Hhd, Gs, Gd^Fmf, Gd^Fdf, Gll^Fp, Gd^Fmf, Gll^Fp, Gd^Fmf, Gd^Fmf, Gs^Fms, Gs^Fms, Gs^Fms, Gd^Fmf, Ss, Ss, Ss, Ss, Ww, Wo, Ww, Gs^Fds, Gs^Fds, Gs^Fds, Gs^Fds, Ww, Ww, Gs^Fds, Gs^Fds, Gs^Fds, Gs^Fms, Gs^Fms, Gs^Fp, Gs^Fp
Hh, Hh, Hhd, Hhd, Ce, Ce, Ce, Hhd, Hhd, Ce, Hhd, Hhd, Hhd, Hhd, Gll^Fp, Gd^Fmf, Ss^Fdw, Gd^Fdf, Ss, Hh^Fms, Gs^Fms, Hh^Fms, Gs^Fms, Gll^Fp, Gs^Fds, Gs^Fds, Gs^Fds, Gs^Fds, Wwr, Ww, Ww, Wo, Ww, Ww, Gs^Fds, Wwr, Ww, Ww, Ww, Gs^Fds, Gs^Fms, Gs^Fds, Gs^Fds, Gs^Fp, Gs^Fp, Gs^Fp
Re, Re, Re, Re^Es, Re, 6 Ke, Ce, Ce, Hhd, Hhd, Hhd, Hh, Ss, Gll^Fp, Ss, Ss, Ss, Ss, Ss, Gs^Fds, Ss, Gs^Fds, Ss, Ss, Gll^Fp, Ss, Gs^Fds, Gs^Fds, Wwr, Hhd^Fdf, Ww, Ww, Ww, Ww, Wwr, Ww, Gs^Fds, Ww, Ww, Ww, Gs^Fms, Gs^Fds, Gs^Fds, Gs^Fds, Gs^Fds, Gs^Fp
Re, Ce, Ce, Ce, Re, Ce, Ce, Ce, Hhd, Hhd, Hhd, Wwg, Ss, Wwg, Ss, Ss, Ss, Ss, Gs^Fds, Hh^Fds, Gs^Fds, Ww, Ww, Gs^Fds, Gs^Fds, Gs^Fds, Gs^Fds, Ww, Ww, Ww, Gs^Fds, Wwr, Ce, Gs^Fds, Ww, Ww, Ww, Ww, Gs^Fds, Ww, Gs^Fds, Gs^Fds, Gs^Fds, Gs^Fds, Gs^Fds, Gs^Fms
Re, Ce, 7 Ke, Ce, Ce, Re, Re^Es, Re, Wwg, Wwg, Ai, Wwg, Wwg, Ss, Wwg, Ss, Ss, Gs^Fds, Gs^Fds, Gs^Fds, Wwg, Ww, Hhd^Fdf, Ww, Ww, Ww, Ww, Ww, Gs^Fds, Ww, Gs^Fms, Gs^Fms, Ce, 1 Ke, Gs^Fds, Gs^Fds, Ww, Wwr, Gs^Fds, Wwr, Ww, Gs^Fms, Gg^Ve, Gs^Fds, Gs^Fms, Gs^Fp
Re, Ce, Ce, Ce, Re, Re^Es, Gd, Gd, Wwg, Wwg, Wwg, Ai, Gs^Fds, Ss, Wwg, Wwg, Wwg, Ww^Es, Hhd^Fdf, Ww, Ww, Ww, Ww, Gs^Fds, Wwr, Hhd^Fdf, Ww, Gs^Fds, Gs^Fds, Gs^Fms, Gs^Fms, Gs^Fds, Gs^Fms, Ce, Ce, Gs^Fds, Wwr, Ww, Gs^Fds, Gs^Fds, Wwr, Gs^Fms, Gs^Fms, Gs^Fp, Gd^Fmf, Gs^Fp
Re, Ce, Re, Ce, Re^Es, Re, Gs^Fds, Gs, Gs^Fds, Gs^Fds, Gs^Fds, Gs^Fds, Gs^Fds, Gs^Fds, Wwr, Hh^Fds, Ww, Ww, Ww, Ww, Ww, Gs^Fds, Gs^Fds, Ww, Gs^Fds, Gs^Fds, Gs^Fds, Gs^Fds, Gs^Fms, Gs^Fms, Gs^Fms, Gs^Fds, Gs^Fds, Gs^Fds, Ce, 2 Ke, Gs^Fds, Gs^Fds, Gs^Fms, Gs^Fds, Ww^Es, Wwr, Gs^Fds, Gs^Fms, Ww, Ww
Gg, Re, Gd, Gd, Gs^Fds, Gs^Fds, Hh^Fds, Gs^Fds, Gs^Fds, Gs^Fds, Hh^Fds, Gs^Fds, Ww, Ww, Ww, Ww, Ww, Gs^Fds, Gs^Fds, Gs^Fds, Gs^Fds, Gs^Fds, Gs^Fms, Gs^Fds, Gs^Fds, Gs^Vl, Gs^Fds, Gs^Fms, Gs^Fms, Gs^Fms, Gs^Fms, Gs^Fms, Gs^Fds, Gs^Fds, Gs^Fds, Ce, Gs^Fds, Gs^Fds, Gs^Fds, Gs^Fds, Wwr, Ww, Ww, Wwr, Ww^Es, Ww
Gg, Gg, Gs^Fds, Gs, Gs^Fds, Hh^Fds, Gs^Fds, Gs^Fds, Gs^Fds, Wwr, Ww, Ww, Wwr, Ww, Hh^Fds, Gs^Fds, Gs^Fds, Gs^Fds, Gs^Vl, Gs^Fms, Gs^Fms, Gs^Fms, Re^Fms, Gll^Fp, Gs^Fds, Gs^Fds, Gs^Fds, Ds, Ds^Es, Gs^Fds, Gg, Gs^Fms, Gs^Fds, Gs^Fms, Gs^Fds, Gs^Fds, Gs^Fds, Gs^Fds, Gs^Fds, Gs^Fds, Gs^Fms, Hh^Fds, Ww, Gs^Fds, Ww^Es, Hhd^Fdf
Gs^Fds, Hh^Fds, Hh^Fds, Hh^Fds, Gs^Fds, Hh^Fds, Hh^Fds, Wwr, Ww, Ww, Ww, Ww, Wwr, Gs^Fds, Gs^Fds, Gs^Fds, Gs^Fds, Gs^Fms, Gs^Fds, Gs^Fp, Gs^Fms, Gll^Fp, Gg^Efm, Gs^Fds, Gs^Fds, Gll^Fp, Gs^Fds, Ds, Hd, Gs^Fds, Gs^Fds, Gg, Gs^Fds, Gg, Gg, Gg, Gs^Fds, Gs^Em, Gs^Fds, Gs^Fds, Gs^Vl, Gs^Fds, Gs^Fds, Gs^Fds, Gs^Fds, Gs^Fds
Gs^Fds, Hh^Fds, Hh^Fds, Hh^Fds, Ww, Ww, Ww, Ww, Wo, Ww, Ww, Ww, Hh^Fds, Hh^Fds, Gs^Fms, Gs^Fds, Gs^Fms, Gs^Fms, Gll^Fp, Gs^Fds, Gs^Fms, Gll^Fp, Re^Fms, Gs^Fds, Gs^Fds, Gs^Fds, Ds^Es, Ww, Ww^Es, Ds, Gs^Fds, Gg, Gg, Gs^Vc, Gg, Gs, Gg, Gs, Gg, Gg^Efm, Gg, Hh^Fds, Gs^Fds, Gs^Fds, Gs^Fds, Ww
Hh^Fds, Hh^Fds, Ww, Ww, Wo, Ww, Ww, Wo, Ww, Ww, Ww, Gs^Fds, Gs^Fds, Gs^Fds, Gs^Fds, Gg^Fet, Gs^Fds, Gs^Fms, Gll^Fp, Gs^Fms, Gs^Fp, Gs^Em, Gs^Fp, Re^Fms, Gs^Fms, Gs^Fds, Gs^Fms, Gs^Fds, Gs^Fds, Ww, Ww, Ds, Gg, Gg, Gg, Gg, Gd, Gg, Gd, Gg, Gg, Gg, Gg, Gg, Gg, Ww
Ww, Ww, Wwr, Ww, Wo, Wwr, Ww, Ww, Gs^Fds, Gs^Fds, Gs^Fms, Ss, Gs^Fds, Gs^Fds, Gs^Vl, Gs^Fds, Gs^Fds, Gs^Fds, Gs^Fds, Gs^Fms, Gs^Fms, Gs^Fds, Gs^Fms, Gs^Fms, Gs^Fms, Gs^Fds, Gg, Ds, Ww, Gg, Gg, Gs, Re, Re, Re, Re, Re, Gd, Gd, Gd, Gs^Vc, Gs, Gg, Gg, Gg, Gg
Wo, Ww, Ww, Wo, Ww, Ww, Gs^Fds, Gs^Fds, Hh^Fds, Gs^Fds, Gs^Fds, Hh^Fds, Gs^Fds, Hh^Fds, Gs^Fds, Gs^Fds, Gs^Fds, Ss, Gs^Fds, Gs^Fms, Gs^Fms, Gs^Fms, Gg^Es, Gs, Gg, Gs^Vl, Gg, Gg, Gs, Gs, Re, Re, Rb^Gvs, Rb^Gvs, Rb^Gvs, Rb, Rb^Gvs, Re, Re, Re, Re, Gs, Gg, Gg^Es, Gg, Gg
Wo, Ww, Ww, Ww, Gs^Fds, Ww, Gs^Fds, Gs^Fds, Gg, Gs^Fds, Gs^Fds, Gs^Fds, Gs^Fds, Gg, Gs^Fds, Gs^Fds, Gs^Fds, Gs^Fds, Re, Gg, Gg, Gg, Gg, Gg, Gg, Gs, Re, Re, Re, Re, Rb^Gvs, Rb^Gvs, Rb^Gvs, Rb^Gvs, Rb^Gvs, Rb^Gvs, Rb^Gvs, Rb^Gvs, Rb^Gvs, Rb^Gvs, Rb^Gvs, Re, Rb, Gg, Gs, Gg
Ww, Ww, Hh^Fds, Hh^Fds, Gg, Gg, Gs^Fds, Gs^Fds, Gs^Fds, Gs^Fds, Gs^Fds, Gg^Em, Gg, Gg, Gs, Gg^Em, Gg, Re, Rb^Vh, Re, Gs, Gg, Re, Gg, Re, Re, Rb^Gvs, Rb^Gvs, Rb^Gvs, Re, Re, Rb^Gvs, Rb^Gvs, Rb^Gvs, Rb^Gvs, Rb^Gvs, Rb^Gvs, Rb^Gvs, Rb^Gvs, Rb^Gvs, Rb^Gvs, Rb, Rb^Gvs, Re, Re, Gg
Ww, Hh^Fds, Gs^Fds, Hh^Fds, Gs^Fds, Gs^Vl, Gs^Fds, Gg, Gg, Gg, Gg, Gg, Gg, Gs^Vh, Gs, Gs, Gs, Re, Re, Re, Re, Re, Rb^Gvs, Re, Rb^Gvs, Rb^Gvs, Rb^Gvs, Rb^Gvs, Rb^Gvs, Rb^Gvs, Re, Rb^Vh, Rb^Gvs, Rb^Gvs, Rb^Gvs, Rb^Gvs, Rb^Gvs, Rb^Gvs, Rb^Gvs, Rb^Gvs, Rb^Gvs, Rb^Gvs, Rb^Gvs, Rb^Gvs, Re, Gg
Hh^Fds, Hh^Fds, Gs^Fds, Gs^Fms, Gg, Gs^Fds, Gg, Gg, Gs^Fds, Gg, Gg, Gg, Gg, Gg, Gs, Gs, Rb, Rb, Rb^Gvs, Rb^Gvs, Rb^Gvs, Rb^Gvs, Rb^Gvs, Rb^Gvs, Rb^Gvs, Rb^Gvs, Rb^Gvs, Rb^Gvs, Rb^Gvs, Rb^Gvs, Re, Rb^Gvs, Rb^Gvs, Rb^Gvs, Rb^Gvs, Rb^Gvs, Rb^Gvs, Rb^Gvs, Rb^Gvs, Rb^Gvs, Rb^Gvs, Rb^Gvs, Rb^Gvs, Re, Gs, Gg
Gs^Fds, Gs^Fds, Gg, Gg^Em, Gg, Gg, Gg, Gg, Gg, Gg, Gg, Gg, Gg, Gg, Re, Rb, Rb^Gvs, Rb^Gvs, Rb^Gvs, Rb^Gvs, Rb^Gvs, Rb^Gvs, Rb^Gvs, Rb^Gvs, Rb^Gvs, Rb^Gvs, Rb^Gvs, Rb^Gvs, Rb^Gvs, Rb^Gvs, Re, Rb^Gvs, Rb^Gvs, Rb^Gvs, Rb^Gvs, Rb^Gvs, Rb^Gvs, Rb^Gvs, Rb^Gvs, Rb^Gvs, Rb^Gvs, Rb^Gvs, Rb, Re, Gs, Gs
Gg, Gg, Gg, Gg, Gs^Fds, Gg, Gs, Gs, Gg, Gg, Gg, Gg, Gg, Gg, Re, Rb^Gvs, Rb^Gvs, Rb^Gvs, Rb^Gvs, Rb^Gvs, Rb^Gvs, Rb^Gvs, Rb^Gvs, Rb^Gvs, Rb^Gvs, Rb^Gvs, Rb^Gvs, Rb^Gvs, Rb^Gvs, Rb^Gvs, Rb^Gvs, Re, Re, Rb^Gvs, Re, Rb^Gvs, Rb^Gvs, Rb^Gvs, Rb^Gvs, Rb^Gvs, Rb^Gvs, Rb^Gvs, Re, Rb, Gg, Gg
Gg, Gg, Gg, Gg, Gg, Gg, Gg, Gg, Gg, Gg, Gg, Gg, Gs^Fds, Gs, Re, Rb^Gvs, Rb^Gvs, Rb^Gvs, Rb^Gvs, Rb^Gvs, Rb^Gvs, Rb^Gvs, Rb^Gvs, Rb^Gvs, Rb^Gvs, Rb^Gvs, Rb^Gvs, Rb^Gvs, Rb^Gvs, Rb^Gvs, Rb^Gvs, Rb^Gvs, Re, Re, Gs, Re, Re, Rb^Gvs, Rb^Gvs, Rb^Gvs, Rb^Gvs, Rb^Gvs, Re, Gg, Hh, Hh
Gg, Gg, Gg, Gg^Efm, Gg, Gg, Gg, Gg^Es, Gg, Gg, Gg, Gg, Gs^Fms, Gs^Fds, Re, Rb^Gvs, Rb^Gvs, Rb^Gvs, Rb^Gvs, Rb^Gvs, Rb^Gvs, Rb^Gvs, Rb^Gvs, Rb^Gvs, Rb^Gvs, Rb^Gvs, Rb^Gvs, Rb^Gvs, Rb^Gvs, Rb^Gvs, Rb^Gvs, Rb^Vh, Re, Gs, Gg^Efm, Gs^Vc, Gs, Re, Re, Rb^Gvs, Re, Re, Gs^Vh, Hh, Hh, Hh
Gs, Gg, Gg, Gg, Gg, Gs^Vc, Gg, Gg, Gg, Gg, Gg, Gs^Fds, Gg, Gs^Fms, Gg, Re, Rb, Rb^Gvs, Rb^Gvs, Rb^Gvs, Rb^Gvs, Rb^Gvs, Rb^Gvs, Rb^Gvs, Rb^Gvs, Rb^Gvs, Rb^Gvs, Rb^Gvs, Rb^Gvs, Rb^Gvs, Rb^Gvs, Rb^Gvs, Re, Gs, Ww, Gs^Fds, Ww, Gs^Fds, Gs^Fds, Re, Gs, Gs, Gs, Gs, Hh, Hh
Gs, Gg, Gg, Gg, Gs, Gs, Gs, Gg, Gg, Gg, Gs, Gg, Gg, Gg, Gg^Efm, Gs^Vc, Rb, Rb^Gvs, Rb^Gvs, Rb^Gvs, Rb^Gvs, Rb^Gvs, Rb^Gvs, Rb^Gvs, Rb^Gvs, Rb^Gvs, Rb^Gvs, Rb^Gvs, Rb^Gvs, Rb^Gvs, Rb^Gvs, Rb^Gvs, Re, Ww, Ch, Ww, Ww, Gs^Fds, Gs^Fds, Gs^Fds, Ww, Ww, Ww, Gs, Gg, Hh
Gs, Gs, Gs, Gg, Gs, Gg, Gs^Fms, Gs, Gs, Gg, Gg, Gg, Gg, Gg, Gg, Gg, Re, Rb^Gvs, Rb^Gvs, Rb^Gvs, Rb^Gvs, Rb^Gvs, Rb^Gvs, Rb^Gvs, Rb^Gvs, Rb^Gvs, Rb^Gvs, Rb^Gvs, Rb^Gvs, Rb^Gvs, Re, Re, Re, Ch, 4 Kh, Ch, Ch, Ww, Ww, Ww, Gs^Fds, Gs^Vc, Ww, Gs, Gs, Gs
Gg, Gs, Gs, Gg, Gg, Gg, Gg, Gg, Gg, Gg, Gg, Gg, Gg, Gg, Gg, Gg, Re, Rb^Gvs, Rb^Gvs, Rb^Gvs, Rb^Gvs, Rb^Gvs, Rb^Gvs, Rb^Gvs, Rb^Gvs, Rb^Gvs, Rb^Gvs, Rb^Gvs, Re, Re, Gg^Efm, Gg, Re, Ch, Ch, Ch, 3 Kh, Wwr, Gs, Gs^Vc, Gs, Gs, Gs, Ww, Ww, Gs
Ce, Ce, Ce, Gg, Gg, Gg, Gg, Gg, Re, Re, Re, Re, Re, Gg, Gg, Gs, Gs, Re, Rb^Gvs, Rb^Gvs, Rb^Gvs, Rb^Gvs, Rb^Gvs, Rb^Gvs, Rb^Gvs, Rb^Gvs, Re, Re, Gs, Gs, Gg^Efm, Gg, Re, Ch, Ch, Ch, Ch, Ch, Re, Re^Vh, Re, Re^Vh, Re, Ww, Re, Re
Ce, 8 Ke, Ce, Ce, Re, Gg, Re, Re, Gg, Gs^Fds, Gs^Vl, Gd, Gd, Re, Re, Gg, Gs, Re, Rb^Gvs, Rb^Gvs, Rb^Gvs, Rb^Gvs, Re, Rb^Gvs, Re, Re, Rb^Gvs, Re, Re, Gg, Gs, Gg, Re, Ch, Re, Re, Re, Re, Rb, Rb, Re^Vh, Re, Re, Ww^Bw/, Ww, Gs
Ce, Ce, Ce, Re, Gg, Re, Gg, Gg, Gs^Fds, Gs^Fds, Gs^Fds, Gg, Gg, Gg, Gg, Re, Re, Re, Re, Re, Re, Re, Rb^Gvs, Re, Rb^Gvs, Rb^Gvs, Rb^Gvs, Rb^Gvs, Re, Gg, Gg, Gg, Gs, Re, Re^Vh, Re, Re^Vh, Re^Vhc, Rb, Rb, Gs^Es, Re, Gs, Ww, Ww, Ai
Re, Ce, Re, Re, Gg, Gg, Gg, Gg, Gs^Fds, Gs^Fms, Gg, Gg, Gg, Gg, Gg, Gg, Gg, Gg^Efm, Re, Rb^Gvs, Rb^Gvs, Rb^Gvs, Rb^Gvs, Rb^Gvs, Rb^Gvs, Rb^Gvs, Rb^Gvs, Rb^Gvs, Re, Gg^Efm, Gg, Gs, Re, Re, Re, Re, Rb, Rb, Re^Vh, Gs^Es, Gs, Ai, Ww, Ww, Ai, Ai
Gg, Re, Gg, Gg, Gg, Gg, Gg, Gs^Fds, Gg, Gs, Gg, Gg, Gd, Gg, Gg, Gg, Gg, Gg, Gg, Re, Re, Rb^Gvs, Rb^Gvs, Rb^Gvs, Rb^Gvs, Rb^Gvs, Rb^Gvs, Rb^Gvs, Rb^Gvs, Re, Re, Gs, Re, Re, Rb, Rb, Rb, Re, Re, Re, Ds, Ai, Ww, Ww, Ww^Es, Ai
