Gs^Fms, Ds, Ww, Ww, Ww, Ww, Ww, Gd, Gd, Gs, Gs, Gs, Gs, Gs, Hhd, Hhd, Mm, Hh, Mm, Mm, Mm, Mm, Mm, Mm, Mm, Mm, Ms, Mm, Ms, Ms, Ms, Mm, Mm, Ms^Xm, Ms^Xm, Ms^Xm, Ms^Xm, Mm, Ms, Mm, Ms^Xm, Mm, Ms, Mm, Ms^Xm, Ms^Xm, Ms^Xm
Gs^Fms, Ds, Ww, Ww, Ww, Wwr, Ww, Ww^Es, Gs, Gs, Gs, Hhd, Gs, Gd^Es, Hhd, Hhd, Mm, Mm, Mm, Mm, Mm, Mm, Mm, Mm, Mm, Mm, Ms^Xm, Ms, Ms, Ms, Mm, Mm, Mm, Ms^Xm, Ms, Ms^Xm, Ms^Xm, Ms, Ms, Ms^Xm, Ms, Ms, Ms, Ms, Ha, Ms^Xm, Ms^Xm
Ds^Es, Ds, Ww, Ww, Ww, Ww, Ds, Gg^Es, Gg, Gs, Hhd, Hhd, Hhd, Gd, Gd, Hhd, Hhd, Hhd, Hhd, Mm, Hhd, Mm, Mm, Ms, Ms, Mm, Ms^Xm, Ms^Xm, Mm, Ms, Mm^Xm, Mm, Ms, Ms, Ms^Vea, Ms^Xm, Ms, Ms, Ms, Ms^Xm, Ms^Xm, Ms, Ms, Ms^Xm, Ms^Xm, Ms, Ha
Ds, Ww, Ww, Ww, Ww, Ww, Ww, Gg, Gg, Gs, Gs, Gs, Gs, Gd, Gs, Hhd, Gd, Hhd, Gd^Es, Hhd, Gd^Es, Hhd, Mm, Mm, Ms^Vea, Ms, Ms^Xm, Ms, Mm, Mm^Xm, Mm, Mm, Mm, Mm, Mm, Ms, Mm, Mm^Xm, Mm, Mm, Ms, Ha, Ms, Ms^Xm, Ms, Ms, Mm
Gs^Fms, Ds, Ww, Ww^Vm, Ww, Ww, Ww, Gg, Gg, Gs, Gg, Gs, Hhd, Gs, Hhd, Gd, Hhd, Gd, Mm, Gd^Es, Mm, Mm, Mm^Xm, Mm, Mm, Ms, Mm, Mm, Mm, Mm, Mm, Mm, Mm, Mm, Hh, Mm, Mm, Mm^Xm, Mm^Xm, Ms, Mm, Ms, Ms, Ms, Ms, Mm, Mm
Gg^Fet, Ds, Ww, Ww, Ww, Ww, Ww, Gg, Gg, Gs, Hh, Gs, Hh, Hhd, Mm, Mm, Mm, Mm, Mm, Mm, Mm, Mm^Xm, Mm, Mm, Mm, Ms, Mm, Mm, Mm, Mm, Hhd, Mm, Mm, Mm, Hh, Mm, Mm, Mm, Mm, Mm, Mm, Mm, Mm, Mm, Mm, Mm, Mm
Gs^Fms, Ds, Ww, Ww, Ww, Ww, Wwf^Es, Wwf^Es, Gg, Hh, Gg, Hh, Gs, Hh, Gd^Es, Mm, Mm, Mm, Mm, Mm, Mm, Mm, Hhd, Mm, Hh, Hh, Mm, Mm, Mm, Hhd, Hh, Mm, Hh^Fp, Hh, Gll^Fp, Mm, Mm, Mm, Mm, Mm, Hh, Mm, Hh, Mm, Mm, Mm, Mm
Ww, Ds, Ww, Ww, Wwf^Es, Wwrg, Wwf^Es, Wwrg, Wwf^Es, Gg, Gg, Gg, Hh, Gs^Es, Mm, Mm, Mm, Mm, Hhd, Hhd, Hh, Mm, Mm, Hhd, Hh^Fp, Mm, Hh^Fp, Mm, Hh^Fp, Hh^Fp, Hh^Fp, Hh^Fp, Gll^Fp, Hh^Fp, Gll^Fp, Gll^Fp, Gll^Fmw, Gll^Fp, Gll^Em, Gll^Fp, Gll^Fmw, Hh, Mm, Mm, Mm, Mm, Mm
Ww^Bw|, Ww, Ww, Rd, Rd, Wwf^Es, Wwf, Wwf^Es, Ww^Es, Gg, Gs, Gs, Hh, Hh, Hh, Mm, Hh, Hh, Hh, Hh, Hh, Hh, Hh, Hh, Hh^Fp, Gll^Fp, Gll^Fmw, Hh^Fp, Gll^Fmw, Gll^Fp, Gll^Fmw, Gll^Fp, Gs^Fp, Gll^Fp, Gll^Fp, Hh^Fp, Hh^Fmw, Hh^Fmw, Hh^Fp, Gll^Fp, Gll^Fp, Hh^Fp, Mm, Mm, Mm, Mm, Mm
Gs^Fms, Ww, Gll, Rd, Gll^Fp, Wwrg, Ww^Es, Wwr, Wo^Es, Gg, Gg, Gg, Gs, Hh, Gg, Hh, Gg^Es, Hh, Gs^Edt, Gs^Edt, Cer^Edt, Hh, Re^Ecf, Hh, Gg, Hh^Fp, Gs, Gll^Fp, Gg, Gll^Es, Gs, Gll^Em, Gg^Ve, Gs^Fmw, Gs^Fmw, Gll^Fp, Gs^Fmw, Gll^Fp, Hh^Fp, Gll^Fp, Gll^Fmw, Gd^Fetd, Gll^Fp, Mm, Gll^Es, Mm, Gll^Fp
Rp, Gll^Fdw, Gs^Fms, Gs^Fms, Gll^Fmw, Gs^Fms, Gs^Fms, Wo, Wo, Wo, Ww, Gg, Gs, Gg, Gs, Gg, Gg^Edt, Gs^Edt, Gs^Edt, Cer, 6 Cer^Kov, Cer, Cer^Edt, Gg, Gs^Edt, Gg, Gg, Gll^Fp, Gg, Gg, Gg, Gg, Rrc, Gs^Fp, Rrc, Gs^Es, Gs^Fmw, Gs^Fmw, Gs^Fp, Gll^Fmw, Gs^Fp, Gll^Fp, Gll^Fp, Gll^Fp, Gll^Fp, Hh^Fmw, Hh^Fp
Gll^Fp, Rp, Rp, Gs^Fds, Gll^Fp, Gs^Fms, Gs^Fms, Gs^Fms, Ww, Ww^Es, Wo, Gg, Gs^Fms, Gs^Fms, Gs^Fms, Gs, Gs^Fms, Gs^Edt, Re^Ecf, Cer^Edt, Cer^Edt, Cer, Gs^Fms, Gs^Fds, Gg^Fds, Gg, Gs^Fms, Gg, Gg, Gg, Rrc, Rrc, Gg^Fds, Rrc, Gs^Em, Rrc, Rrc, Rrc, Rrc, Gs^Fp, Gs^Fp, Gll^Fp, Gll^Emf, Gll^Em, Hh^Fp, Hh^Fmw, Hh^Fmw
Gll^Fp, Gs^Fms, Rp, Gs^Fms, Gs^Fds, Gs^Fms, Hh, Gs^Fms, Gll^Fp, Wo, Wo, Ww, Ww, Gg^Fds, Gs^Em, Gs^Fms, Hh^Fp, Gll^Fp, Gg^Fds, Cer^Edt, Gs^Fds, Gs^Edt, Gg^Fds, Gs^Fms, Gs^Em, Gs^Fms, Gg^Fds, 5 Gg, Rra, Rrc, Gs^Fms, Gg, Gg^Fds, Gg^Fds, Gg^Fds, Gg^Fds, Gg^Fds, Gg^Fds, Rrc, Gs^Fmw, Gs^Fmw, Gs^Fmw, Gs^Fp, Gll^Fp, Gs^Fp, Hh^Fmw, Gs^Fp
Gs^Fds, Gs^Fds, Rp, Gs^Fms, Gs^Fms, Gs^Fms, Hh, Gs^Fms, Gs^Fms, Ww, Ww^Es, Wo, Ww, Gs^Fms, Hh^Fms, Hh^Fms, Cer, Gll^Fp, Gs^Fms, Gg^Fds, Gs^Fms, Gs^Fds, Gg^Fds, Gs^Fms, Gg^Fds, Gs, Rrc, Rrc, Rp, Gg^Fds, Rp, Gg^Fds, Gs^Fms, Hh^Fds, Hh^Fds, Hh^Fds, Hh^Fms, Gg^Fds, Gs^Fms, Rrc, Rrc, Rrc, Rrc, Gs^Fp, Rrc, Gs^Fmw, Rrc
Gs^Fms, Gs^Fms, Rp, Gs^Fds, Gg^Ve, Gs^Fms, Gs^Fms, Hh, Gll^Fp, Gll, Ww, Wo, Wo^Es, Ww^Es, Wwr, Cer^Kov, Cer, Gg^Fds, Gs^Fms, Gll^Fp, Gll^Fp, Gs^Efm, Gg^Fds, Gs^Fms, Gg^Fds, Gg^Ve, Rrc, Gg^Fds, Gs^Fms, Rp, Gg^Ve, Rp, Re, Gg^Fds, Gg^Fds, Gs^Fms, Gg^Fds, Gg^Fds, Gs^Fms, Gg^Ve, Gg^Fds, Gg^Fds, Gg, Rrc, Gs^Fms, Rrc, Gs^Fds
Gll^Fdw, Gs^Fms, Gll, Rp, Rp, Gs^Fms, Gs^Fds, Gs^Fds, Gll^Fp, Gs^Fms, Ww^Es, Ww^Es, Wwr, Wo, Wo^Es, Cer, Ww^Es, Gs^Fms, Gs^Fms, Gg^Ve, Gg, Gg^Fds, Gs, Gs^Fms, Rrc, Rrc, Gg, Gg^Fds, Gg^Fds, Gg^Fds, Rp, Gg^Fds, Gs^Fms, Rp, Rp, Gg^Ve, Gs^Gvs, Gs^Fms, Gg^Fds, Gg^Fds, Gs^Fms, Gs^Fms, Gs^Fms, Gs^Fms, Hh^Fds, Gs^Fms, Hh^Fds
Hh, Gs^Fms, Gll^Fp, Gll^Edt, Rp, Gs^Fms, Gs^Fds, Gs^Fms, Gs^Em, Gs^Fms, Gs^Fms, Ww^Es, Gs^Fms, Wo^Es, Wo^Es, Ww^Es, Wwr, Gg^Fds, Gg^Fds, Gll^Fp, Gs^Fms, Gs, Gs^Fds, Rrc, Gs^Fms, Gs^Fds, Gs^Fds, Gs^Fms, Gg^Ve, Gs^Gvs, Gg^Fds, Gg^Fds, Gg^Fet, Gg^Fds, Re, Gs^Gvs, Gg^Fds, Gs^Fms, Ss, Gs^Fms, Gs^Es, Gg^Fds, Gg^Fds, Hh^Fms, Gs^Fms, Hh^Fds, Hh^Fms
Hh, Gs^Fms, Gs^Fms, Gg^Vhs, Rp, Rp, Gs^Fms, Gll^Fp, Gs^Fms, Gs^Fds, Hh, Gs^Fms, Gs^Fms, Ww^Es, Wwr, Wo, Wo^Es, Gs^Fms, Gg^Fds, Gs^Fms, Gs^Fms, Gs^Efm, Ww, Rrc, Ww, Gs^Fms, Gs^Fms, Gs^Fms, Gs^Fms, Gs^Gvs, Gs^Fms, Gs^Fms, Gg^Fds, Gg^Fds, Rp, Rp, Rp, Gg^Fds, Gs^Fms, Gs^Fms, Gs^Fms, Gg^Fds, Gs^Es, Gg^Fds, Gs^Efm, Gs^Fds, Hh^Fds
Hh, Hh, Gll^Fp, Gll^Fp, Gll^Fp, Rp, Rp, Gg^Ve, Gll^Fp, Gll^Fp, Gs^Fms, Gs^Fms, Gs^Em, Wwg^Es, Gs^Fms, Wo^Es, Wo^Es, Ww^Es, Wwr, Gg^Fds, Ww, Gs^Fms, Ww, Ww^Bsb|, Ww, Gs^Fms, Ww, Gg^Fds, Gs^Em, Gg, Gg^Gvs, Gg^Gvs, Gs, Gs, Rp, Rr, Rp, Gs^Gvs, Gg^Fds, Gg^Fds, Gs^Fms, Gg^Fds, Gg^Fds, Gg^Fds, Gg^Fds, Gs^Fms, Gg^Fds
Gs^Fds, Gs^Fms, Gs^Fms, Gs^Fms, Gs^Em, Gs^Es, Rp^Edt, Gll^Fmw, Gs, Gs^Fms, Gs^Fms, Hh^Fms, Gll^Fmw, Gs^Fds, Gs^Fms, Ww^Es, Wwr, Wo, Wo^Es, Gg^Fds, Ww, Ww, Cv^Fet, Ww^Bsb|, Cv^Fet, Ww, Ww, Gg^Fds, Gg^Fds, Gg^Fds, Gg^Ve, Gs^Em, Gg^Fds, Gg^Fds, Gg^Ve, Rp, Re, Gg^Ve, Gg^Fds, Gs^Efm, Gs^Fms, Gg^Fds, Gs^Em, Gg^Fds, Gg^Fds, Gg^Fds, Gs^Es
Gll^Fdw, Gs^Fds, Gs^Fms, Gs^Fms, Rp, Rp^Edt, Gs^Efm, Gs, Gs^Fms, Gs^Gvs, Gs^Gvs, Gll^Fdw, Gs^Fds, Gs^Fms, Gs^Fms, Ww^Es, Gll^Fmw, Wo^Es, Wo, Ww, Ww, Ww, Cv, Rp, Cv, Ww, Ww, Ww, Ww, Gg^Fds, Gs^Es, Gg^Fds, Gg^Fds, Gs^Fms, Gg^Fds, Gs^Gvs, Gg^Fds, Re, Re, Gg^Fds, Rp, Rp, Rp, Re, Re, Re, Re
Gll^Fp, Gs^Fms, Gll^Fp, Gll^Fp, Rp, Gll^Fp, Gll^Fp, Gll^Fp, Gll^Fp, Gll^Fp, Gs, Gs^Fms, Gll^Efm, Gs^Gvs, Gll^Gvs, Gs^Fms, Gll^Fp, Ww, Ww, Ww, Cv^Fet, Cv, Gs, Gs, Gs, Cv, Cv^Fet, Ww, Ww, Gg^Fds, Gs^Efm, Gg^Fds, Gg^Fds, Gg^Fds, Gs^Gvs, Gg^Fds, Rp, Rp, Gg^Fds, Re, Gg^Fds, Gg^Fds, Gs^Fds, Gs^Fds, Gg^Fds, Gs^Em, Gs^Em
Gs^Fms, Gs^Fms, Gs^Fds, Gs^Fms, Rp, Gs^Ve, Gll^Fdw, Gs^Fms, Gll^Gvs, Gs^Gvs, Gg^Ve, Gll, Gll^Gvs, Gs, Gs^Fms, Hh, Ww, Ww, Ww, Ww, Cv, Gg^Ve, Gs^Efm, Kv, Gs^Efm, Gg^Ve, Cv, Ww, Ww, Ww, Ww, Ss, Gg^Fds, Gs^Gvs, Gg^Ve, Re, Gg^Fds, Gg^Fds, Gg^Fds, Gg^Fds, Gg^Fds, Gs^Efm, Gs^Fds, 1 Gs^Fds, Gg^Fds, Gs^Fms, Gg^Fds
Gll^Fp, Gll^Fp, Gs^Es, Rp, Gs, Gs^Fms, Gs^Fms, Gs^Fms, Gs^Fms, Gs^Efm, Gs^Em, Gs^Gvs, Gs, Gll^Efm, Hh, Hh, Ww, Ww^Es, Ww, Cv, Gg^Efm, Gg, Gs^Efm, Wwt^Ewf, Gs^Efm, Gg, Gg^Efm, Cv, Ww, Ww, Ww, Gg^Fds, Gg^Fds, Gg^Fds, Gg^Fds, Rp, Gg^Fds, Gg^Fds, Gs^Es, Gg^Fds, Gg^Fds, Gs^Fms, Gs^Fds, Gs^Fds, Gg^Fds, Gg^Fds, Gg^Fds
Gs^Fms, Gll^Fp, Gs^Fms, Rp^Edt, Rp^Edt, Gll^Fp, Gs^Fds, Gs^Gvs, Gs^Gvs, Gs, Gs^Fds, Gs^Fds, Gs, Gs^Fms, Gs^Fds, Gll^Fp, Wwf, Ww, Ww, Cv, Cv, 4 Kv, Cv, Gs^Efm, Cv, 3 Kv, Cv, Cv, Ww, Ww, Gg^Fds, Gg^Fds, Gg^Fds, Gg^Fds, Gs^Fms, Rp, Re, Gg^Fds, Re, Gg^Ve, Gg^Fds, Gs^Fms, Gs^Fds, Gs^Fds, Gg^Fds, Gg^Fds, Gg^Fds
Gs^Fms, Gs^Fds, Gs^Fms, Gll^Fp, Gs^Fds, Rp, Rp, Gs, Gs^Fms, Gs^Fms, Gs^Fds, Gs^Fds, Gs^Fds, Gs, Gs, Wwf, Gs^Fds, Ww, Ww, Cv^Fet, Ww, Wwg, Cv, Gs, Cv, Wwg, Wwr, Cv^Fet, Ww, Ww, Gg^Fds, Gg^Fds, Gs^Fms, Gg^Fds, Re, Re, Gs^Em, Re, Gg^Fds, Gg^Fds, Gg^Fds, Gg^Fds, Gs^Fds, 2 Gs^Fds, Gs^Fms, Gg^Fds, Gs^Fms
Gll^Fp, Gs^Fms, Gs^Em, Gs^Fms, Gs^Fms, Gs, Rp, Gll^Efm, Gs^Es, Gs^Fms, Wwf, Gs^Fds, Gll, Gs^Es, Wwf, Wwf, Gs^Fds, Ww, Wwf, Ww, Ww, Cv, Cv, Gs, Cv, Cv, Ww, Ww, Wo^Es, Ww^Es, Gg^Fds, Gg^Fds, Gs^Efm, Gg^Fds, Re, Gg^Fds, Gg^Fds, Gg^Fds, Gs^Fms, Gs^Fms, Gg^Fds, Gg^Fds, Gs^Fms, Gs^Fds, Gg^Fds, Gg^Fds, Gs^Fms
Gll, Gs^Fds, Gs^Fds, Gg^Ve, Rp, Rp, Gs^Fms, Gs^Fms, Gll^Fp, Wwf, Gs^Fds, Wwf, Wwf, Wwf, Gll^Fdw, Gll^Fp, Gs^Fds, Gs^Fds, Gs^Fms, Ww, Ww, Cv^Fet, Ww, Rp, Ww, Cv^Fet, Ww, Wwr, Wo^Es, Wwr, Wwr, Gg^Fds, Ww^Es, Gg^Fds, Gg^Fds, Rp, Rp, Gg^Fds, Gg^Fds, Gg^Fds, Gg^Fds, Gg^Fds, Gg^Fds, Gg^Fds, Gg^Fds, Gs^Fms, Gg^Fds
Gll^Fp, Gs^Es, Gll^Fmw, Rp, Gll^Fp, Gll^Fp, Gs^Em, Gs^Fms, Wwf, Wwf, Gll, Gs^Fms, Gll^Fp, Gs^Fms, Gll, Gs^Fms, Gs^Fms, Gs^Fds, Gll^Fp, Ww, Gll^Fmw, Ww, Ww, Ww^Bsb|, Ww, Ww, Gs^Fms, Wo^Es, Wwr, Wo, Ww^Es, Gs^Fms, Ww^Es, Gg^Fds, Ww^Es, Gg^Ve, Re, Gg^Fds, Gg^Fds, Gg^Fds, Gs^Es, Gs^Fms, Gg^Fds, Gg^Fds, Gs^Fms, Gg^Fds, Gg^Fds
Gs^Fms, Gs^Fms, Gll^Fdw, Rp, Ss, Ss, Sm, Wwg, Ss, Gs^Fds, Gs^Fms, Gll^Fp, Gll, Gs^Fms, Gs^Fds, Gs^Fds, Hh^Fds, Gs^Fms, Gs^Fds, Gs^Fds, Gs^Fds, Ww, Cv^Fet, Ww^Bsb|, Cv^Fet, Ww, Gll^Fp, Ww^Es, Gs^Fms, Ww^Es, Wwf^Es, Wwf^Es, Ww^Es, Wwr, Wwf^Es, Re, Ww^Es, Gg^Fds, Gg^Fds, Gg^Fds, Gg^Fds, Gs^Fms, Gg^Fds, Gg^Fds, Gs^Fms, Gg^Fds, Gg^Fds
Gs^Fms, Ss, Gll^Emf, Rp, Ss^Bw\, Ss, Gll^Em, Gll^Efm, Gs^Fms, Gs^Fms, Gs^Fms, Gs^Fms, Gll^Fp, Gs^Fms, Hh^Fms, Mm, Gs^Fms, Gs^Fds, Gs^Fds, Gll, Gs^Fds, Gll^Fp, Gs^Fds, Rrc, Gs^Fms, Gs^Fms, Gll^Fp, Gs^Fms, Wwf, Ww^Es, Gll^Fp, Ww^Es, Wwr, Ww^Es, Wwf^Es, Ww, Ww^Es, Wwf^Es, Ww^Es, Gs^Efm, Gs^Fms, Gs^Emf, Gg^Fds, Gg^Ve, Gg^Fds, Gg^Fds, Gg^Fds
Ss, Ss, Wwg, Ss, Ss^Bw|, Ss, Gs^Fms, Gs^Fms, Ss, Gs^Fms, Gs^Fms, Gs^Fms, Gll^Fp, Gs^Fds, Gll^Fp, Hh^Fds, Gs^Fms, Gs^Fms, Gs^Fms, Gg^Ve, Gs^Em, Gs^Fms, Gs^Fms, Rrc, Gs^Fms, Gll^Fp, Gll^Fp, Gll^Fp, Wwf, Gs^Fms, Gll^Fp, Ww^Es, Gs^Fms, Ww^Es, Re, Ww^Es, Gs^Fms, Wwf^Es, Ww, Wo, Wo, Gg^Fds, Ww, Gg^Fds, Gg^Fds, Gs^Fms, Gg^Fds
Gll, Gll, Wwg, Sm, Rp^Edt, Gs^Fms, Gll, Ss, Rp, Gs^Fms, Gll^Fp, Gll^Fmw, Gs^Fms, Gs^Fms, Gs^Fms, Gs^Fds, Gll^Fp, Gs^Fms, Gll^Fmw, Gs^Fms, Gs^Fms, Gs^Fms, Rrc, Rrc, Gg^Ve, Gs^Fms, Gll^Fp, Wwf, Gs^Fms, Gs^Fms, Gs^Fds, Gs^Fms, Gs^Fms, Gg^Ve, Re, Ww^Es, Gs^Fms, Gs^Fms, Gll^Fp, Ww, Wo, Ww, Wo, Ww, Wo, Wo, Wo
Ss, Ss, Ss, Ss, Gs^Fms, Rp^Edt, Rp, Rp, Gs^Fms, Rp^Edt, Rp^Edt, Rp^Edt, Rp, Gg^Ve, Rp^Edt, Rp^Edt, Rp^Edt, Gll^Fdw, Rra, Rra, Rrc, Rrc, Gs^Fds, Rp, Rp, Gs^Fms, Gs^Fms, Wwf, Gll^Fp, Gs^Fds, Gs^Fds, Gll^Fp, Gs, Gg, Re, Gs^Fds, Gs^Fms, Gs^Fms, Hh^Fms, Gs^Fms, Gs^Fds, Wo, Gs^Fds, Wo, Wo, Wo, Wo
Ss, Ss, Ss, Ss, Gs^Fms, Ss, Gs^Fms, Ss^Vhs, Gs^Fms, Gll^Fp, Gs^Fms, Gs^Fms, Gs^Fms, Rp, Gs^Fds, Gs^Fms, Gs^Fms, Rrc, Re^Ecf, Cer^Edt, Cer^Edt, Gs^Fms, Re^Ecf, Gg^Ve, Gs, Rp, Rp, Wwf, Gs^Fms, Gs^Fms, Gs, Gll^Fp, Gs, Gs^Fms, Gs^Fms, Re^Es, Gs^Fms, Gs^Fms, Hh^Fms, Hh^Fms, Hh^Fms, Gs^Fms, Gs^Fds, Gs^Fds, Gs^Fds, Gs^Fms, Gs^Fms
Gs, Gll^Fp, Gll^Fdw, Gll^Fmw, Gll^Fdw, Gs^Fms, Gs^Fds, Gll^Fdw, Gs^Fms, Gs^Fms, Gll^Fmw, Gs^Fms, Gs^Fms, Gll^Fp, Gs^Fms, Gll^Fp, Rrc, Rrc, Gs^Fms, Cer^Edt, 7 Cer^Kov, Cer, Cer, Gs^Fds, Wwf, Gs^Fms, Wwf, Wwf, Gg^Ve, Gg, Gs^Fms, Gs^Em, Gs^Fms, Gs^Fms, Rb, Rb^Es, Gll^Fp, Gs^Fms, Hh^Fms, Hh^Fms, Gs^Fms, Hh^Fms, Gll^Fp, Gs^Fds, Gs^Fds, Gs^Fms, Hh^Fms
Hh^Fms, Gs^Fms, Gs^Fms, Gs^Fms, Hh^Fmw, Gs^Fms, Hh^Fp, Hh^Fdw, Hh^Fp, Hh^Fms, Gs^Fms, Gs^Fds, Gs^Es, Gll, Gs^Fms, Gll^Fp, Rrc, Gs^Fms, Gs^Fms, Cer^Edt, Cer^Edt, Cer, Gs, Wwf, Gs^Fms, Wwf, Gs^Fms, Gs^Fms, Gll^Fp, Gs^Fms, Gs^Fds, Gs^Fms, Gll^Fp, Gll^Fp, Rb, Gg^Ve, Gs^Fms, Gll^Fp, Gs^Fms, Hh^Fms, Gs^Fms, Gs^Gvs, Gg^Em, Gg^Ve, Gs^Fds, Hh^Fms, Hh^Fms
Hh^Fms, Hh^Fds, Hh^Fms, Hh^Fms, Hh^Fp, Hh^Fds, Gs^Fms, Hh^Fms, Gs^Fms, Gs^Fms, Gll^Fp, Gs^Fms, Gs^Es, Gs^Fms, Gs^Fms, Rrc, Gs^Fms, Gg^Ve, Gs, Gs, Gs^Fms, Gg, Wwf, Wwf, Gll^Fp, Gll^Fp, Gs^Fms, Gll^Fp, Gll^Fp, Gs^Fds, Gs^Fms, Gll^Fp, Gs^Fms, Re^Es, Gs, Gs^Fms, Gs^Fms, Gs^Fms, Gll^Fmw, Gs^Fms, Gs^Fms, Gs^Em, Gg, Gg, Gs^Fms, Hh^Fms, Hh^Fms
Hh^Fp, Hh^Fms, Hh^Fp, Hh^Fds, Gs^Fms, Gs^Fms, Gs^Fms, Hh^Fms, Hh^Fms, Gs^Fds, Gll^Fp, Gs^Fms, Gs^Fms, Gll^Fp, Gg^Ve, Rrc, Re, Re, Re, Gs, Wwf, Wwf, Gll^Fp, Gs^Fms, Re, Gll^Fp, Re^Es, Gs^Fms, Gs^Fms, Gs, Rb, Rb, Rb^Es, Re^Es, Gs^Fp, Gs^Fp, Gs^Fms, Gs^Fms, Gs^Fmw, Gll^Fmw, Gs^Fms, Gg^Vhs, Gs^Fmw, Gs^Gvs, Gs^Fms, Gs^Fms, Gs^Fms
Hh^Fp, Hh^Fds, Hh^Fms, Gs^Fms, Gs^Em, Gs^Es, Gs^Fds, Gll^Fp, Gs^Fds, Gs^Fds, Gs^Fms, Gs^Fms, Gs^Fms, Gs^Fms, Gll^Fmw, Rrc, Rrc, Gs, Gs^Fms, Re, Wwf, Re, Re^Es, Re, Gs, Rb^Es, Gg^Ve, Rb^Es, Rb, Rb, Gll^Fp, Gg^Ve, Gs^Fms, Gs^Fp, Gs^Fp, Gs^Fp, Gs^Emf, Ss, Wwg, Ss, Gll^Efm, Gll^Fp, Gll^Fdw, Gs^Fmw, Gll^Fdw, Gll^Efm, Ss
Gs^Fms, Gs^Fms, Gs^Fms, Ss, Ss, Ss^Vhs, Gs^Fms, Gs^Fms, Hh^Fms, Hh^Fms, Gll^Fp, Gll^Fp, Gs^Fds, Gs^Fms, Gll^Fp, Gs^Fms, Rrc, Gs^Fms, Gs^Fds, Gs^Fms, Wwf, Gg^Ve, Gs^Fms, Gll^Fp, Gs^Efm, Gll^Fp, Gll^Fp, Gll^Fp, Gll^Fp, Gll^Fp, Gll^Fp, Gs, Gg, Gll^Fp, Gll^Fp, Gs^Fms, Ss, Ss, Sm, Sm, Gll, Gll^Fmw, Ss, Gll^Emf, Wwg, Sm, Sm
Gs^Fms, Gll^Fmw, Gs, Gs^Fms, Gs^Fms, Gll^Em, Gs^Fds, Gs^Fds, Hh^Fds, Hh^Fp, Gs^Fds, Gs^Fds, Gll^Fmw, Gll^Efm, Gs^Fds, Rrc, Gs^Fms, Gs^Fds, Gs, Wwf, Hd^Es, Gs^Fms, Gll^Fp, Gll^Fp, Gs^Efm, Gs^Efm, Gll^Fp, Gll^Fp, Gll^Fp, Gll^Fp, Gll^Fp, Gs^Fmw, Gg, Gll^Fp, Gll^Fdw, Gs^Fmw, Gs^Fms, Gs^Fmw, Gs^Fmw, Gll^Em, Ss, Ss, Sm, Wwg, Wwg, Wwg, Ss
Gll^Fp, Gs^Fms, Gs, Gs^Fms, Hh^Fms, Gll^Fp, Gll^Fp, Gll^Fp, Gs^Fms, Gs^Fds, Gll^Efm, Gs^Fms, Gs^Fds, Gll^Fp, Gs^Fms, Rrc, Gs^Fms, Gs^Fms, Gs^Fms, Wwf, Ds, Gs^Fms, Gs^Fms, Gs^Fds, Gs^Fds, Gs^Fms, Gll^Fp, Gll^Fp, Gll^Fp, Gll^Fp, Gs^Fms, Gll^Fp, Gll^Fp, Gs^Efm, Ss, Ss, Ss, Gll^Fdw, Gll^Fmw, Ss, Ss, Ss, Gll^Em, Sm, Gll^Fmw, Ss, Gll
Gs^Fms, Gll^Fp, Gll^Fp, Gs^Fms, Hh^Fms, Hh^Fms, Gs^Fms, Gs^Fms, Gs^Fms, Gs^Fms, Gs^Fds, Gs^Fds, Gs^Fms, Gll^Fdw, Gs^Fms, Rrc, Rrc, Gs^Fds, Gs^Fds, Wwf, Wwf, Gs^Fms, Gs^Fms, Gs^Fds, Gs^Fms, Hh^Fp, Hh^Fp, Hh^Fp, Gs^Fms, Gs^Fms, Gg^Vhs, Gg^Fp, Gs^Fp, Ss, Wwg, Wwg, Ss, Gg^Emf, Gs^Fds, Ss, Gs^Fms, Gll^Fdw, Ss, Gll^Fmw, Gs^Fmw, Gll^Fdw, Gs^Fms
Gs^Fms, Gs^Fms, Hh^Fp, Hh^Fp, Hh^Fms, Gll^Fmw, Gs^Fms, Gs^Em, Gll^Fmw, Gll^Fp, Gs^Fms, Gll, Gll^Fp, Gll^Fdw, Gll^Fp, Gll^Efm, Rrc, Gs^Fms, Gs^Fms, Wwf, Ds, Wwf, Gll^Fp, Gs^Fms, Gs^Fms, Hh^Fp, Hh^Fp, Hh^Fp, Hh^Fp, Gs^Fms, Gs^Fp, Gs^Fp, Ss, Ss, Ss, Wwg, Gll^Em, Ss, Gs^Fds, Gs^Fds, Sm, Gs^Fms, Ss, Gs^Fms, Gs^Fds, Gs^Fmw, Gs^Fms
Hh^Fms, Hh^Fms, Hh^Fms, Hh^Fp, Hh^Fms, Hh^Fp, Gll^Fdw, Gs^Fms, Gs^Fms, Gs^Fms, Gll^Fp, Gs^Fms, Gs^Fms, Gs^Fms, Gs^Fds, Gll^Fmw, Gs^Fms, Rrc, Gs^Fms, Ds, Wwf, Wwf, Wwf, Gs^Fms, Gll^Fp, Gs^Fms, Hh^Fp, Mm, Mm, Gll^Fp, Gs^Fp, Gs^Fp, Gs^Fp, Ss, Gll^Fp, Gll^Fp, Gs^Fms, Gs^Fms, Ss, Ss, Wwg, Sm, Ss, Ss, Gs^Fms, Gs^Fds, Gs^Fms
Gs^Fds, Hh^Fms, Hh^Fds, Hh^Fds, Hh^Fms, Hh^Fms, Gs^Fds, Gll^Fp, Gs^Fms, Gs^Fds, Gll, Gs^Fms, Gs^Fds, Gs^Fds, Gs^Fds, Gs^Fms, Rrc, Rrc, Gg, Wwf, Ds, Wwf, Gs^Fms, Gs^Fms, Gs^Fms, Hh^Fms, Hh^Fms, Mm, Mm, Hh^Fp, Hh^Fp, Gs^Fp, Gs^Fms, Gll^Fp, Gll^Fp, Gs^Fms, Ss, Ss, Ss, Ss, Wwg, Wwg, Gs^Fms, Ss, Gs^Fms, Gs^Fms, Ww^Ewl
