Ms^Xm, Ms^Xm, Ms^Xm, Ms^Xm, Ms^Xm, Ms^Xm, Ms, Ms, Ms, Ms, Ms, Wwr, Ms, Ms, Ms, Ms, Ms, Ms, Ms, Mm, Mm, Mm, Mm, Mm, Hh, Hh, Hh, Re, Hhd, Hh, Hh, Hhd
Ms^Xm, Ms^Xm, Ms^Xm, Ms^Xm, Ms^Xm, Ms, Ms, Ms, Mm, Mm, Mm, Wwr, Wog, Ms, Mm, Mm, Mm, Ms, Mm, Mm, Mm, Mm, Mm, Mm, Hh, Hh, Hh, Rd, Hhd, Hh, Mm, Mm
Ms, Ms^Xm, Ms^Xm, Ms, Ms, Ms, Wwr, Wwg^Es, Wwg^Es, Mm, Wwg, Wwg^Es, Wog, Wog, Wwr, Mm, Mm, Mm, Mm, Mm, Mm, Mm, Mm, Hhd, Hhd, Hhd, Rd, Rd, Hhd, Hh, Mm, Mm
Ms, Ms^Xm, Ms^Xm, Ms^Xm, Ms, Ms, Ms, Ms, Mm, Wwg^Es, Wog, Wog, Wog, Wog, Mm, Mm, Mm, Mm, Hh, Mm, Mm, Mm, Mm, Hhd, Hhd, Hhd, Rd, Hhd, Hhd^Vo, Hhd, Mm, Mm
Ms, Ms, Ms, Ms^Xm, Ms, Ms, Mm, Mm, Mm, Mm, Mm, Wwr, Wwg^Es, Wog, Wwr, Hh, Hh, Hh, Hh, Hh, Cer, Cer, Cer, Hhd, Hhd^Vo, Hhd, Re, Rb, Hhd, Hhd, Mm, Mm
Mm, Ms, Ms, Ms, Ms, Ms, Ms, Mm, Hh^Fp, Mm, Mm, Mm, Mm, Wwg^Es, Wwg^Es, Hh, Hh, Hh^Vo, Hh, Cer, Cer, 6 Cer^Kov, Cer, Hhd, Rb, Rb^Edb, Re, Hhd, Mm, Mm, Mm, Mm
Mm, Ms, Ms, Ms, Ms, Ms, Mm, Mm, Mm, Hh^Fp, Hh^Fp, Mm, Gll^Fp, Gll^Fp, Gll^Fp, Gll^Fp, Gll^Fp, Rb^Edb, Re^Edb, Hh, Cer, Cer, Cer, Re^Edb, Re^Edb, Re, Hhd, Hhd, Mm, Mm, Mm, Mm
Mm, Mm, Mm, Mm, Ms, Mm, Mm^Vhh, Mm, Mm, Hh^Fp, Gll^Fp, Gll^Fp, Gll^Fms, Gll^Ve, Gll^Fms, Gll^Fp, Re, Re^Edb, Re, Re^Edb, Rd, Rd, Re^Edb, Re^Edb, Rb^Edb, Hhd, Hhd, Hhd, Mm, Mm, Mm, Mm
Mm, Mm, Mm, Mm^Vhh, Mm, Mm, Mm, Mm, Hh, Mm, Hh, Gll^Fp, Hh^Fp, Gll^Fms, Gll^Fp, Gll^Fmw, Re, Hhd, Hhd, Hhd, Hhd, Hhd, Hhd, Hhd, Hhd, Hhd^Vo, Hhd, Hhd, Mm, Mm, Ms, Ms
Mm, Mm, Ms, Mm, Mm, Mm, Mm, Mm, Hh, Hh, Hh^Fp, Hh, Gll^Fp, Gll^Fp, Gll^Fp, Gll^Fp, Rd, Re, Hhd, Hhd, Mm, Mm, Mm, Mm, Mm, Mm, Mm, Mm, Mm, Mm, Ms, Ms
Ms, Ms, Mm, Mm, Mm, Mm, Mm, Mm, Mm, Hh, Hh, Hh^Fp, Gll^Ve, Gll^Fp, Gll^Fmw, Rd, Hhd, Hhd, Hhd^Vhhr, Hhd^Es, Hhd, Hhd, Hhd^Dr, Mm, Mm, Mm, Mm, Ms, Ms^Xm, Ms^Xm, Ms^Xm, Ms^Xm
Ms^Xm, Ms^Xm, Ms, Ms, Mm, Mm, Mm, Mm, Mm, Mm, Gll^Fp, Hh^Fp, Gll^Fms, Gll^Fp, Re, Rd, Hhd, Hhd^Es, Hhd^Es, Hhd^Dr, Hhd^Es, Mm, Mm, Mm, Mm, Ms, Ms, Ms^Xm, Ms, Ms^Xm, Ms, Ms^Xm
Ms, Ms^Xm, Mm, Mm, Mm, Mm, Mm, Hh, Hh, Hh, Hh^Fp, Gll^Fp, Gll^Fms, Gll^Fms, Gll^Fp, Re, Re, Rd^Es, Rd^Es, Hhd, Hhd, Mm, Mm, Mm, Ms, Ms, Mm, Ms, Mm, Ms, Mm, Ms
Ms, Ms, Mm, Mm, Mm, Mm, Mm, Mm, Mm, Hh, Hh, Gll^Fp, Gll^Fp, Gll^Fp, Gll^Ve, Gll^Fp, Gll^Fmw, Gll^Fp, Rd, Re, Mm, Mm, Mm^Vhh, Mm, Ms, Ms, Mm, Mm, Mm, Mm, Mm, Ms
Mm, Mm, Mm, Mm, Hh, Hh, Hh, Hh, Hh^Fp, Hh^Fp, Hh^Fp, Hh^Fp, Gll^Fms, Gll^Fms, Gll^Fp, Gll^Fp, Re, Re, Hhd, Mm, Mm, Mm, Mm, Mm, Mm, Ms, Ms, Mm, Mm, Mm, Mm, Mm
Mm, Mm, Mm, Mm, Hh^Fp, Hh^Fp, Gll^Fp, Hh^Fp, Gll^Fp, Hh^Fp, Gll^Fp, Gll^Fp, Gll^Fmw, Gll^Fms, Gll^Fp, Gll^Fp, Re, Hhd, Hhd, Mm, Mm, Mm, Mm, Mm, Mm, Ms, Wwr, Mm, Mm, Mm, Mm, Mm
Mm, Mm, Mm, Mm, Mm, Hh, Hh, Gll^Fp, Gll^Ve, Gll^Fms, Gll^Fp, Gll^Fp, Gll^Fp, Gll^Fp, Mm, Gd, Re^Es, Mm, Mm, Mm, Mm, Mm, Mm, Mm, Mm, Ww, Mm, Mm, Mm, Mm, Mm, Mm
Mm, Mm, Mm, Mm, Mm, Hh, Hh^Fp, Gll^Fp, Gll^Fp, Gll^Fp, Mm, Mm, Mm^Vhh, Mm, Mm, Gd^Dr, Re^Es, Gd, Gd, Hhd, Hhd^Vud, Hhd, Mm, Mm, Mm, Ww, Ww, Mm, Mm, Mm, Mm, Mm
Mm, Mm, Mm, Mm, Mm, Mm, Hh, Gll^Fp, Hh, Mm, Mm, Mm, Mm, Mm, Mm, Re^Es, Re, Gd^Es, Gd^Es, Hhd, Mm, Hhd, Mm, Mm, Mm, Mm, Ww, Hh^Fp, Mm, Mm, Ms, Ms
Mm, Mm, Mm, Mm, Mm, Hh, Mm, Hh, Hh, Mm, Hh, Wwr, Mm, Gd, Cfr, Gd, Cfr, Gd, Mm, Mm, Mm, Mm, Mm, Mm, Mm, Hhd, Ww, Hh^Fp, Mm, Mm, Ms, Ms
Mm, Mm, Hh^Fp, Mm, Mm, Mm, Mm, Mm, Mm, Hh, Ww, Ww^Es, Hhd, Gd, Cfr, 3 Kfr, Cfr, Ce^Vct, Gd^Dr, Mm, Hhd, Mm, Mm, Mm, Hhd, Ww^Es, Mm, Mm, Mm, Ms, Ms, Ms
Gll^Fp, Hh^Fp, Hh^Fmw, Hh^Fmw, Hh^Fp, Hh, Hh, Mm, Mm, Hh, Wwf, Hhd, Hhd, Gd, Ce, Ce^Ecf, Ce, Ce, Gd^Dr, Hhd, Mm, Mm, Hhd, Mm, Ww, Ww^Es, Mm, Mm, Mm, Ms, Ms, Ms
Gll^Fp, Gll^Fp, Hh^Fp, Hh^Fmw, Hh, Hh, Hh, Hh, Hh, Hh, Ww, Hhd, Mm, Mm, Gd^Es, Ce, Gd, Gd^Es, Hhd, Hhd^Vhhr, Hhd^Edt, Hhd, Hhd, Ww, Hh, Mm, Mm^Vhhr, Mm, Mm, Mm, Ms, Ms
Hh^Fp, Hh, Hh^Fp, Hh^Fmw, Hh^Fp, Hh, Hh^Vhhr, Hh^Edt, Ww^Es, Ww, Hhd, Hhd, Hhd, Mm, Hhd, Re, Re, Gd, Hhd, Hhd, Ww^Es, Hhd, Ww^Es, Ww, Hh, Hh^Edt, Hh^Edt, Mm, Mm, Ms, Mm, Mm
Hh^Fp, Hh, Hh, Hh, Hh, Hh, Hh, Hh^Edt, Hh, Ww, Hhd, Hhd, Hhd, Hhd, Hhd^Vud, Hhd, Hhd, Re^Dr, Hhd, Ww, Hh, Ww^Es, Hh, Hh, Mm, Mm, Mm, Mm, Mm, Mm, Mm, Mm
Mm, Hh, Hh, Mm, Mm, Mm, Hh, Hh, Hh, Wwf, Ww, Hhd, Ww^Es, Hhd, Hhd, Hhd, Hhd, Re^Edt, Ww^Bw\r, Ww, Hh, Hh, Hh^Vhhr, Mm, Mm, Mm, Mm, Mm, Mm, Mm, Hh, Mm
Mm, Mm, Mm, Cer, Cer, Mm, Mm, Hh, Hh^Vhhr, Hh, Hh, Ww, Ww, Hhd, Ww^Es, Hhd, Re, Re, Ww, Ww^Es, Hh, Hh, Hh^Edt, Hh, Hh^Es, Mm, Cte, Mm, Cte, Hh^Es, Hh, Hh
Mm, Mm, Mm, Cer, 5 Cer^Kov, Cer, Hh, Hh, Hh, Hh^Edt, Hh, Ww^Es, Hh, Ww, Ww^Bw|r, Ww, Ww, Ww, Hh, Hh, Hh^Fp, Hh, Hh, Hh^Es, Cte, Cte, 4 Kte, Cte, Hh, Mm, Mm, Mm
Hh, Mm, Hh, Cer, Cer, Cer, Cer, Hh, Hh, Hh^Fp, Hh^Fp, Hh, Gll^Fmw, Ww^Ewl, Re^Edt, Ww, Wwr, Hh, Mm, Mm, Mm, Mm, Mm, Mm, Hh^Es, Cte, Cte, Cte, Hh^Es, Mm, Hh^Vhhr, Mm
Mm, Hh, Hh^Edt, Hh, Mm, Hh, Mm, Hh, Mm, Hh^Fp, Hh^Fp, Gll^Fp, Gll^Fms, Gg^Ve, Re, Gll, Ww^Es, Hh, Hh, Hh^Vhhr, Mm, Mm, Mm, Mm, Mm, Mm, Mm, Hh^Es, Hh^Es, Hh^Edt, Hh^Edt, Hh
Mm, Mm, Mm, Mm^Vhhr, Mm^Edt, Mm, Mm, Mm, Mm, Mm, Gll^Fp, Gll^Fmw, Gll^Fmw, Gll^Fmw, Re, Gll, Gll, Ww, Ww, Hh^Edt, Hh, Hh^Fmw, Hh^Fp, Hh, Hh, Hh, Hh, Mm, Hh, Mm, Mm, Hh
Mm, Mm, Mm, Mm, Mm, Mm, Mm, Mm, Gll^Fmw, Gll^Fp, Gll^Fmw, Gll^Fp, Gll^Em, Gll^Fmw, Gll^Fp, Re, Gll, Gll, Ww^Es, Hh, Hh, Hh, Mm, Mm, Mm, Hh, Mm, Hh^Vhhr, Mm, Mm, Mm, Mm
Ms, Mm, Ms^Vhha, Ms, Mm, Mm, Mm, Gll^Fmw, Gll^Fmw, Gll^Ve, Gll^Efm, Gll^Fms, Gll^Fms, Gll^Fmw, Gll^Em, Re, Re, Gll, Gll, Wwr, Ww^Es, Ww, Ww, Mm, Mm, Mm, Mm, Mm, Mm, Mm, Mm, Mm
Ms^Xm, Ms, Ms, Mm, Mm, Mm, Hh^Fp, Mm, Mm, Gll^Fp, Gll^Fp, Gll^Fp, Gll^Feth, Gll^Fmw, Gll^Fp, Gll^Fp, Gll^Fmw, Re, Gll^Fp, Gll, Gll^Fp, Gll^Fp, Gll^Fmw, Ww, Ww, Hh^Fp, Hh^Fmw, Mm, Hh^Vhhr, Mm, Mm, Mm
Ms^Xm, Ms^Xm, Ms, Ms, Mm^Vhhr, Mm, Hh^Fp, Gs^Fp, Gll^Fp, Gll^Fp, Mm, Gll^Fmw, Gll^Fp, Gll^Fmw, Gll^Fmw, Gll^Fp, Gll^Fmw, Re, Re, Gll^Fp, Gll^Efm, Gll^Fmw, Gll^Fp, Gll^Fp, Ww^Es, Hh, Hh, Hh^Edt, Hh^Edt, Mm, Mm, Mm
Ms^Xm, Ms^Xm, Ms, Ms, Mm^Edt, Mm, Gll^Fp, Gs^Es, Gll^Fp, Mm, Mm, Mm, Hh, Gll^Fp, Gg^Ve, Gll^Fmw, Gll^Fmw, Gll^Fmw, Re, Gll^Fmw, Gll^Fmw, Gll^Fp, Gll^Fmw, Gll^Fp, Gll^Fmw, Wwr, Hh^Fmw, Mm, Mm, Hh, Hh, Mm
Ms, Ms, Ms, Mm, Mm, Hh^Fp, Hh^Fp, Gll^Fp, Gg^Ve, Gll^Fp, Hh^Fp, Mm, Hh^Fp, Gll^Fp, Gll^Fp, Gll^Fp, Gll^Fp, Gll^Fp, Re, Gll^Fp, Gll^Fp, Gg^Ve, Gll^Fmw, Gll^Fmw, Gll^Fmw, Ww^Es, Hh, Mm, Hh^Vhhr, Hh, Hh, Hh
Mm, Mm, Mm, Mm, Mm, Mm, Hh, Hh, Hh^Fp, Gll^Fp, Gll^Fmw, Hh^Fp, Gll^Fmw, Gll^Fp, Gll^Fp, Gll^Fmw, Gll^Fp, Re, Gll^Fms, Gll^Fp, Gll^Fp, Gll^Fp, Gll^Es, Gll^Fp, Gll^Fp, Ww, Ww, Hh, Hh^Edt, Mm, Mm, Mm
Mm, Mm, Mm, Mm, Mm, Mm, Hh, Hh^Fp, Hh^Fp, Gll^Fmw, Gll^Fp, Ce, Ce, Ce, 1 Ke, Gll^Fp, Re, Re, 2 Ke, Ce, Ce, Ce, Gll^Fp, Gll^Fmw, Gll^Fmw, Gg^Ve, Ww, Hh, Hh^Fmw, Mm, Mm, Mm
Mm, Mm, Mm, Mm, Mm, Mm, Mm, Mm, Mm, Gll^Fp, Gll^Fp, Ce, Gll^Fp, Ce, Gll^Fmw, Gll^Fmw, Re, Gll^Fp, Gll^Fp, Ce, Gll^Fp, Ce, Gll^Fp, Gll^Efm, Gll^Fmw, Gll^Fp, Ww^Es, Hh^Fp, Hh^Fp, Hh^Fmw, Mm, Mm
Mm, Mm, Mm, Mm, Hh, Hh, Hh, Hh, Hh^Fp, Gll^Fp, Gll^Fmw, Gll^Fmw, Gll^Fms, Gll^Fp, Gll^Fp, Gll^Fmw, Re, Gll^Fmw, Gll^Fp, Gll^Em, Gll^Fp, Gll^Fp, Gll^Fmw, Gll^Fms, Gll^Fmw, Ww, Hh, Hh, Mm, Mm, Mm, Mm
Mm, Mm, Mm, Mm, Mm, Hh, Hh, Hh, Hh^Fp, Hh^Fp, Hh, Gll^Fmw, Gll^Fp, Gll^Fmw, Gll^Fp, Re, Gll^Fp, Gll^Fmw, Gs^Fms, Gll^Fp, Gs^Fms, Gll^Fp, Gs^Fms, Gll^Fp, Gs^Fms, Ww, Hh, Hh^Fmw, Mm, Mm, Mm, Mm
