Rp, Gs^Fp, Gs^Fp, Gs^Fp, Gs^Fp, Gs^Fp, Gs^Fp, Hh^Fp, Ce, Ce, Ce, Hh^Fp, Hh^Fp, Hh^Fp, Hh^Fp, Hh^Fp, Hh^Fp, Hh^Fp, Hh^Fp, Hh^Fp, Hh^Fp, Gs^Fp, Gs^Fp, Gs^Fp, Hh^Fp, Hh^Fp, Hh^Fp, Hh, Mm, Mm, Mm, Mm, Mm, Mm, Wwr, Wwr, Gll^Fp
Gs^Fp, Rp, Rp, Gs^Fp, Gs^Fp, Gs^Fp, Gs^Fp, Hh^Fp, Ce, 3 Ke, Ce, Gs^Fp, Gs^Ve, Gs^Fp, Hh, Hh^Fp, Hh, Hh^Fp, Gs^Fp, Gs^Fp, Gs^Fp, Gs^Fp, Gs^Fp, Gs^Fp, Hh, Hh, Mm, Mm, Mm, Mm, Mm, Mm, Mm, Wwr, Wwr, Mm, Mm
Gs^Fp, Gs^Fp, Gs^Fp, Rp, Gs^Fp, Gs^Fp, Gs^Fp, Gs^Fp, Gs^Fp, Ce, Gs^Fp, Gs^Fp, Gs^Fp, Gs^Fp, Hh, Hh, Hh^Fp, Gs^Fp, Hh^Fp, Gs^Fp, Gs^Fp, Gs^Fp, Gs^Fp, Hh, Hh^Fp, Hh, Hh, Mm, Hh^Fp, Mm, Hh, Wwr, Wwr, Wwr, Wwr, Mm, Mm
Gs^Fp, Gs^Fp, Gs^Fp, Rp, Rp, Gs^Fp, Gs^Ve, Gs^Fp, Gs^Fp, Gs^Fp, Hh^Fp, Gs^Fp, Hh^Fp, Hh^Fp, Hh^Fp, Hh^Fp, Hh^Fp, Hh, Gs^Fp, Gs^Fp, Gs^Fp, Gs^Fp, Gd^Fet, Gs^Fp, Hh^Ve, Hh, Hh, Hh^Fp, Hh, Hh, Hh, Wwr, Mm, Mm, Mm, Mm, Mm
Hh, Gs^Fp, Hh, Gs^Fp, Gs^Fp, Rp, Re, Rp, Rp, Gs^Fp, Gs^Fp, Hh, Hh, Gs^Fp, Gs^Fp, Hh^Fp, Hh^Fp, Hh^Fp, Hh^Fp, Gs^Fp, Gs^Fp, Gs^Fp, Gs^Fp, Gs^Fp, Hh^Fp, Hh^Fp, Mm, Mm, Hh^Fp, Wwr, Wwr, Wwr, Wwr, Mm, Mm, Mm, Mm
Mm, Hh, Hh, Hh, Gs^Fp, Gs^Fp, Gs^Fp, Gs^Fp, Gs^Fp, Rp, Rp, Gs^Fp, Gs^Fp, Gs^Fp, Gs^Fp, Gs^Fp, Gs^Fp, Hh, Hh, Hh^Fp, Hh^Fp, Gs^Fp, Gs^Fp, Hh^Fp, Mm, Mm, Mm, Mm, Mm, Hh, Wwr, Hh, Hh, Mm, Hh^Vea, Mm, Mm
Mm, Mm, Hh, Hh, Hh, Hh^Fp, Hh^Fp, Gs^Fp, Gs^Fp, Gs^Fp, Gs^Fp, Re, Gs^Fp, Gs^Fp, Gs^Fp, Gs^Fp, Gd^Fet, Gs^Fp, Gs^Fp, Hh^Fp, Gs^Fp, Gs^Fp, Gs^Fp, Gs^Fp, Mm, Mm, Mm, Mm, Ww, Wwr, Hh, Hh, Gd^Fp, Hh, Mm, Mm, Mm
Mm, Mm, Ww, Hh, Hh, Hh, Hh^Fp, Hh^Fp, Hh^Fp, Gs^Fp, Gs^Fp, Re, Gs^Fp, Gs^Ve, Gs^Fp, Gs^Fp, Gs^Fp, Gs^Fp, Gs^Fp, Hh^Fp, Gs^Fp, Gs^Fp, Hh, Hh, Gs^Fp, Hh, Gs^Fp, Ww, Hh, Hh, Gd^Fp, Gd^Fp, Gd^Fp, Mm, Mm, Mm, Mm
Hh, Hh, Ww, Hh^Fp, Hh^Fp, Hh^Fp, Hh^Fp, Hh^Fp, Gs^Fp, Gs^Fp, Gs^Fp, Re, Rp, Gs^Fp, Gs^Fp, Gs^Fp, Gs^Fp, Gs^Fp, Gs^Fp, Gs^Fp, Gs^Fp, Gs^Fp, Gs^Ve, Gs^Fp, Gs, Gs^Fp, Wwf, Ww, Gd^Fp, Gd^Fp, Gd^Fp, Gd^Fp, Gd^Fp, Mm, Hh^Fp, Mm, Mm
Hh^Fp, Hh, Hh^Fp, Ww, Ww, Gs^Es, Gs, Hh^Fp, Hh^Fp, Gs^Fp, Gs^Fp, Gs^Fp, Gs^Fp, Rp, Rp, Rp, Rp, Gs^Fp, Gs^Fp, Gs^Fp, Gs^Fp, Gs^Fp, Gs^Fp, Gs^Efm, Ww, Wwf, Gs, Gd^Fp, Gd^Fp, Gd^Fp, Gd^Fp, Gd^Fp, Gd^Fp, Hh^Fp, Hh, Mm, Hh
Gs^Fp, Hh^Fp, Hh^Fp, Ww, Ww, Gs, Gs, Hh^Fp, Gs^Fp, Gs^Fp, Gs^Ve, Gs^Fp, Gs^Fp, Gs^Fp, Gs^Fp, Gs^Fp, Gs^Fp, Rp, Rp, Gs, Gs^Fp, Gs^Fp, Ww, Ww, Gd^Fp, Gs, Gd^Fp, Gd^Fp, Gd^Fp, Gd^Fp, Mm, Mm, Mm, Hh^Fp, Hh, Hh, Hh
Gs^Fp, Gs^Fp, Gs^Fp, Hh^Fp, Gs, Ww, Gs^Es, Gs, Gs^Fp, Gs^Fp, Gs^Fp, Gs^Fp, Gs^Fp, Gs^Fp, Gs^Fp, Gs^Fp, Gs^Fp, Gs^Fp, Rp, Gs^Fp, Gs^Fp, Ww, Gd^Fp, Gd^Fp, Gd^Fp, Gs^Es, Gd^Fp, Gd^Fp, Hh, Gd^Fp, Mm, Mm, Mm, Hh, Hh, Hh^Fp, Hh
Gs^Fp, Gs^Fp, Gs^Fp, Gs^Fp, Gs^Fp, Gs, Gs^Fp, Gs, Gs, Gs^Fp, Gs^Fp, Gs^Fp, Gs^Fp, Gs^Fp, Gs^Fp, Gs^Ve, Gs^Fp, Gs^Fp, Rp, Gs^Fp, Gs^Fp, Ww, Gd^Fp, Gd^Fet, Gd^Fp, Gd^Fp, Hh^Fp, Hh^Fp, Hh, Mm, Mm, Mm, Hh^Ve, Hh^Fp, Hh, Hh, Hh
Gs^Fp, Gs^Fp, Gs^Fp, Gd^Fet, Gs^Fp, Gs^Fp, Gs^Fp, Gs^Fp, Gs^Fp, Gs^Fp, Gs^Fp, Gs^Fp, Gs^Fp, Gs^Fp, Gs^Fp, Gs^Fp, Ww, Gs, Ww^Bsb|, Ww, Ww, Ww, Gd^Fp, Gd^Fp, Ww, Gd^Fp, Ww, Wwr, Wwr, Mm, Hh, Hh, Hh, Hh, Hh^Fp, Hh^Fp, Hh
Gs^Fp, Gs^Fp, Gs^Fp, Gs^Fp, Gs^Fp, Gs^Fp, Gs^Fp, Gs^Fp, Gs^Fp, Gs^Ve, Gs^Fp, Gs^Fp, Gs^Fp, Gs^Fp, Gs^Fp, Ww, Ww, Ww, Ww^Bsb|, Ww, Ww, Gd^Fp, Ww, Ww, Gd^Fp, Wwf, Gd^Fp, Gd^Fp, Gd^Fp, Hh, Hh, Hh^Fp, Gd^Fp, Wwr, Wwr, Hh, Hh
Gs^Fp, Gs^Fp, Gs^Fp, Gs^Ve, Gs^Fp, Gs^Fp, Gs^Fp, Gs^Fp, Gs^Fp, Gs^Fp, Gs^Fp, Gs^Fp, Ww, Gs^Fp, Ww, Ww, Gs, Cv^Fet, 2 Kv, Cv^Fet, Ww, Ww, Gd^Fp, Gd^Fp, Gs, Hh, Gd^Fp, Gd^Fp, Gd^Fp, Hh, Gd^Fp, Gd^Fp, Ww, Ww, Gd^Fp, Hh, Gd^Fp
Ce, Ce, Ce, Gs^Fp, Gs^Fp, Gs^Fp, Gs^Fp, Gs^Fp, Gs^Fp, Gs^Fp, Gs^Fp, Gs^Fp, Ww, Ww, Cv^Fet, Cv, Gg^Ve, Cv, Cv, Cv, Ww, Ww, Wwr, Gs, Hh, Hh, Hh, Gd^Fp, Gd^Fp, Gd^Fp, Gd^Fp, Gd^Fp, Ww, Gd^Fp, Gd^Fp, Gd^Fp, Hh
Ce, 4 Ke, Ce, Gs^Fp, Gs^Fp, Gs^Fp, Gs^Fp, Gs^Fp, Gs^Ve, Gs^Fp, Gs^Fp, Wwr, Ww, Ww, Ww, Cv, Cv, Gs, Gg^Ve, Cv, Cv^Fet, Ww, Gd^Fp, Gd^Fp, Hh, Hh^Ve, Gd^Fp, Gd^Fp, Gd^Fp, Gs^Es, Wwf, Ww, Gd^Fp, Gd^Fp, Gd^Fp, Hh, Hh
Gs^Fp, Ce, Gs^Fp, Gs^Fp, Gs^Fp, Gs^Fp, Gs^Fp, Gs^Fp, Gs^Fp, Gs^Fp, Gs^Fp, Gs^Fp, Wwr, Ww, Ww, Cv, 1 Kv, Cv, Gs, Cv, Ww, Ww, Ww, Gd^Fp, Gd^Fp, Gd^Fp, Gd^Fp, Gd^Fp, Gd^Fp, Ww, Gd^Fp, Gd^Fp, Gd^Fet, Gd^Fp, Hh, Hh, Gd^Fp
Gs^Fp, Gs^Fp, Gs^Fp, Gs^Fp, Gs^Fp, Gs^Fp, Gs^Fp, Gs^Fp, Gs^Fp, Gs^Fp, Gs^Fp, Gs^Fp, Gs^Fp, Gs^Fp, Ww, Cv^Fet, Ww^Bsb|, Cv^Fet, Ww, Ww, Gs^Fp, Gs^Fp, Gs^Fp, Ww, Ww, Ww, Ww, Ww, Ww, Ww, Ww, Gd^Fp, Gd^Fp, Gd^Fp, Gd^Fp, Gd^Fp, Gd^Fp
Gs^Fp, Gs^Fp, Gs^Fp, Gs^Ve, Gs^Fp, Gs^Fp, Gs^Efm, Gs^Fp, Gs^Fp, Gs^Fp, Gs^Fp, Gd^Fet, Gs^Fp, Gs^Fp, Ww, Ww, Ww^Bsb|, Ww, Ww, Wwr, Gs^Fp, Gll^Fp, Gs^Fp, Gs^Fp, Gs^Fp, Gs^Fp, Gs^Fp, Gs^Fp, Gs^Fp, Gs^Fp, Gs^Fp, Ww, Gd^Fp, Gd^Fp, Gs, Gd^Fp, Gs
Gs^Fp, Gs^Fp, Gs^Fp, Gs^Fp, Gs^Fp, Gs^Fp, Gs, Gs, Ww, Ww, Ww, Gs^Fp, Ww, Ww, Gs^Fp, Gs^Fp, Rp, Ww, Gs^Fp, Gs^Fp, Gs^Fp, Gs^Fp, Gll^Fp, Gll^Fp, Gll^Fp, Gll^Fp, Gll^Fp, Gs^Fp, Gs^Fp, Gs^Fp, Gs, Ww, Gs, Gs, Gd^Fp, Gs, Gd^Fp
Gs^Fp, Gs^Fp, Gs^Fp, Gs^Fp, Ww, Gs^Fp, Ww, Ww^Bw\, Gs, Gs^Fp, Gs^Fp, Ww, Gs^Fp, Gs^Fp, Gs^Fp, Gs^Fp, Rp, Gs^Fp, Gs^Fp, Gs^Fp, Gll^Fp, Gll^Fp, Gll^Fp, Gll^Fp, Ss, Gs^Em, Gll^Fp, Gll^Ve, Gll^Fp, Gs^Fp, Gs, Ww^Bw/, Ww, Gd^Fp, Gd^Fp, Gd^Fp, Gd^Fp
Gs^Fp, Gs^Fp, Ww, Ww, Gs^Fp, Ww, Gs^Fp, Gs^Fp, Gs, Gs, Gs^Fp, Gs^Fp, Gs^Fp, Gs^Fp, Gs^Fp, Gs^Fp, Re, Gs^Fp, Gll^Fp, Gll^Tf, Gll^Fp, Gll^Fp, Ss, Ss, Ss, Gs, Gll^Fp, Gll^Fp, Gll^Fp, Gll^Fp, Gll^Fp, Gll^Fp, Gll^Fp, Ww, Ww, Ww, Ww
Gs^Fp, Ww, Gs^Fp, Gs^Fp, Gs^Fp, Gs^Fp, Gs^Fp, Gs^Fp, Gs, Gs^Fp, Gs^Fp, Gs^Fp, Gs^Fp, Gs^Fp, Gs^Fp, Gs^Fp, Rp, Gs^Fp, Gll^Fp, Gll^Fp, Gll^Fp, Gll^Fp, Gll^Fp, Ss, Gll^Fp, Ss, Gll^Fmw, Gll^Fp, Gs, Gll^Fp, Ss, Gll^Fp, Gll^Fp, Gll^Fp, Gll^Fp, Gll^Fp, Gll^Fp
Ww, Ww, Gs^Fp, Gs^Fp, Gs^Fp, Gs^Fp, Gs^Fp, Gs, Gs^Fp, Gs^Fp, Gs^Fp, Gs^Ve, Gs^Fp, Gs^Fp, Rp, Rp, Gll^Fp, Ss, Ss, Ss, Ss, Gll^Fp, Gll^Fp, Gll^Fp, Gll^Ve, Gll^Fp, Gll^Fmw, Gs, Ss, Ss, Ss, Gll^Fp, Gll^Fp, Gll^Fp, Gll^Ve, Gll^Fp, Gll^Fp
Gs^Fp, Gs^Fp, Gs^Fp, Gs^Fp, Gs^Ve, Gs^Fp, Gs^Fp, Gs^Fp, Gs^Fp, Gs^Fp, Gs^Fp, Gs^Fp, Gs^Fp, Gs^Fp, Rp, Gll^Fp, Gll^Fp, Ss, Gll^Fp, Ss, Gs, Gs, Gll^Fp, Gll^Fp, Gll^Fp, Gll^Fmw, Gll^Fmw, Gll^Fp, Gll^Fmw, Gll^Fmw, Gll^Fmw, Gll^Fmw, Gll^Fp, Gll^Fp, Gll^Fp, Gll^Fp, Gll^Fp
Gs^Fp, Gs^Fp, Gs^Fp, Gs^Fp, Gs^Fp, Gs^Fp, Gs^Fp, Gs^Fp, Gs^Fp, Gs^Fp, Gs^Fp, Gs^Fp, Re, Re, Gll^Fp, Gs, Gs, Gll^Fp, Gll^Fp, Gs, Gll^Fp, Ss, Ss, Ss, Ss, Ss, Gs, Gll^Fmw, Gll^Fp, Gll^Fmw, Ss, Gll^Fmw, Ss, Ss, Gll^Fp, Gll^Fp, Gll^Fp
Gs^Fp, Gs^Fp, Gs^Fp, Gs^Fp, Gs^Fp, Gs^Fp, Gs^Fp, Gs^Fp, Gs^Fp, Gs^Fp, Rp, Re, Gll^Fp, Gll^Fp, Ss, Gll^Fp, Gll^Fp, Gll^Fp, Gll^Fp, Gll^Fp, Ss, Ss, Gs, Ss, Gll^Fp, Gs, Gll^Fmw, Gll^Fmw, Gs^Em, Ss, Ss, Ss, Gll^Fp, Gll^Fp, Gll^Fp, Gll^Fp, Gll^Fp
Gs^Fp, Gs^Fp, Gs^Fp, Gs^Fp, Gs^Fp, Gs^Fp, Gs^Fp, Gs^Fp, Gs^Fp, Gs^Fp, Rp, Gll^Fp, Gll^Fp, Ss, Gll^Fp, Gll^Fp, Gll^Fp, Gd^Fet, Gll^Fp, Ss, Gll^Fp, Gll^Fp, Gll^Fp, Gll^Tf, Gll^Fp, Gll^Fmw, Gll^Fp, Gll^Fp, Gs, Ss, Gll^Fp, Ss, Gll^Fmw, Gll^Fmw, Gll^Fp, Gll^Fp, Gll^Fp
Gs^Fp, Gs^Ve, Gs^Fp, Gs^Fp, Gs^Fp, Gs^Fp, Gs^Fp, Gs^Fp, Gs^Fp, Rp, Gll^Fp, Gll^Fp, Gll^Fp, Gs^Em, Gll^Fmw, Gll^Fmw, Gll^Fp, Gll^Fp, Gll^Fp, Gll^Fp, Gll^Fp, Gll^Fp, Ss, Gll^Fp, Gll^Fp, Gll^Fp, Gll^Fp, Gll^Ve, Gll^Fp, Gs, Gll^Fmw, Gll^Fmw, Gll^Fmw, Gll^Fmw, Ce, Ce, Ce
Gs^Fp, Gs^Fp, Gs^Fp, Gs^Fp, Gs^Fp, Gs^Fp, Gs^Fp, Gd^Fet, Gs^Fp, Rp, Gll^Fp, Gll^Fp, Gll^Ve, Gll^Fp, Gll^Fp, Ss, Ss, Gll^Fp, Gll^Fp, Gll^Ve, Ss, Gll^Fp, Gll^Fp, Ss, Ss, Ss, Gll^Fmw, Gll^Fp, Gll^Fp, Gs, Gll^Fmw, Gll^Fmw, Gll^Fmw, Gll^Fmw, Ce, 6 Ke, Ce
Gs^Fp, Gs^Fp, Gs^Fp, Gs^Fp, Gs^Fp, Gs^Fp, Gs^Fp, Gs^Fp, Rp, Rp, Gll^Fp, Gll^Fp, Gll^Fp, Gll^Fp, Gll^Fp, Ss, Gll^Fp, Gll^Fp, Gll^Fp, Ss, Gll^Fp, Gll^Fp, Ss, Ss, Ss, Gll^Fp, Ss, Gll^Fp, Gll^Fp, Gll^Fmw, Gll^Fmw, Gll^Fp, Gll^Fmw, Gll^Fmw, Gll^Fmw, Ce, Gll^Fmw
Gs^Fp, Gs^Fp, Gs^Fp, Gs^Fp, Gs^Ve, Gs^Fp, Gs^Fp, Gs^Fp, Rp, Gll^Fp, Gll^Fp, Gll^Fp, Gll^Fp, Gll^Fp, Gll^Fp, Gll^Fp, Gll^Fmw, Gll^Fp, Gll^Fp, Gll^Fp, Gll^Fp, Gll^Fp, Gll^Fp, Gll^Fp, Gll^Fp, Gll^Fp, Gll^Fp, Gll^Fp, Gll^Fmw, Gll^Fmw, Gll^Fp, Gll^Fp, Gll^Ve, Gll^Fp, Gll^Fp, Gll^Fmw, Gll^Fp
Gs^Fp, Gs^Fp, Gs^Fp, Gs^Fp, Gs^Fp, Gs^Fp, Gs^Fp, Gs^Fp, Re, Gll^Fp, Ce, Gll^Fp, Gll^Fp, Gll^Fp, Gll^Fmw, Gll^Fmw, Gll^Fp, Gll^Tf, Gll^Fmw, Gll^Fp, Gll^Fp, Gll^Fp, Gll^Fp, Gll^Fp, Gll^Fp, Gll^Fp, Gll^Fmw, Gll^Fp, Gll^Fmw, Gll^Fp, Gll^Fp, Gll^Fp, Gll^Fp, Gll^Fp, Gll^Fp, Gll^Fp, Gll^Fp
Gs^Fp, Gs^Fp, Gs^Fp, Gs^Fp, Gs^Fp, Gs^Fp, Gs^Fp, Gs^Fp, Re, Ce, 5 Ke, Ce, Gll^Fp, Gll^Fp, Gll^Fp, Gll^Fmw, Gll^Fmw, Gll^Fmw, Gll^Fmw, Gll^Fp, Gll^Fp, Gll^Ve, Gll^Fp, Gll^Fp, Gll^Fmw, Gll^Fmw, Gll^Fmw, Gll^Fmw, Gll^Fmw, Gll^Fp, Gll^Fmw, Gll^Fp, Gll^Fp, Gll^Fp, Gll^Fmw, Gll^Fmw, Gll^Fp
Gs^Fp, Gs^Fp, Gs^Fp, Gs^Fp, Gs^Fp, Gs^Fp, Gs^Fp, Gs^Fp, Re, Ce, Ce, Ce, Gll^Fp, Gll^Fp, Gll^Fp, Gll^Fmw, Gll^Fp, Gll^Fp, Gll^Fp, Gll^Fp, Gll^Fp, Gll^Fp, Gll^Fp, Gll^Fp, Gll^Fmw, Gll^Fmw, Gll^Fmw, Gll^Fmw, Gll^Fmw, Gll^Fmw, Gll^Fmw, Gll^Fmw, Gll^Fmw, Gll^Fmw, Gll^Fmw, Gll^Fmw, Gll^Fp
